Archive member included to satisfy reference by file (symbol)

/usr/lib/gcc/arm-none-eabi/10.3.1/../../../arm-none-eabi/lib/thumb/v7e-m+dp/hard/libstdc++.a(del_ops.o)
                              build/main.o (operator delete(void*, unsigned int))
/usr/lib/gcc/arm-none-eabi/10.3.1/../../../arm-none-eabi/lib/thumb/v7e-m+dp/hard/libstdc++.a(eh_arm.o)
                              build/main.o (__cxa_end_cleanup)
/usr/lib/gcc/arm-none-eabi/10.3.1/../../../arm-none-eabi/lib/thumb/v7e-m+dp/hard/libstdc++.a(eh_exception.o)
                              /usr/lib/gcc/arm-none-eabi/10.3.1/../../../arm-none-eabi/lib/thumb/v7e-m+dp/hard/libstdc++.a(eh_arm.o) (typeinfo for __cxxabiv1::__forced_unwind)
/usr/lib/gcc/arm-none-eabi/10.3.1/../../../arm-none-eabi/lib/thumb/v7e-m+dp/hard/libstdc++.a(eh_globals.o)
                              /usr/lib/gcc/arm-none-eabi/10.3.1/../../../arm-none-eabi/lib/thumb/v7e-m+dp/hard/libstdc++.a(eh_arm.o) (__cxa_get_globals)
/usr/lib/gcc/arm-none-eabi/10.3.1/../../../arm-none-eabi/lib/thumb/v7e-m+dp/hard/libstdc++.a(eh_personality.o)
                              build/main.o (__gxx_personality_v0)
/usr/lib/gcc/arm-none-eabi/10.3.1/../../../arm-none-eabi/lib/thumb/v7e-m+dp/hard/libstdc++.a(eh_terminate.o)
                              /usr/lib/gcc/arm-none-eabi/10.3.1/../../../arm-none-eabi/lib/thumb/v7e-m+dp/hard/libstdc++.a(eh_arm.o) (std::terminate())
/usr/lib/gcc/arm-none-eabi/10.3.1/../../../arm-none-eabi/lib/thumb/v7e-m+dp/hard/libstdc++.a(eh_unex_handler.o)
                              /usr/lib/gcc/arm-none-eabi/10.3.1/../../../arm-none-eabi/lib/thumb/v7e-m+dp/hard/libstdc++.a(eh_terminate.o) (__cxxabiv1::__unexpected_handler)
/usr/lib/gcc/arm-none-eabi/10.3.1/../../../arm-none-eabi/lib/thumb/v7e-m+dp/hard/libstdc++.a(new_op.o)
                              build/main.o (operator new(unsigned int))
/usr/lib/gcc/arm-none-eabi/10.3.1/../../../arm-none-eabi/lib/thumb/v7e-m+dp/hard/libstdc++.a(pure.o)
                              /usr/lib/gcc/arm-none-eabi/10.3.1/../../../arm-none-eabi/lib/thumb/v7e-m+dp/hard/libstdc++.a(eh_exception.o) (__cxa_pure_virtual)
/usr/lib/gcc/arm-none-eabi/10.3.1/../../../arm-none-eabi/lib/thumb/v7e-m+dp/hard/libstdc++.a(si_class_type_info.o)
                              /usr/lib/gcc/arm-none-eabi/10.3.1/../../../arm-none-eabi/lib/thumb/v7e-m+dp/hard/libstdc++.a(eh_exception.o) (vtable for __cxxabiv1::__si_class_type_info)
/usr/lib/gcc/arm-none-eabi/10.3.1/../../../arm-none-eabi/lib/thumb/v7e-m+dp/hard/libstdc++.a(tinfo.o)
                              /usr/lib/gcc/arm-none-eabi/10.3.1/../../../arm-none-eabi/lib/thumb/v7e-m+dp/hard/libstdc++.a(si_class_type_info.o) (std::type_info::__is_pointer_p() const)
/usr/lib/gcc/arm-none-eabi/10.3.1/../../../arm-none-eabi/lib/thumb/v7e-m+dp/hard/libstdc++.a(bad_alloc.o)
                              /usr/lib/gcc/arm-none-eabi/10.3.1/../../../arm-none-eabi/lib/thumb/v7e-m+dp/hard/libstdc++.a(new_op.o) (std::bad_alloc::~bad_alloc())
/usr/lib/gcc/arm-none-eabi/10.3.1/../../../arm-none-eabi/lib/thumb/v7e-m+dp/hard/libstdc++.a(class_type_info.o)
                              /usr/lib/gcc/arm-none-eabi/10.3.1/../../../arm-none-eabi/lib/thumb/v7e-m+dp/hard/libstdc++.a(si_class_type_info.o) (__cxxabiv1::__class_type_info::__do_upcast(__cxxabiv1::__class_type_info const*, void**) const)
/usr/lib/gcc/arm-none-eabi/10.3.1/../../../arm-none-eabi/lib/thumb/v7e-m+dp/hard/libstdc++.a(del_op.o)
                              /usr/lib/gcc/arm-none-eabi/10.3.1/../../../arm-none-eabi/lib/thumb/v7e-m+dp/hard/libstdc++.a(del_ops.o) (operator delete(void*))
/usr/lib/gcc/arm-none-eabi/10.3.1/../../../arm-none-eabi/lib/thumb/v7e-m+dp/hard/libstdc++.a(eh_alloc.o)
                              /usr/lib/gcc/arm-none-eabi/10.3.1/../../../arm-none-eabi/lib/thumb/v7e-m+dp/hard/libstdc++.a(new_op.o) (__cxa_allocate_exception)
/usr/lib/gcc/arm-none-eabi/10.3.1/../../../arm-none-eabi/lib/thumb/v7e-m+dp/hard/libstdc++.a(eh_call.o)
                              /usr/lib/gcc/arm-none-eabi/10.3.1/../../../arm-none-eabi/lib/thumb/v7e-m+dp/hard/libstdc++.a(eh_personality.o) (__cxa_call_terminate)
/usr/lib/gcc/arm-none-eabi/10.3.1/../../../arm-none-eabi/lib/thumb/v7e-m+dp/hard/libstdc++.a(eh_catch.o)
                              /usr/lib/gcc/arm-none-eabi/10.3.1/../../../arm-none-eabi/lib/thumb/v7e-m+dp/hard/libstdc++.a(eh_personality.o) (__cxa_begin_catch)
/usr/lib/gcc/arm-none-eabi/10.3.1/../../../arm-none-eabi/lib/thumb/v7e-m+dp/hard/libstdc++.a(eh_term_handler.o)
                              /usr/lib/gcc/arm-none-eabi/10.3.1/../../../arm-none-eabi/lib/thumb/v7e-m+dp/hard/libstdc++.a(eh_terminate.o) (__cxxabiv1::__terminate_handler)
/usr/lib/gcc/arm-none-eabi/10.3.1/../../../arm-none-eabi/lib/thumb/v7e-m+dp/hard/libstdc++.a(eh_throw.o)
                              /usr/lib/gcc/arm-none-eabi/10.3.1/../../../arm-none-eabi/lib/thumb/v7e-m+dp/hard/libstdc++.a(new_op.o) (__cxa_throw)
[...]
Memory Configuration

Name             Origin             Length             Attributes
DTCMRAM          0x0000000020000000 0x0000000000020000 xrw
RAM_D1           0x0000000024000000 0x0000000000050000 xrw
RAM_D2           0x0000000030000000 0x0000000000008000 xrw
RAM_D3           0x0000000038000000 0x0000000000004000 xrw
ITCMRAM          0x0000000000000000 0x0000000000010000 xrw
FLASH            0x0000000008000000 0x0000000000100000 xr
*default*        0x0000000000000000 0xffffffffffffffff

Linker script and memory map

LOAD /usr/lib/gcc/arm-none-eabi/10.3.1/thumb/v7e-m+dp/hard/crti.o
LOAD /usr/lib/gcc/arm-none-eabi/10.3.1/thumb/v7e-m+dp/hard/crtbegin.o
LOAD /usr/lib/gcc/arm-none-eabi/10.3.1/../../../arm-none-eabi/lib/thumb/v7e-m+dp/hard/crt0.o
LOAD build/freertos.o
LOAD build/stm32h7xx_it.o
LOAD build/stm32h7xx_hal_msp.o
LOAD build/stm32h7xx_hal_timebase_tim.o
LOAD build/stm32h7xx_hal_cortex.o
LOAD build/stm32h7xx_hal_rcc.o
LOAD build/stm32h7xx_hal_rcc_ex.o
LOAD build/stm32h7xx_hal_flash.o
LOAD build/stm32h7xx_hal_flash_ex.o
LOAD build/stm32h7xx_hal_gpio.o
LOAD build/stm32h7xx_hal_hsem.o
LOAD build/stm32h7xx_hal_dma.o
LOAD build/stm32h7xx_hal_dma_ex.o
LOAD build/stm32h7xx_hal_mdma.o
LOAD build/stm32h7xx_hal_pwr.o
LOAD build/stm32h7xx_hal_pwr_ex.o
LOAD build/stm32h7xx_hal.o
LOAD build/stm32h7xx_hal_i2c.o
LOAD build/stm32h7xx_hal_i2c_ex.o
LOAD build/stm32h7xx_hal_exti.o
LOAD build/stm32h7xx_hal_tim.o
LOAD build/stm32h7xx_hal_tim_ex.o
LOAD build/system_stm32h7xx.o
LOAD build/croutine.o
LOAD build/event_groups.o
LOAD build/list.o
LOAD build/queue.o
LOAD build/stream_buffer.o
LOAD build/tasks.o
LOAD build/timers.o
LOAD build/cmsis_os2.o
LOAD build/heap_4.o
LOAD build/port.o
LOAD build/LED.o
LOAD build/main.o
LOAD build/startup_stm32h733xx.o
LOAD /usr/lib/gcc/arm-none-eabi/10.3.1/../../../arm-none-eabi/lib/thumb/v7e-m+dp/hard/libnosys.a
LOAD /usr/lib/gcc/arm-none-eabi/10.3.1/../../../arm-none-eabi/lib/thumb/v7e-m+dp/hard/libstdc++.a
LOAD /usr/lib/gcc/arm-none-eabi/10.3.1/../../../arm-none-eabi/lib/thumb/v7e-m+dp/hard/libm.a
LOAD /usr/lib/gcc/arm-none-eabi/10.3.1/../../../arm-none-eabi/lib/thumb/v7e-m+dp/hard/libc.a
START GROUP
LOAD /usr/lib/gcc/arm-none-eabi/10.3.1/thumb/v7e-m+dp/hard/libgcc.a
LOAD /usr/lib/gcc/arm-none-eabi/10.3.1/../../../arm-none-eabi/lib/thumb/v7e-m+dp/hard/libc.a
END GROUP
START GROUP
LOAD /usr/lib/gcc/arm-none-eabi/10.3.1/thumb/v7e-m+dp/hard/libgcc.a
LOAD /usr/lib/gcc/arm-none-eabi/10.3.1/../../../arm-none-eabi/lib/thumb/v7e-m+dp/hard/libc.a
LOAD /usr/lib/gcc/arm-none-eabi/10.3.1/../../../arm-none-eabi/lib/thumb/v7e-m+dp/hard/libnosys.a
END GROUP
LOAD /usr/lib/gcc/arm-none-eabi/10.3.1/thumb/v7e-m+dp/hard/crtend.o
LOAD /usr/lib/gcc/arm-none-eabi/10.3.1/thumb/v7e-m+dp/hard/crtn.o
                0x0000000020020000                _estack = (ORIGIN (DTCMRAM) + LENGTH (DTCMRAM))
                0x0000000000000200                _Min_Heap_Size = 0x200
                0x0000000000000400                _Min_Stack_Size = 0x400

.isr_vector     0x0000000008000000      0x2cc
                0x0000000008000000                . = ALIGN (0x4)
 *(.isr_vector)
 .isr_vector    0x0000000008000000      0x2cc build/startup_stm32h733xx.o
                0x0000000008000000                g_pfnVectors
                0x00000000080002cc                . = ALIGN (0x4)

.text           0x00000000080002e0     0x649c
                0x00000000080002e0                . = ALIGN (0x4)
 *(.text)
 .text          0x00000000080002e0       0x88 /usr/lib/gcc/arm-none-eabi/10.3.1/thumb/v7e-m+dp/hard/crtbegin.o
 .text          0x0000000008000368       0x10 /usr/lib/gcc/arm-none-eabi/10.3.1/../../../arm-none-eabi/lib/thumb/v7e-m+dp/hard/libc.a(lib_a-abort.o)
                0x0000000008000368                abort
 .text          0x0000000008000378        0xc /usr/lib/gcc/arm-none-eabi/10.3.1/../../../arm-none-eabi/lib/thumb/v7e-m+dp/hard/libc.a(lib_a-atexit.o)
                0x0000000008000378                atexit
 .text          0x0000000008000384       0x2c /usr/lib/gcc/arm-none-eabi/10.3.1/../../../arm-none-eabi/lib/thumb/v7e-m+dp/hard/libc.a(lib_a-fini.o)
                0x0000000008000384                __libc_fini_array
 .text          0x00000000080003b0       0x48 /usr/lib/gcc/arm-none-eabi/10.3.1/../../../arm-none-eabi/lib/thumb/v7e-m+dp/hard/libc.a(lib_a-init.o)
                0x00000000080003b0                __libc_init_array
 .text          0x00000000080003f8       0x20 /usr/lib/gcc/arm-none-eabi/10.3.1/../../../arm-none-eabi/lib/thumb/v7e-m+dp/hard/libc.a(lib_a-malloc.o)
                0x00000000080003f8                malloc
                0x0000000008000408                free
 .text          0x0000000008000418      0x554 /usr/lib/gcc/arm-none-eabi/10.3.1/../../../arm-none-eabi/lib/thumb/v7e-m+dp/hard/libc.a(lib_a-mallocr.o)
                0x0000000008000418                _malloc_r
 .text          0x000000000800096c      0x134 /usr/lib/gcc/arm-none-eabi/10.3.1/../../../arm-none-eabi/lib/thumb/v7e-m+dp/hard/libc.a(lib_a-memcpy.o)
                0x000000000800096c                memcpy
 .text          0x0000000008000aa0       0xa4 /usr/lib/gcc/arm-none-eabi/10.3.1/../../../arm-none-eabi/lib/thumb/v7e-m+dp/hard/libc.a(lib_a-memset.o)
                0x0000000008000aa0                memset
 .text          0x0000000008000b44        0x8 /usr/lib/gcc/arm-none-eabi/10.3.1/../../../arm-none-eabi/lib/thumb/v7e-m+dp/hard/libc.a(lib_a-mlock.o)
                0x0000000008000b44                __malloc_lock
                0x0000000008000b48                __malloc_unlock
 .text          0x0000000008000b4c       0x24 /usr/lib/gcc/arm-none-eabi/10.3.1/../../../arm-none-eabi/lib/thumb/v7e-m+dp/hard/libc.a(lib_a-sbrkr.o)
                0x0000000008000b4c                _sbrk_r
 .text          0x0000000008000b70      0x288 /usr/lib/gcc/arm-none-eabi/10.3.1/../../../arm-none-eabi/lib/thumb/v7e-m+dp/hard/libc.a(lib_a-signal.o)
                0x0000000008000b70                _init_signal_r
                0x0000000008000ba0                _signal_r
                0x0000000008000bec                _raise_r
                0x0000000008000c44                __sigtramp_r
                0x0000000008000ca8                raise
                0x0000000008000d04                signal
                0x0000000008000d58                _init_signal
                0x0000000008000d90                __sigtramp
 .text          0x0000000008000df8       0x30 /usr/lib/gcc/arm-none-eabi/10.3.1/../../../arm-none-eabi/lib/thumb/v7e-m+dp/hard/libc.a(lib_a-signalr.o)
                0x0000000008000df8                _kill_r
                0x0000000008000e24                _getpid_r
 *fill*         0x0000000008000e28       0x18 
 .text          0x0000000008000e40      0x2dc /usr/lib/gcc/arm-none-eabi/10.3.1/../../../arm-none-eabi/lib/thumb/v7e-m+dp/hard/libc.a(lib_a-strcmp.o)
                0x0000000008000e48                strcmp
 .text          0x000000000800111c       0x68 /usr/lib/gcc/arm-none-eabi/10.3.1/../../../arm-none-eabi/lib/thumb/v7e-m+dp/hard/libc.a(lib_a-__atexit.o)
                0x000000000800111c                __register_exitproc
 .text          0x0000000008001184      0x2ac /usr/lib/gcc/arm-none-eabi/10.3.1/../../../arm-none-eabi/lib/thumb/v7e-m+dp/hard/libc.a(lib_a-freer.o)
                0x0000000008001184                _malloc_trim_r
                0x0000000008001224                _free_r
 .text          0x0000000008001430      0x9d8 /usr/lib/gcc/arm-none-eabi/10.3.1/thumb/v7e-m+dp/hard/libgcc.a(unwind-arm.o)
                0x00000000080016d8                _Unwind_GetCFA
                0x00000000080016dc                __gnu_Unwind_RaiseException
                0x0000000008001744                __gnu_Unwind_ForcedUnwind
                0x0000000008001754                __gnu_Unwind_Resume
                0x0000000008001798                __gnu_Unwind_Resume_or_Rethrow
                0x00000000080017a8                _Unwind_Complete
                0x00000000080017ac                _Unwind_DeleteException
                0x00000000080017b8                _Unwind_VRS_Get
                0x0000000008001804                _Unwind_VRS_Set
                0x000000000800184c                __gnu_Unwind_Backtrace
                0x0000000008001b78                __aeabi_unwind_cpp_pr0
                0x0000000008001b7c                __aeabi_unwind_cpp_pr1
                0x0000000008001b80                __aeabi_unwind_cpp_pr2
                0x0000000008001b84                _Unwind_VRS_Pop
 .text          0x0000000008001e08      0x1ac /usr/lib/gcc/arm-none-eabi/10.3.1/thumb/v7e-m+dp/hard/libgcc.a(libunwind.o)
                0x0000000008001e08                __restore_core_regs
                0x0000000008001e08                restore_core_regs
                0x0000000008001e20                __gnu_Unwind_Restore_VFP
                0x0000000008001e28                __gnu_Unwind_Save_VFP
                0x0000000008001e30                __gnu_Unwind_Restore_VFP_D
                0x0000000008001e38                __gnu_Unwind_Save_VFP_D
                0x0000000008001e40                __gnu_Unwind_Restore_VFP_D_16_to_31
                0x0000000008001e48                __gnu_Unwind_Save_VFP_D_16_to_31
                0x0000000008001e50                __gnu_Unwind_Restore_WMMXD
                0x0000000008001e94                __gnu_Unwind_Save_WMMXD
                0x0000000008001ed8                __gnu_Unwind_Restore_WMMXC
                0x0000000008001eec                __gnu_Unwind_Save_WMMXC
                0x0000000008001f00                ___Unwind_RaiseException
                0x0000000008001f00                _Unwind_RaiseException
                0x0000000008001f24                ___Unwind_Resume
                0x0000000008001f24                _Unwind_Resume
                0x0000000008001f48                _Unwind_Resume_or_Rethrow
                0x0000000008001f48                ___Unwind_Resume_or_Rethrow
                0x0000000008001f6c                ___Unwind_ForcedUnwind
                0x0000000008001f6c                _Unwind_ForcedUnwind
                0x0000000008001f90                _Unwind_Backtrace
                0x0000000008001f90                ___Unwind_Backtrace
 .text          0x0000000008001fb4      0x350 /usr/lib/gcc/arm-none-eabi/10.3.1/thumb/v7e-m+dp/hard/libgcc.a(pr-support.o)
                0x000000000800200c                __gnu_unwind_execute
                0x00000000080022b8                __gnu_unwind_frame
                0x00000000080022e4                _Unwind_GetRegionStart
                0x00000000080022f0                _Unwind_GetLanguageSpecificData
 .text          0x0000000008002304       0x10 /usr/lib/gcc/arm-none-eabi/10.3.1/../../../arm-none-eabi/lib/thumb/v7e-m+dp/hard/libnosys.a(getpid.o)
                0x0000000008002304                _getpid
 .text          0x0000000008002314       0x10 /usr/lib/gcc/arm-none-eabi/10.3.1/../../../arm-none-eabi/lib/thumb/v7e-m+dp/hard/libnosys.a(kill.o)
                0x0000000008002314                _kill
 .text          0x0000000008002324       0x1c /usr/lib/gcc/arm-none-eabi/10.3.1/../../../arm-none-eabi/lib/thumb/v7e-m+dp/hard/libnosys.a(sbrk.o)
                0x0000000008002324                _sbrk
 .text          0x0000000008002340        0x4 /usr/lib/gcc/arm-none-eabi/10.3.1/../../../arm-none-eabi/lib/thumb/v7e-m+dp/hard/libnosys.a(_exit.o)
                0x0000000008002340                _exit
 *(.text*)
 .text.NMI_Handler
                0x0000000008002344        0x2 build/stm32h7xx_it.o
                0x0000000008002344                NMI_Handler
 .text.HardFault_Handler
                0x0000000008002346        0x2 build/stm32h7xx_it.o
                0x0000000008002346                HardFault_Handler
 .text.MemManage_Handler
                0x0000000008002348        0x2 build/stm32h7xx_it.o
                0x0000000008002348                MemManage_Handler
 .text.BusFault_Handler
                0x000000000800234a        0x2 build/stm32h7xx_it.o
                0x000000000800234a                BusFault_Handler
 .text.UsageFault_Handler
                0x000000000800234c        0x2 build/stm32h7xx_it.o
                0x000000000800234c                UsageFault_Handler
 .text.DebugMon_Handler
                0x000000000800234e        0x2 build/stm32h7xx_it.o
                0x000000000800234e                DebugMon_Handler
 .text.TIM1_UP_IRQHandler
                0x0000000008002350       0x10 build/stm32h7xx_it.o
                0x0000000008002350                TIM1_UP_IRQHandler
 .text.HAL_MspInit
                0x0000000008002360       0x34 build/stm32h7xx_hal_msp.o
                0x0000000008002360                HAL_MspInit
 .text.HAL_InitTick
                0x0000000008002394       0x90 build/stm32h7xx_hal_timebase_tim.o
                0x0000000008002394                HAL_InitTick
 .text.HAL_NVIC_SetPriorityGrouping
                0x0000000008002424       0x24 build/stm32h7xx_hal_cortex.o
                0x0000000008002424                HAL_NVIC_SetPriorityGrouping
 .text.HAL_NVIC_SetPriority
                0x0000000008002448       0x6c build/stm32h7xx_hal_cortex.o
                0x0000000008002448                HAL_NVIC_SetPriority
 .text.HAL_NVIC_EnableIRQ
                0x00000000080024b4       0x1c build/stm32h7xx_hal_cortex.o
                0x00000000080024b4                HAL_NVIC_EnableIRQ
 .text.HAL_RCC_OscConfig
                0x00000000080024d0      0x5ec build/stm32h7xx_hal_rcc.o
                0x00000000080024d0                HAL_RCC_OscConfig
 .text.HAL_RCC_GetSysClockFreq
                0x0000000008002abc      0x1f4 build/stm32h7xx_hal_rcc.o
                0x0000000008002abc                HAL_RCC_GetSysClockFreq
 .text.HAL_RCC_ClockConfig
                0x0000000008002cb0      0x294 build/stm32h7xx_hal_rcc.o
                0x0000000008002cb0                HAL_RCC_ClockConfig
 .text.HAL_RCC_GetHCLKFreq
                0x0000000008002f44       0x44 build/stm32h7xx_hal_rcc.o
                0x0000000008002f44                HAL_RCC_GetHCLKFreq
 .text.HAL_RCC_GetPCLK2Freq
                0x0000000008002f88       0x24 build/stm32h7xx_hal_rcc.o
                0x0000000008002f88                HAL_RCC_GetPCLK2Freq
 .text.HAL_RCC_GetClockConfig
                0x0000000008002fac       0x54 build/stm32h7xx_hal_rcc.o
                0x0000000008002fac                HAL_RCC_GetClockConfig
 .text.HAL_GPIO_Init
                0x0000000008003000      0x214 build/stm32h7xx_hal_gpio.o
                0x0000000008003000                HAL_GPIO_Init
 .text.HAL_GPIO_WritePin
                0x0000000008003214        0xc build/stm32h7xx_hal_gpio.o
                0x0000000008003214                HAL_GPIO_WritePin
 .text.HAL_GPIO_TogglePin
                0x0000000008003220       0x12 build/stm32h7xx_hal_gpio.o
                0x0000000008003220                HAL_GPIO_TogglePin
 *fill*         0x0000000008003232        0x2 
 .text.HAL_PWREx_ConfigSupply
                0x0000000008003234       0x54 build/stm32h7xx_hal_pwr_ex.o
                0x0000000008003234                HAL_PWREx_ConfigSupply
 .text.HAL_Init
                0x0000000008003288       0x5c build/stm32h7xx_hal.o
                0x0000000008003288                HAL_Init
 .text.HAL_IncTick
                0x00000000080032e4       0x18 build/stm32h7xx_hal.o
                0x00000000080032e4                HAL_IncTick
 .text.HAL_GetTick
                0x00000000080032fc        0xc build/stm32h7xx_hal.o
                0x00000000080032fc                HAL_GetTick
 .text.HAL_TIM_Base_MspInit
                0x0000000008003308        0x2 build/stm32h7xx_hal_tim.o
                0x0000000008003308                HAL_TIM_Base_MspInit
 *fill*         0x000000000800330a        0x2 
 .text.HAL_TIM_Base_Start_IT
                0x000000000800330c       0xa0 build/stm32h7xx_hal_tim.o
                0x000000000800330c                HAL_TIM_Base_Start_IT
 .text.HAL_TIM_OC_DelayElapsedCallback
                0x00000000080033ac        0x2 build/stm32h7xx_hal_tim.o
                0x00000000080033ac                HAL_TIM_OC_DelayElapsedCallback
 .text.HAL_TIM_IC_CaptureCallback
                0x00000000080033ae        0x2 build/stm32h7xx_hal_tim.o
                0x00000000080033ae                HAL_TIM_IC_CaptureCallback
 .text.HAL_TIM_PWM_PulseFinishedCallback
                0x00000000080033b0        0x2 build/stm32h7xx_hal_tim.o
                0x00000000080033b0                HAL_TIM_PWM_PulseFinishedCallback
 .text.HAL_TIM_TriggerCallback
                0x00000000080033b2        0x2 build/stm32h7xx_hal_tim.o
                0x00000000080033b2                HAL_TIM_TriggerCallback
 .text.HAL_TIM_IRQHandler
                0x00000000080033b4      0x19a build/stm32h7xx_hal_tim.o
                0x00000000080033b4                HAL_TIM_IRQHandler
 *fill*         0x000000000800354e        0x2 
 .text.TIM_Base_SetConfig
                0x0000000008003550      0x120 build/stm32h7xx_hal_tim.o
                0x0000000008003550                TIM_Base_SetConfig
 .text.HAL_TIM_Base_Init
                0x0000000008003670       0x60 build/stm32h7xx_hal_tim.o
                0x0000000008003670                HAL_TIM_Base_Init
 .text.HAL_TIMEx_CommutCallback
                0x00000000080036d0        0x2 build/stm32h7xx_hal_tim_ex.o
                0x00000000080036d0                HAL_TIMEx_CommutCallback
 .text.HAL_TIMEx_BreakCallback
                0x00000000080036d2        0x2 build/stm32h7xx_hal_tim_ex.o
                0x00000000080036d2                HAL_TIMEx_BreakCallback
 .text.HAL_TIMEx_Break2Callback
                0x00000000080036d4        0x2 build/stm32h7xx_hal_tim_ex.o
                0x00000000080036d4                HAL_TIMEx_Break2Callback
 *fill*         0x00000000080036d6        0x2 
 .text.SystemInit
                0x00000000080036d8       0xac build/system_stm32h7xx.o
                0x00000000080036d8                SystemInit
 .text.vListInitialise
                0x0000000008003784       0x16 build/list.o
                0x0000000008003784                vListInitialise
 .text.vListInitialiseItem
                0x000000000800379a        0x6 build/list.o
                0x000000000800379a                vListInitialiseItem
 .text.vListInsertEnd
                0x00000000080037a0       0x16 build/list.o
                0x00000000080037a0                vListInsertEnd
 .text.vListInsert
                0x00000000080037b6       0x32 build/list.o
                0x00000000080037b6                vListInsert
 .text.uxListRemove
                0x00000000080037e8       0x26 build/list.o
                0x00000000080037e8                uxListRemove
 .text.prvIsQueueFull
                0x000000000800380e       0x1e build/queue.o
 .text.prvIsQueueEmpty
                0x000000000800382c       0x1a build/queue.o
 .text.prvCopyDataToQueue
                0x0000000008003846       0x76 build/queue.o
 .text.prvCopyDataFromQueue
                0x00000000080038bc       0x24 build/queue.o
 .text.prvUnlockQueue
                0x00000000080038e0       0x6e build/queue.o
 .text.xQueueGenericReset
                0x000000000800394e       0x84 build/queue.o
                0x000000000800394e                xQueueGenericReset
 .text.prvInitialiseNewQueue
                0x00000000080039d2       0x22 build/queue.o
 .text.xQueueGenericCreateStatic
                0x00000000080039f4       0xa6 build/queue.o
                0x00000000080039f4                xQueueGenericCreateStatic
 .text.xQueueGenericSend
                0x0000000008003a9a      0x188 build/queue.o
                0x0000000008003a9a                xQueueGenericSend
 .text.xQueueGenericSendFromISR
                0x0000000008003c22       0xce build/queue.o
                0x0000000008003c22                xQueueGenericSendFromISR
 .text.xQueueReceive
                0x0000000008003cf0      0x15e build/queue.o
                0x0000000008003cf0                xQueueReceive
 *fill*         0x0000000008003e4e        0x2 
 .text.vQueueAddToRegistry
                0x0000000008003e50       0x28 build/queue.o
                0x0000000008003e50                vQueueAddToRegistry
 .text.vQueueWaitForMessageRestricted
                0x0000000008003e78       0x52 build/queue.o
                0x0000000008003e78                vQueueWaitForMessageRestricted
 *fill*         0x0000000008003eca        0x2 
 .text.prvResetNextTaskUnblockTime
                0x0000000008003ecc       0x2c build/tasks.o
 .text.prvInitialiseNewTask
                0x0000000008003ef8       0xa6 build/tasks.o
 *fill*         0x0000000008003f9e        0x2 
 .text.prvInitialiseTaskLists
                0x0000000008003fa0       0x68 build/tasks.o
 .text.prvAddNewTaskToReadyList
                0x0000000008004008       0xac build/tasks.o
 .text.prvDeleteTCB
                0x00000000080040b4       0x38 build/tasks.o
 .text.prvCheckTasksWaitingTermination
                0x00000000080040ec       0x4c build/tasks.o
 .text.prvIdleTask
                0x0000000008004138       0x28 build/tasks.o
 .text.prvAddCurrentTaskToDelayedList
                0x0000000008004160       0x84 build/tasks.o
 .text.xTaskCreateStatic
                0x00000000080041e4       0x76 build/tasks.o
                0x00000000080041e4                xTaskCreateStatic
 .text.xTaskCreate
                0x000000000800425a       0x68 build/tasks.o
                0x000000000800425a                xTaskCreate
 *fill*         0x00000000080042c2        0x2 
 .text.vTaskStartScheduler
                0x00000000080042c4       0x9c build/tasks.o
                0x00000000080042c4                vTaskStartScheduler
 .text.vTaskSuspendAll
                0x0000000008004360       0x10 build/tasks.o
                0x0000000008004360                vTaskSuspendAll
 .text.xTaskGetTickCount
                0x0000000008004370        0xc build/tasks.o
                0x0000000008004370                xTaskGetTickCount
 .text.xTaskIncrementTick
                0x000000000800437c      0x118 build/tasks.o
                0x000000000800437c                xTaskIncrementTick
 .text.xTaskResumeAll
                0x0000000008004494       0xf8 build/tasks.o
                0x0000000008004494                xTaskResumeAll
 .text.vTaskDelay
                0x000000000800458c       0x4c build/tasks.o
                0x000000000800458c                vTaskDelay
 .text.vTaskSwitchContext
                0x00000000080045d8       0x94 build/tasks.o
                0x00000000080045d8                vTaskSwitchContext
 .text.vTaskPlaceOnEventList
                0x000000000800466c       0x30 build/tasks.o
                0x000000000800466c                vTaskPlaceOnEventList
 .text.vTaskPlaceOnEventListRestricted
                0x000000000800469c       0x38 build/tasks.o
                0x000000000800469c                vTaskPlaceOnEventListRestricted
 .text.xTaskRemoveFromEventList
                0x00000000080046d4       0x8c build/tasks.o
                0x00000000080046d4                xTaskRemoveFromEventList
 .text.vTaskInternalSetTimeOutState
                0x0000000008004760       0x18 build/tasks.o
                0x0000000008004760                vTaskInternalSetTimeOutState
 .text.xTaskCheckForTimeOut
                0x0000000008004778       0x84 build/tasks.o
                0x0000000008004778                xTaskCheckForTimeOut
 .text.vTaskMissedYield
                0x00000000080047fc        0xc build/tasks.o
                0x00000000080047fc                vTaskMissedYield
 .text.xTaskGetSchedulerState
                0x0000000008004808       0x20 build/tasks.o
                0x0000000008004808                xTaskGetSchedulerState
 .text.xTaskPriorityDisinherit
                0x0000000008004828       0x90 build/tasks.o
                0x0000000008004828                xTaskPriorityDisinherit
 .text.prvGetNextExpireTime
                0x00000000080048b8       0x20 build/timers.o
 .text.prvInsertTimerInActiveList
                0x00000000080048d8       0x50 build/timers.o
 .text.prvCheckForValidListAndQueue
                0x0000000008004928       0x70 build/timers.o
 .text.xTimerCreateTimerTask
                0x0000000008004998       0x64 build/timers.o
                0x0000000008004998                xTimerCreateTimerTask
 .text.xTimerGenericCommand
                0x00000000080049fc       0x6c build/timers.o
                0x00000000080049fc                xTimerGenericCommand
 .text.prvSwitchTimerLists
                0x0000000008004a68       0x7c build/timers.o
 .text.prvSampleTimeNow
                0x0000000008004ae4       0x2c build/timers.o
 .text.prvProcessExpiredTimer
                0x0000000008004b10       0x6c build/timers.o
 .text.prvProcessTimerOrBlockTask
                0x0000000008004b7c       0x78 build/timers.o
 .text.prvProcessReceivedCommands
                0x0000000008004bf4      0x10c build/timers.o
 .text.prvTimerTask
                0x0000000008004d00       0x16 build/timers.o
 .text.SysTick_Handler
                0x0000000008004d16       0x18 build/cmsis_os2.o
                0x0000000008004d16                SysTick_Handler
 *fill*         0x0000000008004d2e        0x2 
 .text.osKernelInitialize
                0x0000000008004d30       0x24 build/cmsis_os2.o
                0x0000000008004d30                osKernelInitialize
 .text.osKernelStart
                0x0000000008004d54       0x38 build/cmsis_os2.o
                0x0000000008004d54                osKernelStart
 .text.osThreadNew
                0x0000000008004d8c       0xbc build/cmsis_os2.o
                0x0000000008004d8c                osThreadNew
 .text.osDelay  0x0000000008004e48       0x1c build/cmsis_os2.o
                0x0000000008004e48                osDelay
 .text.vApplicationGetIdleTaskMemory
                0x0000000008004e64       0x18 build/cmsis_os2.o
                0x0000000008004e64                vApplicationGetIdleTaskMemory
 .text.vApplicationGetTimerTaskMemory
                0x0000000008004e7c       0x18 build/cmsis_os2.o
                0x0000000008004e7c                vApplicationGetTimerTaskMemory
 .text.prvHeapInit
                0x0000000008004e94       0x64 build/heap_4.o
 .text.prvInsertBlockIntoFreeList
                0x0000000008004ef8       0x64 build/heap_4.o
 .text.pvPortMalloc
                0x0000000008004f5c       0xfc build/heap_4.o
                0x0000000008004f5c                pvPortMalloc
 .text.vPortFree
                0x0000000008005058       0x7c build/heap_4.o
                0x0000000008005058                vPortFree
 .text.prvTaskExitError
                0x00000000080050d4       0x40 build/port.o
 .text.prvPortStartFirstTask
                0x0000000008005114       0x28 build/port.o
 .text.vPortEnableVFP
                0x000000000800513c       0x14 build/port.o
 .text.pxPortInitialiseStack
                0x0000000008005150       0x2c build/port.o
                0x0000000008005150                pxPortInitialiseStack
 *fill*         0x000000000800517c        0x4 
 .text.SVC_Handler
                0x0000000008005180       0x24 build/port.o
                0x0000000008005180                SVC_Handler
 .text.vPortEnterCritical
                0x00000000080051a4       0x44 build/port.o
                0x00000000080051a4                vPortEnterCritical
 .text.vPortExitCritical
                0x00000000080051e8       0x2c build/port.o
                0x00000000080051e8                vPortExitCritical
 *fill*         0x0000000008005214        0xc 
 .text.PendSV_Handler
                0x0000000008005220       0x64 build/port.o
                0x0000000008005220                PendSV_Handler
 .text.xPortSysTickHandler
                0x0000000008005284       0x2c build/port.o
                0x0000000008005284                xPortSysTickHandler
 .text.vPortSetupTimerInterrupt
                0x00000000080052b0       0x28 build/port.o
                0x00000000080052b0                vPortSetupTimerInterrupt
 .text.xPortStartScheduler
                0x00000000080052d8      0x118 build/port.o
                0x00000000080052d8                xPortStartScheduler
 .text.vPortValidateInterruptPriority
                0x00000000080053f0       0x5c build/port.o
                0x00000000080053f0                vPortValidateInterruptPriority
 .text._ZN8STM32LED3LEDC2EP12GPIO_TypeDeft
                0x000000000800544c        0xa build/LED.o
                0x000000000800544c                STM32LED::LED::LED(GPIO_TypeDef*, unsigned short)
                0x000000000800544c                STM32LED::LED::LED(GPIO_TypeDef*, unsigned short)
 .text._ZN8STM32LED3LED6toggleEv
                0x0000000008005456       0x18 build/LED.o
                0x0000000008005456                STM32LED::LED::toggle()
 *fill*         0x000000000800546e        0x2 
 .text._ZL12MX_GPIO_Initv
                0x0000000008005470       0xc4 build/main.o
 .text._Z16StartDefaultTaskPv
                0x0000000008005534       0x28 build/main.o
                0x0000000008005534                StartDefaultTask(void*)
 .text.HAL_TIM_PeriodElapsedCallback
                0x000000000800555c       0x18 build/main.o
                0x000000000800555c                HAL_TIM_PeriodElapsedCallback
 .text.Error_Handler
                0x0000000008005574        0x4 build/main.o
                0x0000000008005574                Error_Handler
 .text._Z18SystemClock_Configv
                0x0000000008005578       0xac build/main.o
                0x0000000008005578                SystemClock_Config()
 .text.main     0x0000000008005624       0x84 build/main.o
                0x0000000008005624                main
 .text.Reset_Handler
                0x00000000080056a8       0x50 build/startup_stm32h733xx.o
                0x00000000080056a8                Reset_Handler
 .text.Default_Handler
                0x00000000080056f8        0x2 build/startup_stm32h733xx.o
                0x00000000080056f8                RTC_Alarm_IRQHandler
                0x00000000080056f8                HASH_RNG_IRQHandler
                0x00000000080056f8                EXTI2_IRQHandler
                0x00000000080056f8                TIM8_CC_IRQHandler
                0x00000000080056f8                UART8_IRQHandler
                0x00000000080056f8                SPI4_IRQHandler
                0x00000000080056f8                FDCAN3_IT0_IRQHandler
                0x00000000080056f8                TIM1_CC_IRQHandler
                0x00000000080056f8                BDMA_Channel6_IRQHandler
                0x00000000080056f8                DMA2_Stream5_IRQHandler
                0x00000000080056f8                DMA1_Stream5_IRQHandler
                0x00000000080056f8                CORDIC_IRQHandler
                0x00000000080056f8                BDMA_Channel1_IRQHandler
                0x00000000080056f8                TAMP_STAMP_IRQHandler
                0x00000000080056f8                EXTI3_IRQHandler
                0x00000000080056f8                LPTIM4_IRQHandler
                0x00000000080056f8                TIM8_TRG_COM_TIM14_IRQHandler
                0x00000000080056f8                LPTIM2_IRQHandler
                0x00000000080056f8                DFSDM1_FLT1_IRQHandler
                0x00000000080056f8                DMAMUX2_OVR_IRQHandler
                0x00000000080056f8                TIM8_UP_TIM13_IRQHandler
                0x00000000080056f8                I2C3_ER_IRQHandler
                0x00000000080056f8                DFSDM1_FLT2_IRQHandler
                0x00000000080056f8                I2C5_EV_IRQHandler
                0x00000000080056f8                USART10_IRQHandler
                0x00000000080056f8                MDMA_IRQHandler
                0x00000000080056f8                LPTIM3_IRQHandler
                0x00000000080056f8                HSEM1_IRQHandler
                0x00000000080056f8                EXTI0_IRQHandler
                0x00000000080056f8                I2C2_EV_IRQHandler
                0x00000000080056f8                DMA1_Stream2_IRQHandler
                0x00000000080056f8                FPU_IRQHandler
                0x00000000080056f8                OTG_HS_WKUP_IRQHandler
                0x00000000080056f8                FDCAN1_IT1_IRQHandler
                0x00000000080056f8                LTDC_ER_IRQHandler
                0x00000000080056f8                DMA2_Stream2_IRQHandler
                0x00000000080056f8                SPI1_IRQHandler
                0x00000000080056f8                OCTOSPI1_IRQHandler
                0x00000000080056f8                TIM6_DAC_IRQHandler
                0x00000000080056f8                DMA2_Stream3_IRQHandler
                0x00000000080056f8                OCTOSPI2_IRQHandler
                0x00000000080056f8                DFSDM1_FLT3_IRQHandler
                0x00000000080056f8                TIM23_IRQHandler
                0x00000000080056f8                USART6_IRQHandler
                0x00000000080056f8                TIM17_IRQHandler
                0x00000000080056f8                USART3_IRQHandler
                0x00000000080056f8                BDMA_Channel7_IRQHandler
                0x00000000080056f8                CRYP_IRQHandler
                0x00000000080056f8                LPTIM5_IRQHandler
                0x00000000080056f8                UART5_IRQHandler
                0x00000000080056f8                ADC3_IRQHandler
                0x00000000080056f8                DMA2_Stream0_IRQHandler
                0x00000000080056f8                TIM4_IRQHandler
                0x00000000080056f8                BDMA_Channel2_IRQHandler
                0x00000000080056f8                I2C1_EV_IRQHandler
                0x00000000080056f8                DMA1_Stream6_IRQHandler
                0x00000000080056f8                DMAMUX1_OVR_IRQHandler
                0x00000000080056f8                DMA1_Stream1_IRQHandler
                0x00000000080056f8                TIM16_IRQHandler
                0x00000000080056f8                UART4_IRQHandler
                0x00000000080056f8                BDMA_Channel5_IRQHandler
                0x00000000080056f8                TIM3_IRQHandler
                0x00000000080056f8                RCC_IRQHandler
                0x00000000080056f8                UART9_IRQHandler
                0x00000000080056f8                TIM8_BRK_TIM12_IRQHandler
                0x00000000080056f8                TIM1_TRG_COM_IRQHandler
                0x00000000080056f8                Default_Handler
                0x00000000080056f8                ECC_IRQHandler
                0x00000000080056f8                FMAC_IRQHandler
                0x00000000080056f8                CEC_IRQHandler
                0x00000000080056f8                EXTI15_10_IRQHandler
                0x00000000080056f8                BDMA_Channel0_IRQHandler
                0x00000000080056f8                ADC_IRQHandler
                0x00000000080056f8                I2C5_ER_IRQHandler
                0x00000000080056f8                OTFDEC1_IRQHandler
                0x00000000080056f8                DMA1_Stream7_IRQHandler
                0x00000000080056f8                SPI5_IRQHandler
                0x00000000080056f8                TIM7_IRQHandler
                0x00000000080056f8                FDCAN3_IT1_IRQHandler
                0x00000000080056f8                SDMMC1_IRQHandler
                0x00000000080056f8                TIM5_IRQHandler
                0x00000000080056f8                DMA2_Stream7_IRQHandler
                0x00000000080056f8                TIM15_IRQHandler
                0x00000000080056f8                PVD_AVD_IRQHandler
                0x00000000080056f8                I2C3_EV_IRQHandler
                0x00000000080056f8                EXTI9_5_IRQHandler
                0x00000000080056f8                RTC_WKUP_IRQHandler
                0x00000000080056f8                LTDC_IRQHandler
                0x00000000080056f8                ETH_WKUP_IRQHandler
                0x00000000080056f8                SPDIF_RX_IRQHandler
                0x00000000080056f8                SPI2_IRQHandler
                0x00000000080056f8                OTG_HS_EP1_IN_IRQHandler
                0x00000000080056f8                DMA1_Stream0_IRQHandler
                0x00000000080056f8                OTFDEC2_IRQHandler
                0x00000000080056f8                TIM24_IRQHandler
                0x00000000080056f8                CRS_IRQHandler
                0x00000000080056f8                EXTI4_IRQHandler
                0x00000000080056f8                FDCAN2_IT1_IRQHandler
                0x00000000080056f8                ETH_IRQHandler
                0x00000000080056f8                BDMA_Channel4_IRQHandler
                0x00000000080056f8                OTG_HS_EP1_OUT_IRQHandler
                0x00000000080056f8                WWDG_IRQHandler
                0x00000000080056f8                SPI6_IRQHandler
                0x00000000080056f8                MDIOS_IRQHandler
                0x00000000080056f8                I2C4_EV_IRQHandler
                0x00000000080056f8                FDCAN2_IT0_IRQHandler
                0x00000000080056f8                LPUART1_IRQHandler
                0x00000000080056f8                FDCAN1_IT0_IRQHandler
                0x00000000080056f8                TIM2_IRQHandler
                0x00000000080056f8                OTG_HS_IRQHandler
                0x00000000080056f8                DMA2D_IRQHandler
                0x00000000080056f8                TIM1_BRK_IRQHandler
                0x00000000080056f8                EXTI1_IRQHandler
                0x00000000080056f8                SDMMC2_IRQHandler
                0x00000000080056f8                BDMA_Channel3_IRQHandler
                0x00000000080056f8                DTS_IRQHandler
                0x00000000080056f8                UART7_IRQHandler
                0x00000000080056f8                MDIOS_WKUP_IRQHandler
                0x00000000080056f8                USART2_IRQHandler
                0x00000000080056f8                DFSDM1_FLT0_IRQHandler
                0x00000000080056f8                SAI4_IRQHandler
                0x00000000080056f8                I2C2_ER_IRQHandler
                0x00000000080056f8                DMA2_Stream1_IRQHandler
                0x00000000080056f8                FLASH_IRQHandler
                0x00000000080056f8                DMA2_Stream4_IRQHandler
                0x00000000080056f8                USART1_IRQHandler
                0x00000000080056f8                SPI3_IRQHandler
                0x00000000080056f8                WAKEUP_PIN_IRQHandler
                0x00000000080056f8                DMA1_Stream4_IRQHandler
                0x00000000080056f8                I2C1_ER_IRQHandler
                0x00000000080056f8                FMC_IRQHandler
                0x00000000080056f8                FDCAN_CAL_IRQHandler
                0x00000000080056f8                SWPMI1_IRQHandler
                0x00000000080056f8                COMP1_IRQHandler
                0x00000000080056f8                LPTIM1_IRQHandler
                0x00000000080056f8                DCMI_PSSI_IRQHandler
                0x00000000080056f8                I2C4_ER_IRQHandler
                0x00000000080056f8                DMA2_Stream6_IRQHandler
                0x00000000080056f8                SAI1_IRQHandler
                0x00000000080056f8                DMA1_Stream3_IRQHandler
 *fill*         0x00000000080056fa        0x2 
 .text._ZdlPvj  0x00000000080056fc        0x4 /usr/lib/gcc/arm-none-eabi/10.3.1/../../../arm-none-eabi/lib/thumb/v7e-m+dp/hard/libstdc++.a(del_ops.o)
                0x00000000080056fc                operator delete(void*, unsigned int)
 .text.__cxa_end_cleanup
                0x0000000008005700        0xc /usr/lib/gcc/arm-none-eabi/10.3.1/../../../arm-none-eabi/lib/thumb/v7e-m+dp/hard/libstdc++.a(eh_arm.o)
                0x0000000008005700                __cxa_end_cleanup
 .text.__cxa_type_match
                0x000000000800570c       0xb4 /usr/lib/gcc/arm-none-eabi/10.3.1/../../../arm-none-eabi/lib/thumb/v7e-m+dp/hard/libstdc++.a(eh_arm.o)
                0x000000000800570c                __cxa_type_match
 .text.__cxa_begin_cleanup
                0x00000000080057c0       0x64 /usr/lib/gcc/arm-none-eabi/10.3.1/../../../arm-none-eabi/lib/thumb/v7e-m+dp/hard/libstdc++.a(eh_arm.o)
                0x00000000080057c0                __cxa_begin_cleanup
 .text.__gnu_end_cleanup
                0x0000000008005824       0x70 /usr/lib/gcc/arm-none-eabi/10.3.1/../../../arm-none-eabi/lib/thumb/v7e-m+dp/hard/libstdc++.a(eh_arm.o)
                0x0000000008005824                __gnu_end_cleanup
 .text._ZNSt9exceptionD2Ev
                0x0000000008005894        0x4 /usr/lib/gcc/arm-none-eabi/10.3.1/../../../arm-none-eabi/lib/thumb/v7e-m+dp/hard/libstdc++.a(eh_exception.o)
                0x0000000008005894                std::exception::~exception()
                0x0000000008005894                std::exception::~exception()
 .text._ZNSt13bad_exceptionD2Ev
                0x0000000008005898        0x4 /usr/lib/gcc/arm-none-eabi/10.3.1/../../../arm-none-eabi/lib/thumb/v7e-m+dp/hard/libstdc++.a(eh_exception.o)
                0x0000000008005898                std::bad_exception::~bad_exception()
                0x0000000008005898                std::bad_exception::~bad_exception()
 .text._ZNKSt13bad_exception4whatEv
                0x000000000800589c        0x8 /usr/lib/gcc/arm-none-eabi/10.3.1/../../../arm-none-eabi/lib/thumb/v7e-m+dp/hard/libstdc++.a(eh_exception.o)
                0x000000000800589c                transaction clone for std::bad_exception::what() const
                0x000000000800589c                std::bad_exception::what() const
 .text._ZNSt13bad_exceptionD0Ev
                0x00000000080058a4       0x10 /usr/lib/gcc/arm-none-eabi/10.3.1/../../../arm-none-eabi/lib/thumb/v7e-m+dp/hard/libstdc++.a(eh_exception.o)
                0x00000000080058a4                std::bad_exception::~bad_exception()
 .text.__cxa_get_globals_fast
                0x00000000080058b4        0x8 /usr/lib/gcc/arm-none-eabi/10.3.1/../../../arm-none-eabi/lib/thumb/v7e-m+dp/hard/libstdc++.a(eh_globals.o)
                0x00000000080058b4                __cxa_get_globals_fast
 .text.__cxa_get_globals
                0x00000000080058bc        0x8 /usr/lib/gcc/arm-none-eabi/10.3.1/../../../arm-none-eabi/lib/thumb/v7e-m+dp/hard/libstdc++.a(eh_globals.o)
                0x00000000080058bc                __cxa_get_globals
 .text._ZL28read_encoded_value_with_basehjPKhPj
                0x00000000080058c4       0xc0 /usr/lib/gcc/arm-none-eabi/10.3.1/../../../arm-none-eabi/lib/thumb/v7e-m+dp/hard/libstdc++.a(eh_personality.o)
 .text._ZL21base_of_encoded_valuehP15_Unwind_Context
                0x0000000008005984       0x50 /usr/lib/gcc/arm-none-eabi/10.3.1/../../../arm-none-eabi/lib/thumb/v7e-m+dp/hard/libstdc++.a(eh_personality.o)
 .text._ZL17parse_lsda_headerP15_Unwind_ContextPKhP16lsda_header_info
                0x00000000080059d4       0x94 /usr/lib/gcc/arm-none-eabi/10.3.1/../../../arm-none-eabi/lib/thumb/v7e-m+dp/hard/libstdc++.a(eh_personality.o)
 .text.__gxx_personality_v0
                0x0000000008005a68      0x4a8 /usr/lib/gcc/arm-none-eabi/10.3.1/../../../arm-none-eabi/lib/thumb/v7e-m+dp/hard/libstdc++.a(eh_personality.o)
                0x0000000008005a68                __gxx_personality_v0
 .text._ZN10__cxxabiv111__terminateEPFvvE
                0x0000000008005f10       0x28 /usr/lib/gcc/arm-none-eabi/10.3.1/../../../arm-none-eabi/lib/thumb/v7e-m+dp/hard/libstdc++.a(eh_terminate.o)
                0x0000000008005f10                __cxxabiv1::__terminate(void (*)())
 .text._ZSt9terminatev
                0x0000000008005f38       0x14 /usr/lib/gcc/arm-none-eabi/10.3.1/../../../arm-none-eabi/lib/thumb/v7e-m+dp/hard/libstdc++.a(eh_terminate.o)
                0x0000000008005f38                std::terminate()
 .text._ZN10__cxxabiv112__unexpectedEPFvvE
                0x0000000008005f4c        0x8 /usr/lib/gcc/arm-none-eabi/10.3.1/../../../arm-none-eabi/lib/thumb/v7e-m+dp/hard/libstdc++.a(eh_terminate.o)
                0x0000000008005f4c                __cxxabiv1::__unexpected(void (*)())
 .text._ZSt10unexpectedv
                0x0000000008005f54       0x14 /usr/lib/gcc/arm-none-eabi/10.3.1/../../../arm-none-eabi/lib/thumb/v7e-m+dp/hard/libstdc++.a(eh_terminate.o)
                0x0000000008005f54                std::unexpected()
 .text._ZSt13get_terminatev
                0x0000000008005f68       0x10 /usr/lib/gcc/arm-none-eabi/10.3.1/../../../arm-none-eabi/lib/thumb/v7e-m+dp/hard/libstdc++.a(eh_terminate.o)
                0x0000000008005f68                std::get_terminate()
 .text._ZSt14get_unexpectedv
                0x0000000008005f78       0x10 /usr/lib/gcc/arm-none-eabi/10.3.1/../../../arm-none-eabi/lib/thumb/v7e-m+dp/hard/libstdc++.a(eh_terminate.o)
                0x0000000008005f78                std::get_unexpected()
 .text._Znwj    0x0000000008005f88       0x3c /usr/lib/gcc/arm-none-eabi/10.3.1/../../../arm-none-eabi/lib/thumb/v7e-m+dp/hard/libstdc++.a(new_op.o)
                0x0000000008005f88                operator new(unsigned int)
 .text._ZN10__cxxabiv120__si_class_type_infoD2Ev
                0x0000000008005fc4       0x14 /usr/lib/gcc/arm-none-eabi/10.3.1/../../../arm-none-eabi/lib/thumb/v7e-m+dp/hard/libstdc++.a(si_class_type_info.o)
                0x0000000008005fc4                __cxxabiv1::__si_class_type_info::~__si_class_type_info()
                0x0000000008005fc4                __cxxabiv1::__si_class_type_info::~__si_class_type_info()
 .text._ZN10__cxxabiv120__si_class_type_infoD0Ev
                0x0000000008005fd8       0x1c /usr/lib/gcc/arm-none-eabi/10.3.1/../../../arm-none-eabi/lib/thumb/v7e-m+dp/hard/libstdc++.a(si_class_type_info.o)
                0x0000000008005fd8                __cxxabiv1::__si_class_type_info::~__si_class_type_info()
 .text._ZNK10__cxxabiv120__si_class_type_info20__do_find_public_srcEiPKvPKNS_17__class_type_infoES2_
                0x0000000008005ff4       0x3c /usr/lib/gcc/arm-none-eabi/10.3.1/../../../arm-none-eabi/lib/thumb/v7e-m+dp/hard/libstdc++.a(si_class_type_info.o)
                0x0000000008005ff4                __cxxabiv1::__si_class_type_info::__do_find_public_src(int, void const*, __cxxabiv1::__class_type_info const*, void const*) const
 .text._ZNK10__cxxabiv120__si_class_type_info12__do_dyncastEiNS_17__class_type_info10__sub_kindEPKS1_PKvS4_S6_RNS1_16__dyncast_resultE
                0x0000000008006030       0x80 /usr/lib/gcc/arm-none-eabi/10.3.1/../../../arm-none-eabi/lib/thumb/v7e-m+dp/hard/libstdc++.a(si_class_type_info.o)
                0x0000000008006030                __cxxabiv1::__si_class_type_info::__do_dyncast(int, __cxxabiv1::__class_type_info::__sub_kind, __cxxabiv1::__class_type_info const*, void const*, __cxxabiv1::__class_type_info const*, void const*, __cxxabiv1::__class_type_info::__dyncast_result&) const
 .text._ZNK10__cxxabiv120__si_class_type_info11__do_upcastEPKNS_17__class_type_infoEPKvRNS1_15__upcast_resultE
                0x00000000080060b0       0x2c /usr/lib/gcc/arm-none-eabi/10.3.1/../../../arm-none-eabi/lib/thumb/v7e-m+dp/hard/libstdc++.a(si_class_type_info.o)
                0x00000000080060b0                __cxxabiv1::__si_class_type_info::__do_upcast(__cxxabiv1::__class_type_info const*, void const*, __cxxabiv1::__class_type_info::__upcast_result&) const
 .text._ZNSt9type_infoD2Ev
                0x00000000080060dc        0x4 /usr/lib/gcc/arm-none-eabi/10.3.1/../../../arm-none-eabi/lib/thumb/v7e-m+dp/hard/libstdc++.a(tinfo.o)
                0x00000000080060dc                std::type_info::~type_info()
                0x00000000080060dc                std::type_info::~type_info()
 .text._ZNKSt9type_info14__is_pointer_pEv
                0x00000000080060e0        0x4 /usr/lib/gcc/arm-none-eabi/10.3.1/../../../arm-none-eabi/lib/thumb/v7e-m+dp/hard/libstdc++.a(tinfo.o)
                0x00000000080060e0                std::type_info::__is_function_p() const
                0x00000000080060e0                std::type_info::__is_pointer_p() const
 .text._ZNKSt9type_infoeqERKS_
                0x00000000080060e4       0x2c /usr/lib/gcc/arm-none-eabi/10.3.1/../../../arm-none-eabi/lib/thumb/v7e-m+dp/hard/libstdc++.a(tinfo.o)
                0x00000000080060e4                std::type_info::operator==(std::type_info const&) const
 .text._ZNKSt9bad_alloc4whatEv
                0x0000000008006110        0x8 /usr/lib/gcc/arm-none-eabi/10.3.1/../../../arm-none-eabi/lib/thumb/v7e-m+dp/hard/libstdc++.a(bad_alloc.o)
                0x0000000008006110                std::bad_alloc::what() const
 .text._ZNSt9bad_allocD2Ev
                0x0000000008006118       0x14 /usr/lib/gcc/arm-none-eabi/10.3.1/../../../arm-none-eabi/lib/thumb/v7e-m+dp/hard/libstdc++.a(bad_alloc.o)
                0x0000000008006118                std::bad_alloc::~bad_alloc()
                0x0000000008006118                std::bad_alloc::~bad_alloc()
 .text._ZNSt9bad_allocD0Ev
                0x000000000800612c       0x1c /usr/lib/gcc/arm-none-eabi/10.3.1/../../../arm-none-eabi/lib/thumb/v7e-m+dp/hard/libstdc++.a(bad_alloc.o)
                0x000000000800612c                std::bad_alloc::~bad_alloc()
 .text._ZNK10__cxxabiv117__class_type_info11__do_upcastEPKS0_PPv
                0x0000000008006148       0x34 /usr/lib/gcc/arm-none-eabi/10.3.1/../../../arm-none-eabi/lib/thumb/v7e-m+dp/hard/libstdc++.a(class_type_info.o)
                0x0000000008006148                __cxxabiv1::__class_type_info::__do_upcast(__cxxabiv1::__class_type_info const*, void**) const
 .text._ZNK10__cxxabiv117__class_type_info20__do_find_public_srcEiPKvPKS0_S2_
                0x000000000800617c        0xc /usr/lib/gcc/arm-none-eabi/10.3.1/../../../arm-none-eabi/lib/thumb/v7e-m+dp/hard/libstdc++.a(class_type_info.o)
                0x000000000800617c                __cxxabiv1::__class_type_info::__do_find_public_src(int, void const*, __cxxabiv1::__class_type_info const*, void const*) const
 .text._ZN10__cxxabiv117__class_type_infoD2Ev
                0x0000000008006188       0x14 /usr/lib/gcc/arm-none-eabi/10.3.1/../../../arm-none-eabi/lib/thumb/v7e-m+dp/hard/libstdc++.a(class_type_info.o)
                0x0000000008006188                __cxxabiv1::__class_type_info::~__class_type_info()
                0x0000000008006188                __cxxabiv1::__class_type_info::~__class_type_info()
 .text._ZN10__cxxabiv117__class_type_infoD0Ev
                0x000000000800619c       0x1c /usr/lib/gcc/arm-none-eabi/10.3.1/../../../arm-none-eabi/lib/thumb/v7e-m+dp/hard/libstdc++.a(class_type_info.o)
                0x000000000800619c                __cxxabiv1::__class_type_info::~__class_type_info()
 .text._ZNK10__cxxabiv117__class_type_info12__do_dyncastEiNS0_10__sub_kindEPKS0_PKvS3_S5_RNS0_16__dyncast_resultE
                0x00000000080061b8       0x44 /usr/lib/gcc/arm-none-eabi/10.3.1/../../../arm-none-eabi/lib/thumb/v7e-m+dp/hard/libstdc++.a(class_type_info.o)
                0x00000000080061b8                __cxxabiv1::__class_type_info::__do_dyncast(int, __cxxabiv1::__class_type_info::__sub_kind, __cxxabiv1::__class_type_info const*, void const*, __cxxabiv1::__class_type_info const*, void const*, __cxxabiv1::__class_type_info::__dyncast_result&) const
 .text._ZNK10__cxxabiv117__class_type_info11__do_upcastEPKS0_PKvRNS0_15__upcast_resultE
                0x00000000080061fc       0x1c /usr/lib/gcc/arm-none-eabi/10.3.1/../../../arm-none-eabi/lib/thumb/v7e-m+dp/hard/libstdc++.a(class_type_info.o)
                0x00000000080061fc                __cxxabiv1::__class_type_info::__do_upcast(__cxxabiv1::__class_type_info const*, void const*, __cxxabiv1::__class_type_info::__upcast_result&) const
 .text._ZNK10__cxxabiv117__class_type_info10__do_catchEPKSt9type_infoPPvj
                0x0000000008006218       0x2c /usr/lib/gcc/arm-none-eabi/10.3.1/../../../arm-none-eabi/lib/thumb/v7e-m+dp/hard/libstdc++.a(class_type_info.o)
                0x0000000008006218                __cxxabiv1::__class_type_info::__do_catch(std::type_info const*, void**, unsigned int) const
 .text._ZdlPv   0x0000000008006244        0x4 /usr/lib/gcc/arm-none-eabi/10.3.1/../../../arm-none-eabi/lib/thumb/v7e-m+dp/hard/libstdc++.a(del_op.o)
                0x0000000008006244                operator delete(void*)
 .text._ZN12_GLOBAL__N_14pool4freeEPv.constprop.0
                0x0000000008006248       0x88 /usr/lib/gcc/arm-none-eabi/10.3.1/../../../arm-none-eabi/lib/thumb/v7e-m+dp/hard/libstdc++.a(eh_alloc.o)
 .text._ZN12_GLOBAL__N_14pool8allocateEj.constprop.0
                0x00000000080062d0       0x58 /usr/lib/gcc/arm-none-eabi/10.3.1/../../../arm-none-eabi/lib/thumb/v7e-m+dp/hard/libstdc++.a(eh_alloc.o)
 .text.__cxa_allocate_exception
                0x0000000008006328       0x30 /usr/lib/gcc/arm-none-eabi/10.3.1/../../../arm-none-eabi/lib/thumb/v7e-m+dp/hard/libstdc++.a(eh_alloc.o)
                0x0000000008006328                __cxa_allocate_exception
 .text.__cxa_free_exception
                0x0000000008006358       0x20 /usr/lib/gcc/arm-none-eabi/10.3.1/../../../arm-none-eabi/lib/thumb/v7e-m+dp/hard/libstdc++.a(eh_alloc.o)
                0x0000000008006358                __cxa_free_exception
 .text.startup._GLOBAL__sub_I__ZN9__gnu_cxx9__freeresEv
                0x0000000008006378       0x28 /usr/lib/gcc/arm-none-eabi/10.3.1/../../../arm-none-eabi/lib/thumb/v7e-m+dp/hard/libstdc++.a(eh_alloc.o)
 .text._ZN10__cxxabiv1L24__is_gxx_exception_classEPc
                0x00000000080063a0       0x3c /usr/lib/gcc/arm-none-eabi/10.3.1/../../../arm-none-eabi/lib/thumb/v7e-m+dp/hard/libstdc++.a(eh_call.o)
 .text.__cxa_call_terminate
                0x00000000080063dc       0x20 /usr/lib/gcc/arm-none-eabi/10.3.1/../../../arm-none-eabi/lib/thumb/v7e-m+dp/hard/libstdc++.a(eh_call.o)
                0x00000000080063dc                __cxa_call_terminate
 .text.unlikely.__cxa_call_unexpected
                0x00000000080063fc       0xe4 /usr/lib/gcc/arm-none-eabi/10.3.1/../../../arm-none-eabi/lib/thumb/v7e-m+dp/hard/libstdc++.a(eh_call.o)
                0x00000000080063fc                __cxa_call_unexpected
 .text.__cxa_begin_catch
                0x00000000080064e0       0x7c /usr/lib/gcc/arm-none-eabi/10.3.1/../../../arm-none-eabi/lib/thumb/v7e-m+dp/hard/libstdc++.a(eh_catch.o)
                0x00000000080064e0                __cxa_begin_catch
 .text.__cxa_end_catch
                0x000000000800655c       0x8c /usr/lib/gcc/arm-none-eabi/10.3.1/../../../arm-none-eabi/lib/thumb/v7e-m+dp/hard/libstdc++.a(eh_catch.o)
                0x000000000800655c                __cxa_end_catch
 .text._ZL23__gxx_exception_cleanup19_Unwind_Reason_CodeP21_Unwind_Control_Block
                0x00000000080065e8       0x4c /usr/lib/gcc/arm-none-eabi/10.3.1/../../../arm-none-eabi/lib/thumb/v7e-m+dp/hard/libstdc++.a(eh_throw.o)
 .text.__cxa_init_primary_exception
                0x0000000008006634       0x58 /usr/lib/gcc/arm-none-eabi/10.3.1/../../../arm-none-eabi/lib/thumb/v7e-m+dp/hard/libstdc++.a(eh_throw.o)
                0x0000000008006634                __cxa_init_primary_exception
 .text.__cxa_throw
                0x000000000800668c       0x38 /usr/lib/gcc/arm-none-eabi/10.3.1/../../../arm-none-eabi/lib/thumb/v7e-m+dp/hard/libstdc++.a(eh_throw.o)
                0x000000000800668c                __cxa_throw
 .text.__cxa_rethrow
                0x00000000080066c4       0x70 /usr/lib/gcc/arm-none-eabi/10.3.1/../../../arm-none-eabi/lib/thumb/v7e-m+dp/hard/libstdc++.a(eh_throw.o)
                0x00000000080066c4                __cxa_rethrow
 .text._ZSt15get_new_handlerv
                0x0000000008006734       0x10 /usr/lib/gcc/arm-none-eabi/10.3.1/../../../arm-none-eabi/lib/thumb/v7e-m+dp/hard/libstdc++.a(new_handler.o)
                0x0000000008006734                std::get_new_handler()
 .text.startup  0x0000000008006744       0x14 /usr/lib/gcc/arm-none-eabi/10.3.1/../../../arm-none-eabi/lib/thumb/v7e-m+dp/hard/libc.a(lib_a-__call_atexit.o)
 .text.unlikely
                0x0000000008006758        0xc /usr/lib/gcc/arm-none-eabi/10.3.1/thumb/v7e-m+dp/hard/libgcc.a(pr-support.o)
                0x0000000008006758                _Unwind_GetDataRelBase
                0x000000000800675e                _Unwind_GetTextRelBase
 *(.glue_7)
 .glue_7        0x0000000008006764        0x0 linker stubs
 *(.glue_7t)
 .glue_7t       0x0000000008006764        0x0 linker stubs
 *(.eh_frame)
 .eh_frame      0x0000000008006764        0x0 /usr/lib/gcc/arm-none-eabi/10.3.1/thumb/v7e-m+dp/hard/crtbegin.o
 *(.init)
 .init          0x0000000008006764        0x4 /usr/lib/gcc/arm-none-eabi/10.3.1/thumb/v7e-m+dp/hard/crti.o
                0x0000000008006764                _init
 .init          0x0000000008006768        0x8 /usr/lib/gcc/arm-none-eabi/10.3.1/thumb/v7e-m+dp/hard/crtn.o
 *(.fini)
 .fini          0x0000000008006770        0x4 /usr/lib/gcc/arm-none-eabi/10.3.1/thumb/v7e-m+dp/hard/crti.o
                0x0000000008006770                _fini
 .fini          0x0000000008006774        0x8 /usr/lib/gcc/arm-none-eabi/10.3.1/thumb/v7e-m+dp/hard/crtn.o
                0x000000000800677c                . = ALIGN (0x4)
                0x000000000800677c                _etext = .

.vfp11_veneer   0x000000000800677c        0x0
 .vfp11_veneer  0x000000000800677c        0x0 linker stubs

.v4_bx          0x000000000800677c        0x0
 .v4_bx         0x000000000800677c        0x0 linker stubs

.iplt           0x000000000800677c        0x0
 .iplt          0x000000000800677c        0x0 /usr/lib/gcc/arm-none-eabi/10.3.1/thumb/v7e-m+dp/hard/crtbegin.o

.rodata         0x000000000800677c      0x224
                0x000000000800677c                . = ALIGN (0x4)
 *(.rodata)
 .rodata        0x000000000800677c        0x4 /usr/lib/gcc/arm-none-eabi/10.3.1/../../../arm-none-eabi/lib/thumb/v7e-m+dp/hard/libc.a(lib_a-impure.o)
                0x000000000800677c                _global_impure_ptr
 *(.rodata*)
 .rodata.D1CorePrescTable
                0x0000000008006780       0x10 build/system_stm32h7xx.o
                0x0000000008006780                D1CorePrescTable
 .rodata.vTaskStartScheduler.str1.4
                0x0000000008006790        0x5 build/tasks.o
 *fill*         0x0000000008006795        0x3 
 .rodata.prvCheckForValidListAndQueue.str1.4
                0x0000000008006798        0x5 build/timers.o
 *fill*         0x000000000800679d        0x3 
 .rodata.xTimerCreateTimerTask.str1.4
                0x00000000080067a0        0x8 build/timers.o
 .rodata.str1.4
                0x00000000080067a8        0xc build/main.o
 .rodata._ZL22defaultTask_attributes
                0x00000000080067b4       0x24 build/main.o
 .rodata._ZNKSt13bad_exception4whatEv.str1.4
                0x00000000080067d8       0x13 /usr/lib/gcc/arm-none-eabi/10.3.1/../../../arm-none-eabi/lib/thumb/v7e-m+dp/hard/libstdc++.a(eh_exception.o)
 *fill*         0x00000000080067eb        0x1 
 .rodata._ZTIN10__cxxabiv115__forced_unwindE
                0x00000000080067ec        0x8 /usr/lib/gcc/arm-none-eabi/10.3.1/../../../arm-none-eabi/lib/thumb/v7e-m+dp/hard/libstdc++.a(eh_exception.o)
                0x00000000080067ec                typeinfo for __cxxabiv1::__forced_unwind
 .rodata._ZTIN10__cxxabiv119__foreign_exceptionE
                0x00000000080067f4        0x8 /usr/lib/gcc/arm-none-eabi/10.3.1/../../../arm-none-eabi/lib/thumb/v7e-m+dp/hard/libstdc++.a(eh_exception.o)
                0x00000000080067f4                typeinfo for __cxxabiv1::__foreign_exception
 .rodata._ZTISt13bad_exception
                0x00000000080067fc        0xc /usr/lib/gcc/arm-none-eabi/10.3.1/../../../arm-none-eabi/lib/thumb/v7e-m+dp/hard/libstdc++.a(eh_exception.o)
                0x00000000080067fc                typeinfo for std::bad_exception
 .rodata._ZTISt9exception
                0x0000000008006808        0x8 /usr/lib/gcc/arm-none-eabi/10.3.1/../../../arm-none-eabi/lib/thumb/v7e-m+dp/hard/libstdc++.a(eh_exception.o)
                0x0000000008006808                typeinfo for std::exception
 .rodata._ZTSN10__cxxabiv115__forced_unwindE
                0x0000000008006810       0x20 /usr/lib/gcc/arm-none-eabi/10.3.1/../../../arm-none-eabi/lib/thumb/v7e-m+dp/hard/libstdc++.a(eh_exception.o)
                0x0000000008006810                typeinfo name for __cxxabiv1::__forced_unwind
 .rodata._ZTSN10__cxxabiv119__foreign_exceptionE
                0x0000000008006830       0x24 /usr/lib/gcc/arm-none-eabi/10.3.1/../../../arm-none-eabi/lib/thumb/v7e-m+dp/hard/libstdc++.a(eh_exception.o)
                0x0000000008006830                typeinfo name for __cxxabiv1::__foreign_exception
 .rodata._ZTSSt13bad_exception
                0x0000000008006854       0x12 /usr/lib/gcc/arm-none-eabi/10.3.1/../../../arm-none-eabi/lib/thumb/v7e-m+dp/hard/libstdc++.a(eh_exception.o)
                0x0000000008006854                typeinfo name for std::bad_exception
 *fill*         0x0000000008006866        0x2 
 .rodata._ZTSSt9exception
                0x0000000008006868        0xd /usr/lib/gcc/arm-none-eabi/10.3.1/../../../arm-none-eabi/lib/thumb/v7e-m+dp/hard/libstdc++.a(eh_exception.o)
                0x0000000008006868                typeinfo name for std::exception
 *fill*         0x0000000008006875        0x3 
 .rodata._ZTVSt13bad_exception
                0x0000000008006878       0x14 /usr/lib/gcc/arm-none-eabi/10.3.1/../../../arm-none-eabi/lib/thumb/v7e-m+dp/hard/libstdc++.a(eh_exception.o)
                0x0000000008006878                vtable for std::bad_exception
 .rodata._ZTIN10__cxxabiv120__si_class_type_infoE
                0x000000000800688c        0xc /usr/lib/gcc/arm-none-eabi/10.3.1/../../../arm-none-eabi/lib/thumb/v7e-m+dp/hard/libstdc++.a(si_class_type_info.o)
                0x000000000800688c                typeinfo for __cxxabiv1::__si_class_type_info
 .rodata._ZTSN10__cxxabiv120__si_class_type_infoE
                0x0000000008006898       0x25 /usr/lib/gcc/arm-none-eabi/10.3.1/../../../arm-none-eabi/lib/thumb/v7e-m+dp/hard/libstdc++.a(si_class_type_info.o)
                0x0000000008006898                typeinfo name for __cxxabiv1::__si_class_type_info
 *fill*         0x00000000080068bd        0x3 
 .rodata._ZTVN10__cxxabiv120__si_class_type_infoE
                0x00000000080068c0       0x2c /usr/lib/gcc/arm-none-eabi/10.3.1/../../../arm-none-eabi/lib/thumb/v7e-m+dp/hard/libstdc++.a(si_class_type_info.o)
                0x00000000080068c0                vtable for __cxxabiv1::__si_class_type_info
 .rodata._ZTISt9type_info
                0x00000000080068ec        0x8 /usr/lib/gcc/arm-none-eabi/10.3.1/../../../arm-none-eabi/lib/thumb/v7e-m+dp/hard/libstdc++.a(tinfo.o)
                0x00000000080068ec                typeinfo for std::type_info
 .rodata._ZTSSt9type_info
                0x00000000080068f4        0xd /usr/lib/gcc/arm-none-eabi/10.3.1/../../../arm-none-eabi/lib/thumb/v7e-m+dp/hard/libstdc++.a(tinfo.o)
                0x00000000080068f4                typeinfo name for std::type_info
 *fill*         0x0000000008006901        0x3 
 .rodata._ZNKSt9bad_alloc4whatEv.str1.4
                0x0000000008006904        0xf /usr/lib/gcc/arm-none-eabi/10.3.1/../../../arm-none-eabi/lib/thumb/v7e-m+dp/hard/libstdc++.a(bad_alloc.o)
 *fill*         0x0000000008006913        0x1 
 .rodata._ZTISt9bad_alloc
                0x0000000008006914        0xc /usr/lib/gcc/arm-none-eabi/10.3.1/../../../arm-none-eabi/lib/thumb/v7e-m+dp/hard/libstdc++.a(bad_alloc.o)
                0x0000000008006914                typeinfo for std::bad_alloc
 .rodata._ZTSSt9bad_alloc
                0x0000000008006920        0xd /usr/lib/gcc/arm-none-eabi/10.3.1/../../../arm-none-eabi/lib/thumb/v7e-m+dp/hard/libstdc++.a(bad_alloc.o)
                0x0000000008006920                typeinfo name for std::bad_alloc
 *fill*         0x000000000800692d        0x3 
 .rodata._ZTVSt9bad_alloc
                0x0000000008006930       0x14 /usr/lib/gcc/arm-none-eabi/10.3.1/../../../arm-none-eabi/lib/thumb/v7e-m+dp/hard/libstdc++.a(bad_alloc.o)
                0x0000000008006930                vtable for std::bad_alloc
 .rodata._ZTIN10__cxxabiv117__class_type_infoE
                0x0000000008006944        0xc /usr/lib/gcc/arm-none-eabi/10.3.1/../../../arm-none-eabi/lib/thumb/v7e-m+dp/hard/libstdc++.a(class_type_info.o)
                0x0000000008006944                typeinfo for __cxxabiv1::__class_type_info
 .rodata._ZTSN10__cxxabiv117__class_type_infoE
                0x0000000008006950       0x22 /usr/lib/gcc/arm-none-eabi/10.3.1/../../../arm-none-eabi/lib/thumb/v7e-m+dp/hard/libstdc++.a(class_type_info.o)
                0x0000000008006950                typeinfo name for __cxxabiv1::__class_type_info
 *fill*         0x0000000008006972        0x2 
 .rodata._ZTVN10__cxxabiv117__class_type_infoE
                0x0000000008006974       0x2c /usr/lib/gcc/arm-none-eabi/10.3.1/../../../arm-none-eabi/lib/thumb/v7e-m+dp/hard/libstdc++.a(class_type_info.o)
                0x0000000008006974                vtable for __cxxabiv1::__class_type_info
                0x00000000080069a0                . = ALIGN (0x4)

.ARM.extab      0x00000000080069a0       0xfc
 *(.ARM.extab* .gnu.linkonce.armextab.*)
 .ARM.extab.text._ZN8STM32LED3LED6toggleEv
                0x00000000080069a0        0xc build/LED.o
 .ARM.extab.text._Z16StartDefaultTaskPv
                0x00000000080069ac        0xc build/main.o
 .ARM.extab.text.HAL_TIM_PeriodElapsedCallback
                0x00000000080069b8        0xc build/main.o
 .ARM.extab.text.main
                0x00000000080069c4       0x20 build/main.o
 .ARM.extab.text._ZL21base_of_encoded_valuehP15_Unwind_Context
                0x00000000080069e4        0xc /usr/lib/gcc/arm-none-eabi/10.3.1/../../../arm-none-eabi/lib/thumb/v7e-m+dp/hard/libstdc++.a(eh_personality.o)
 .ARM.extab.text.__gxx_personality_v0
                0x00000000080069f0       0x24 /usr/lib/gcc/arm-none-eabi/10.3.1/../../../arm-none-eabi/lib/thumb/v7e-m+dp/hard/libstdc++.a(eh_personality.o)
 .ARM.extab.text._ZN10__cxxabiv111__terminateEPFvvE
                0x0000000008006a14       0x28 /usr/lib/gcc/arm-none-eabi/10.3.1/../../../arm-none-eabi/lib/thumb/v7e-m+dp/hard/libstdc++.a(eh_terminate.o)
 .ARM.extab.text._ZN10__cxxabiv112__unexpectedEPFvvE
                0x0000000008006a3c        0xc /usr/lib/gcc/arm-none-eabi/10.3.1/../../../arm-none-eabi/lib/thumb/v7e-m+dp/hard/libstdc++.a(eh_terminate.o)
 .ARM.extab.text._ZSt10unexpectedv
                0x0000000008006a48        0xc /usr/lib/gcc/arm-none-eabi/10.3.1/../../../arm-none-eabi/lib/thumb/v7e-m+dp/hard/libstdc++.a(eh_terminate.o)
 .ARM.extab.text.unlikely.__cxa_call_unexpected
                0x0000000008006a54       0x24 /usr/lib/gcc/arm-none-eabi/10.3.1/../../../arm-none-eabi/lib/thumb/v7e-m+dp/hard/libstdc++.a(eh_call.o)
 .ARM.extab.text.__cxa_begin_catch
                0x0000000008006a78        0xc /usr/lib/gcc/arm-none-eabi/10.3.1/../../../arm-none-eabi/lib/thumb/v7e-m+dp/hard/libstdc++.a(eh_catch.o)
 .ARM.extab     0x0000000008006a84       0x18 /usr/lib/gcc/arm-none-eabi/10.3.1/thumb/v7e-m+dp/hard/libgcc.a(pr-support.o)

.ARM            0x0000000008006a9c      0x1c0
                0x0000000008006a9c                __exidx_start = .
 *(.ARM.exidx*)
 .ARM.exidx     0x0000000008006a9c       0x80 /usr/lib/gcc/arm-none-eabi/10.3.1/thumb/v7e-m+dp/hard/libgcc.a(unwind-arm.o)
                                         0xd8 (size before relaxing)
 .ARM.exidx     0x0000000008006b1c       0x38 /usr/lib/gcc/arm-none-eabi/10.3.1/thumb/v7e-m+dp/hard/libgcc.a(pr-support.o)
 .ARM.exidx.text._ZN8STM32LED3LEDC2EP12GPIO_TypeDeft
                0x0000000008006b54        0x0 build/LED.o
                                          0x8 (size before relaxing)
 .ARM.exidx.text._ZN8STM32LED3LED6toggleEv
                0x0000000008006b54        0x8 build/LED.o
 .ARM.exidx.text._ZL12MX_GPIO_Initv
                0x0000000008006b5c        0x8 build/main.o
 .ARM.exidx.text._Z16StartDefaultTaskPv
                0x0000000008006b64        0x8 build/main.o
 .ARM.exidx.text.HAL_TIM_PeriodElapsedCallback
                0x0000000008006b6c        0x8 build/main.o
 .ARM.exidx.text.Error_Handler
                0x0000000008006b74        0x8 build/main.o
 .ARM.exidx.text._Z18SystemClock_Configv
                0x0000000008006b7c        0x8 build/main.o
 .ARM.exidx.text.main
                0x0000000008006b84       0x10 build/main.o
                                          0x8 (size before relaxing)
 .ARM.exidx.text._ZdlPvj
                0x0000000008006b94        0x0 /usr/lib/gcc/arm-none-eabi/10.3.1/../../../arm-none-eabi/lib/thumb/v7e-m+dp/hard/libstdc++.a(del_ops.o)
                                          0x8 (size before relaxing)
 .ARM.exidx.text.__cxa_type_match
                0x0000000008006b94        0x8 /usr/lib/gcc/arm-none-eabi/10.3.1/../../../arm-none-eabi/lib/thumb/v7e-m+dp/hard/libstdc++.a(eh_arm.o)
 .ARM.exidx.text.__cxa_begin_cleanup
                0x0000000008006b9c        0x8 /usr/lib/gcc/arm-none-eabi/10.3.1/../../../arm-none-eabi/lib/thumb/v7e-m+dp/hard/libstdc++.a(eh_arm.o)
 .ARM.exidx.text.__gnu_end_cleanup
                0x0000000008006ba4        0x0 /usr/lib/gcc/arm-none-eabi/10.3.1/../../../arm-none-eabi/lib/thumb/v7e-m+dp/hard/libstdc++.a(eh_arm.o)
                                          0x8 (size before relaxing)
 .ARM.exidx.text._ZNSt9exceptionD2Ev
                0x0000000008006ba4        0x0 /usr/lib/gcc/arm-none-eabi/10.3.1/../../../arm-none-eabi/lib/thumb/v7e-m+dp/hard/libstdc++.a(eh_exception.o)
                                          0x8 (size before relaxing)
 .ARM.exidx.text._ZNSt13bad_exceptionD2Ev
                0x0000000008006ba4        0x0 /usr/lib/gcc/arm-none-eabi/10.3.1/../../../arm-none-eabi/lib/thumb/v7e-m+dp/hard/libstdc++.a(eh_exception.o)
                                          0x8 (size before relaxing)
 .ARM.exidx.text._ZNKSt13bad_exception4whatEv
                0x0000000008006ba4        0x0 /usr/lib/gcc/arm-none-eabi/10.3.1/../../../arm-none-eabi/lib/thumb/v7e-m+dp/hard/libstdc++.a(eh_exception.o)
                                          0x8 (size before relaxing)
 .ARM.exidx.text._ZNSt13bad_exceptionD0Ev
                0x0000000008006ba4        0x0 /usr/lib/gcc/arm-none-eabi/10.3.1/../../../arm-none-eabi/lib/thumb/v7e-m+dp/hard/libstdc++.a(eh_exception.o)
                                          0x8 (size before relaxing)
 .ARM.exidx.text.__cxa_get_globals_fast
                0x0000000008006ba4        0x0 /usr/lib/gcc/arm-none-eabi/10.3.1/../../../arm-none-eabi/lib/thumb/v7e-m+dp/hard/libstdc++.a(eh_globals.o)
                                          0x8 (size before relaxing)
 .ARM.exidx.text.__cxa_get_globals
                0x0000000008006ba4        0x0 /usr/lib/gcc/arm-none-eabi/10.3.1/../../../arm-none-eabi/lib/thumb/v7e-m+dp/hard/libstdc++.a(eh_globals.o)
                                          0x8 (size before relaxing)
 .ARM.exidx.text._ZL28read_encoded_value_with_basehjPKhPj
                0x0000000008006ba4        0x8 /usr/lib/gcc/arm-none-eabi/10.3.1/../../../arm-none-eabi/lib/thumb/v7e-m+dp/hard/libstdc++.a(eh_personality.o)
 .ARM.exidx.text._ZL21base_of_encoded_valuehP15_Unwind_Context
                0x0000000008006bac        0x8 /usr/lib/gcc/arm-none-eabi/10.3.1/../../../arm-none-eabi/lib/thumb/v7e-m+dp/hard/libstdc++.a(eh_personality.o)
 .ARM.exidx.text._ZL17parse_lsda_headerP15_Unwind_ContextPKhP16lsda_header_info
                0x0000000008006bb4        0x8 /usr/lib/gcc/arm-none-eabi/10.3.1/../../../arm-none-eabi/lib/thumb/v7e-m+dp/hard/libstdc++.a(eh_personality.o)
 .ARM.exidx.text.__gxx_personality_v0
                0x0000000008006bbc        0x8 /usr/lib/gcc/arm-none-eabi/10.3.1/../../../arm-none-eabi/lib/thumb/v7e-m+dp/hard/libstdc++.a(eh_personality.o)
 .ARM.exidx.text._ZN10__cxxabiv111__terminateEPFvvE
                0x0000000008006bc4        0x8 /usr/lib/gcc/arm-none-eabi/10.3.1/../../../arm-none-eabi/lib/thumb/v7e-m+dp/hard/libstdc++.a(eh_terminate.o)
 .ARM.exidx.text._ZSt9terminatev
                0x0000000008006bcc        0x8 /usr/lib/gcc/arm-none-eabi/10.3.1/../../../arm-none-eabi/lib/thumb/v7e-m+dp/hard/libstdc++.a(eh_terminate.o)
 .ARM.exidx.text._ZN10__cxxabiv112__unexpectedEPFvvE
                0x0000000008006bd4        0x8 /usr/lib/gcc/arm-none-eabi/10.3.1/../../../arm-none-eabi/lib/thumb/v7e-m+dp/hard/libstdc++.a(eh_terminate.o)
 .ARM.exidx.text._ZSt10unexpectedv
                0x0000000008006bdc        0x8 /usr/lib/gcc/arm-none-eabi/10.3.1/../../../arm-none-eabi/lib/thumb/v7e-m+dp/hard/libstdc++.a(eh_terminate.o)
 .ARM.exidx.text._ZSt13get_terminatev
                0x0000000008006be4        0x8 /usr/lib/gcc/arm-none-eabi/10.3.1/../../../arm-none-eabi/lib/thumb/v7e-m+dp/hard/libstdc++.a(eh_terminate.o)
 .ARM.exidx.text._ZSt14get_unexpectedv
                0x0000000008006bec        0x0 /usr/lib/gcc/arm-none-eabi/10.3.1/../../../arm-none-eabi/lib/thumb/v7e-m+dp/hard/libstdc++.a(eh_terminate.o)
                                          0x8 (size before relaxing)
 .ARM.exidx.text._Znwj
                0x0000000008006bec        0x8 /usr/lib/gcc/arm-none-eabi/10.3.1/../../../arm-none-eabi/lib/thumb/v7e-m+dp/hard/libstdc++.a(new_op.o)
 .ARM.exidx.text._ZN10__cxxabiv120__si_class_type_infoD2Ev
                0x0000000008006bf4        0x8 /usr/lib/gcc/arm-none-eabi/10.3.1/../../../arm-none-eabi/lib/thumb/v7e-m+dp/hard/libstdc++.a(si_class_type_info.o)
 .ARM.exidx.text._ZN10__cxxabiv120__si_class_type_infoD0Ev
                0x0000000008006bfc        0x0 /usr/lib/gcc/arm-none-eabi/10.3.1/../../../arm-none-eabi/lib/thumb/v7e-m+dp/hard/libstdc++.a(si_class_type_info.o)
                                          0x8 (size before relaxing)
 .ARM.exidx.text._ZNK10__cxxabiv120__si_class_type_info20__do_find_public_srcEiPKvPKNS_17__class_type_infoES2_
                0x0000000008006bfc        0x0 /usr/lib/gcc/arm-none-eabi/10.3.1/../../../arm-none-eabi/lib/thumb/v7e-m+dp/hard/libstdc++.a(si_class_type_info.o)
                                          0x8 (size before relaxing)
 .ARM.exidx.text._ZNK10__cxxabiv120__si_class_type_info12__do_dyncastEiNS_17__class_type_info10__sub_kindEPKS1_PKvS4_S6_RNS1_16__dyncast_resultE
                0x0000000008006bfc        0x0 /usr/lib/gcc/arm-none-eabi/10.3.1/../../../arm-none-eabi/lib/thumb/v7e-m+dp/hard/libstdc++.a(si_class_type_info.o)
                                          0x8 (size before relaxing)
 .ARM.exidx.text._ZNK10__cxxabiv120__si_class_type_info11__do_upcastEPKNS_17__class_type_infoEPKvRNS1_15__upcast_resultE
                0x0000000008006bfc        0x8 /usr/lib/gcc/arm-none-eabi/10.3.1/../../../arm-none-eabi/lib/thumb/v7e-m+dp/hard/libstdc++.a(si_class_type_info.o)
 .ARM.exidx.text._ZNSt9type_infoD2Ev
                0x0000000008006c04        0x8 /usr/lib/gcc/arm-none-eabi/10.3.1/../../../arm-none-eabi/lib/thumb/v7e-m+dp/hard/libstdc++.a(tinfo.o)
 .ARM.exidx.text._ZNKSt9type_info14__is_pointer_pEv
                0x0000000008006c0c        0x0 /usr/lib/gcc/arm-none-eabi/10.3.1/../../../arm-none-eabi/lib/thumb/v7e-m+dp/hard/libstdc++.a(tinfo.o)
                                          0x8 (size before relaxing)
 .ARM.exidx.text._ZNKSt9type_infoeqERKS_
                0x0000000008006c0c        0x0 /usr/lib/gcc/arm-none-eabi/10.3.1/../../../arm-none-eabi/lib/thumb/v7e-m+dp/hard/libstdc++.a(tinfo.o)
                                          0x8 (size before relaxing)
 .ARM.exidx.text._ZNKSt9bad_alloc4whatEv
                0x0000000008006c0c        0x0 /usr/lib/gcc/arm-none-eabi/10.3.1/../../../arm-none-eabi/lib/thumb/v7e-m+dp/hard/libstdc++.a(bad_alloc.o)
                                          0x8 (size before relaxing)
 .ARM.exidx.text._ZNSt9bad_allocD2Ev
                0x0000000008006c0c        0x0 /usr/lib/gcc/arm-none-eabi/10.3.1/../../../arm-none-eabi/lib/thumb/v7e-m+dp/hard/libstdc++.a(bad_alloc.o)
                                          0x8 (size before relaxing)
 .ARM.exidx.text._ZNSt9bad_allocD0Ev
                0x0000000008006c0c        0x0 /usr/lib/gcc/arm-none-eabi/10.3.1/../../../arm-none-eabi/lib/thumb/v7e-m+dp/hard/libstdc++.a(bad_alloc.o)
                                          0x8 (size before relaxing)
 .ARM.exidx.text._ZNK10__cxxabiv117__class_type_info11__do_upcastEPKS0_PPv
                0x0000000008006c0c        0x8 /usr/lib/gcc/arm-none-eabi/10.3.1/../../../arm-none-eabi/lib/thumb/v7e-m+dp/hard/libstdc++.a(class_type_info.o)
 .ARM.exidx.text._ZNK10__cxxabiv117__class_type_info20__do_find_public_srcEiPKvPKS0_S2_
                0x0000000008006c14        0x8 /usr/lib/gcc/arm-none-eabi/10.3.1/../../../arm-none-eabi/lib/thumb/v7e-m+dp/hard/libstdc++.a(class_type_info.o)
 .ARM.exidx.text._ZN10__cxxabiv117__class_type_infoD2Ev
                0x0000000008006c1c        0x0 /usr/lib/gcc/arm-none-eabi/10.3.1/../../../arm-none-eabi/lib/thumb/v7e-m+dp/hard/libstdc++.a(class_type_info.o)
                                          0x8 (size before relaxing)
 .ARM.exidx.text._ZN10__cxxabiv117__class_type_infoD0Ev
                0x0000000008006c1c        0x0 /usr/lib/gcc/arm-none-eabi/10.3.1/../../../arm-none-eabi/lib/thumb/v7e-m+dp/hard/libstdc++.a(class_type_info.o)
                                          0x8 (size before relaxing)
 .ARM.exidx.text._ZNK10__cxxabiv117__class_type_info12__do_dyncastEiNS0_10__sub_kindEPKS0_PKvS3_S5_RNS0_16__dyncast_resultE
                0x0000000008006c1c        0x0 /usr/lib/gcc/arm-none-eabi/10.3.1/../../../arm-none-eabi/lib/thumb/v7e-m+dp/hard/libstdc++.a(class_type_info.o)
                                          0x8 (size before relaxing)
 .ARM.exidx.text._ZNK10__cxxabiv117__class_type_info11__do_upcastEPKS0_PKvRNS0_15__upcast_resultE
                0x0000000008006c1c        0x0 /usr/lib/gcc/arm-none-eabi/10.3.1/../../../arm-none-eabi/lib/thumb/v7e-m+dp/hard/libstdc++.a(class_type_info.o)
                                          0x8 (size before relaxing)
 .ARM.exidx.text._ZNK10__cxxabiv117__class_type_info10__do_catchEPKSt9type_infoPPvj
                0x0000000008006c1c        0x0 /usr/lib/gcc/arm-none-eabi/10.3.1/../../../arm-none-eabi/lib/thumb/v7e-m+dp/hard/libstdc++.a(class_type_info.o)
                                          0x8 (size before relaxing)
 .ARM.exidx.text._ZdlPv
                0x0000000008006c1c        0x0 /usr/lib/gcc/arm-none-eabi/10.3.1/../../../arm-none-eabi/lib/thumb/v7e-m+dp/hard/libstdc++.a(del_op.o)
                                          0x8 (size before relaxing)
 .ARM.exidx.text._ZN12_GLOBAL__N_14pool4freeEPv.constprop.0
                0x0000000008006c1c        0x0 /usr/lib/gcc/arm-none-eabi/10.3.1/../../../arm-none-eabi/lib/thumb/v7e-m+dp/hard/libstdc++.a(eh_alloc.o)
                                          0x8 (size before relaxing)
 .ARM.exidx.text._ZN12_GLOBAL__N_14pool8allocateEj.constprop.0
                0x0000000008006c1c        0x0 /usr/lib/gcc/arm-none-eabi/10.3.1/../../../arm-none-eabi/lib/thumb/v7e-m+dp/hard/libstdc++.a(eh_alloc.o)
                                          0x8 (size before relaxing)
 .ARM.exidx.text.__cxa_allocate_exception
                0x0000000008006c1c        0x0 /usr/lib/gcc/arm-none-eabi/10.3.1/../../../arm-none-eabi/lib/thumb/v7e-m+dp/hard/libstdc++.a(eh_alloc.o)
                                          0x8 (size before relaxing)
 .ARM.exidx.text.__cxa_free_exception
                0x0000000008006c1c        0x0 /usr/lib/gcc/arm-none-eabi/10.3.1/../../../arm-none-eabi/lib/thumb/v7e-m+dp/hard/libstdc++.a(eh_alloc.o)
                                          0x8 (size before relaxing)
 .ARM.exidx.text.startup._GLOBAL__sub_I__ZN9__gnu_cxx9__freeresEv
                0x0000000008006c1c        0x0 /usr/lib/gcc/arm-none-eabi/10.3.1/../../../arm-none-eabi/lib/thumb/v7e-m+dp/hard/libstdc++.a(eh_alloc.o)
                                          0x8 (size before relaxing)
 .ARM.exidx.text._ZN10__cxxabiv1L24__is_gxx_exception_classEPc
                0x0000000008006c1c        0x0 /usr/lib/gcc/arm-none-eabi/10.3.1/../../../arm-none-eabi/lib/thumb/v7e-m+dp/hard/libstdc++.a(eh_call.o)
                                          0x8 (size before relaxing)
 .ARM.exidx.text.__cxa_call_terminate
                0x0000000008006c1c        0x0 /usr/lib/gcc/arm-none-eabi/10.3.1/../../../arm-none-eabi/lib/thumb/v7e-m+dp/hard/libstdc++.a(eh_call.o)
                                          0x8 (size before relaxing)
 .ARM.exidx.text.unlikely.__cxa_call_unexpected
                0x0000000008006c1c        0x8 /usr/lib/gcc/arm-none-eabi/10.3.1/../../../arm-none-eabi/lib/thumb/v7e-m+dp/hard/libstdc++.a(eh_call.o)
 .ARM.exidx.text.__cxa_begin_catch
                0x0000000008006c24        0x8 /usr/lib/gcc/arm-none-eabi/10.3.1/../../../arm-none-eabi/lib/thumb/v7e-m+dp/hard/libstdc++.a(eh_catch.o)
 .ARM.exidx.text.__cxa_end_catch
                0x0000000008006c2c        0x8 /usr/lib/gcc/arm-none-eabi/10.3.1/../../../arm-none-eabi/lib/thumb/v7e-m+dp/hard/libstdc++.a(eh_catch.o)
 .ARM.exidx.text._ZL23__gxx_exception_cleanup19_Unwind_Reason_CodeP21_Unwind_Control_Block
                0x0000000008006c34        0x8 /usr/lib/gcc/arm-none-eabi/10.3.1/../../../arm-none-eabi/lib/thumb/v7e-m+dp/hard/libstdc++.a(eh_throw.o)
 .ARM.exidx.text.__cxa_init_primary_exception
                0x0000000008006c3c        0x8 /usr/lib/gcc/arm-none-eabi/10.3.1/../../../arm-none-eabi/lib/thumb/v7e-m+dp/hard/libstdc++.a(eh_throw.o)
 .ARM.exidx.text.__cxa_throw
                0x0000000008006c44        0x8 /usr/lib/gcc/arm-none-eabi/10.3.1/../../../arm-none-eabi/lib/thumb/v7e-m+dp/hard/libstdc++.a(eh_throw.o)
 .ARM.exidx.text.__cxa_rethrow
                0x0000000008006c4c        0x8 /usr/lib/gcc/arm-none-eabi/10.3.1/../../../arm-none-eabi/lib/thumb/v7e-m+dp/hard/libstdc++.a(eh_throw.o)
 .ARM.exidx.text._ZSt15get_new_handlerv
                0x0000000008006c54        0x8 /usr/lib/gcc/arm-none-eabi/10.3.1/../../../arm-none-eabi/lib/thumb/v7e-m+dp/hard/libstdc++.a(new_handler.o)
 .ARM.exidx.text.unlikely
                0x0000000008006c5c        0x0 /usr/lib/gcc/arm-none-eabi/10.3.1/thumb/v7e-m+dp/hard/libgcc.a(pr-support.o)
                                         0x10 (size before relaxing)
                0x0000000008006c5c                __exidx_end = .

.rel.dyn        0x0000000008006c5c        0x0
 .rel.iplt      0x0000000008006c5c        0x0 /usr/lib/gcc/arm-none-eabi/10.3.1/thumb/v7e-m+dp/hard/crtbegin.o

.preinit_array  0x0000000008006c5c        0x0
                0x0000000008006c5c                PROVIDE (__preinit_array_start = .)
 *(.preinit_array*)
                0x0000000008006c5c                PROVIDE (__preinit_array_end = .)

.init_array     0x0000000008006c5c        0xc
                0x0000000008006c5c                PROVIDE (__init_array_start = .)
 *(SORT_BY_NAME(.init_array.*))
 .init_array.00000
                0x0000000008006c5c        0x4 /usr/lib/gcc/arm-none-eabi/10.3.1/../../../arm-none-eabi/lib/thumb/v7e-m+dp/hard/libc.a(lib_a-__call_atexit.o)
 *(.init_array*)
 .init_array    0x0000000008006c60        0x4 /usr/lib/gcc/arm-none-eabi/10.3.1/thumb/v7e-m+dp/hard/crtbegin.o
 .init_array    0x0000000008006c64        0x4 /usr/lib/gcc/arm-none-eabi/10.3.1/../../../arm-none-eabi/lib/thumb/v7e-m+dp/hard/libstdc++.a(eh_alloc.o)
                0x0000000008006c68                PROVIDE (__init_array_end = .)

.fini_array     0x0000000008006c68        0x4
                0x0000000008006c68                PROVIDE (__fini_array_start = .)
 *(SORT_BY_NAME(.fini_array.*))
 *(.fini_array*)
 .fini_array    0x0000000008006c68        0x4 /usr/lib/gcc/arm-none-eabi/10.3.1/thumb/v7e-m+dp/hard/crtbegin.o
                0x0000000008006c6c                PROVIDE (__fini_array_end = .)
                0x0000000008006c6c                _sidata = LOADADDR (.data)

.data           0x0000000020000000      0x85c load address 0x0000000008006c6c
                0x0000000020000000                . = ALIGN (0x4)
                0x0000000020000000                _sdata = .
 *(.data)
 .data          0x0000000020000000      0x430 /usr/lib/gcc/arm-none-eabi/10.3.1/../../../arm-none-eabi/lib/thumb/v7e-m+dp/hard/libc.a(lib_a-impure.o)
                0x0000000020000000                _impure_ptr
 .data          0x0000000020000430      0x410 /usr/lib/gcc/arm-none-eabi/10.3.1/../../../arm-none-eabi/lib/thumb/v7e-m+dp/hard/libc.a(lib_a-mallocr.o)
                0x0000000020000430                __malloc_av_
                0x0000000020000838                __malloc_sbrk_base
                0x000000002000083c                __malloc_trim_threshold
 *(.data*)
 .data.uwTickFreq
                0x0000000020000840        0x1 build/stm32h7xx_hal.o
                0x0000000020000840                uwTickFreq
 *fill*         0x0000000020000841        0x3 
 .data.uwTickPrio
                0x0000000020000844        0x4 build/stm32h7xx_hal.o
                0x0000000020000844                uwTickPrio
 .data.SystemCoreClock
                0x0000000020000848        0x4 build/system_stm32h7xx.o
                0x0000000020000848                SystemCoreClock
 .data.SystemD2Clock
                0x000000002000084c        0x4 build/system_stm32h7xx.o
                0x000000002000084c                SystemD2Clock
 .data.uxCriticalNesting
                0x0000000020000850        0x4 build/port.o
 .data._ZN10__cxxabiv120__unexpected_handlerE
                0x0000000020000854        0x4 /usr/lib/gcc/arm-none-eabi/10.3.1/../../../arm-none-eabi/lib/thumb/v7e-m+dp/hard/libstdc++.a(eh_unex_handler.o)
                0x0000000020000854                __cxxabiv1::__unexpected_handler
 .data._ZN10__cxxabiv119__terminate_handlerE
                0x0000000020000858        0x4 /usr/lib/gcc/arm-none-eabi/10.3.1/../../../arm-none-eabi/lib/thumb/v7e-m+dp/hard/libstdc++.a(eh_term_handler.o)
                0x0000000020000858                __cxxabiv1::__terminate_handler
                0x000000002000085c                . = ALIGN (0x4)
                0x000000002000085c                _edata = .

.tm_clone_table
                0x000000002000085c        0x0 load address 0x00000000080074c8
 .tm_clone_table
                0x000000002000085c        0x0 /usr/lib/gcc/arm-none-eabi/10.3.1/thumb/v7e-m+dp/hard/crtbegin.o
 .tm_clone_table
                0x000000002000085c        0x0 /usr/lib/gcc/arm-none-eabi/10.3.1/thumb/v7e-m+dp/hard/crtend.o

.igot.plt       0x000000002000085c        0x0 load address 0x00000000080074c8
 .igot.plt      0x000000002000085c        0x0 /usr/lib/gcc/arm-none-eabi/10.3.1/thumb/v7e-m+dp/hard/crtbegin.o
                0x000000002000085c                . = ALIGN (0x4)

.bss            0x000000002000085c     0x4ca4 load address 0x00000000080074c8
                0x000000002000085c                _sbss = .
                0x000000002000085c                __bss_start__ = _sbss
 *(.bss)
 .bss           0x000000002000085c       0x1c /usr/lib/gcc/arm-none-eabi/10.3.1/thumb/v7e-m+dp/hard/crtbegin.o
 .bss           0x0000000020000878       0x34 /usr/lib/gcc/arm-none-eabi/10.3.1/../../../arm-none-eabi/lib/thumb/v7e-m+dp/hard/libc.a(lib_a-mallocr.o)
                0x0000000020000878                __malloc_top_pad
                0x000000002000087c                __malloc_current_mallinfo
                0x00000000200008a4                __malloc_max_sbrked_mem
                0x00000000200008a8                __malloc_max_total_mem
 .bss           0x00000000200008ac        0x4 /usr/lib/gcc/arm-none-eabi/10.3.1/../../../arm-none-eabi/lib/thumb/v7e-m+dp/hard/libc.a(lib_a-reent.o)
                0x00000000200008ac                errno
 .bss           0x00000000200008b0        0x4 /usr/lib/gcc/arm-none-eabi/10.3.1/../../../arm-none-eabi/lib/thumb/v7e-m+dp/hard/libnosys.a(sbrk.o)
 *(.bss*)
 .bss.htim1     0x00000000200008b4       0x4c build/stm32h7xx_hal_timebase_tim.o
                0x00000000200008b4                htim1
 .bss.uwTick    0x0000000020000900        0x4 build/stm32h7xx_hal.o
                0x0000000020000900                uwTick
 .bss.xQueueRegistry
                0x0000000020000904       0x40 build/queue.o
                0x0000000020000904                xQueueRegistry
 .bss.pxCurrentTCB
                0x0000000020000944        0x4 build/tasks.o
                0x0000000020000944                pxCurrentTCB
 .bss.pxDelayedTaskList
                0x0000000020000948        0x4 build/tasks.o
 .bss.pxOverflowDelayedTaskList
                0x000000002000094c        0x4 build/tasks.o
 .bss.pxReadyTasksLists
                0x0000000020000950      0x460 build/tasks.o
 .bss.uxCurrentNumberOfTasks
                0x0000000020000db0        0x4 build/tasks.o
 .bss.uxDeletedTasksWaitingCleanUp
                0x0000000020000db4        0x4 build/tasks.o
 .bss.uxSchedulerSuspended
                0x0000000020000db8        0x4 build/tasks.o
 .bss.uxTaskNumber
                0x0000000020000dbc        0x4 build/tasks.o
 .bss.uxTopReadyPriority
                0x0000000020000dc0        0x4 build/tasks.o
 .bss.xDelayedTaskList1
                0x0000000020000dc4       0x14 build/tasks.o
 .bss.xDelayedTaskList2
                0x0000000020000dd8       0x14 build/tasks.o
 .bss.xIdleTaskHandle
                0x0000000020000dec        0x4 build/tasks.o
 .bss.xNextTaskUnblockTime
                0x0000000020000df0        0x4 build/tasks.o
 .bss.xNumOfOverflows
                0x0000000020000df4        0x4 build/tasks.o
 .bss.xPendedTicks
                0x0000000020000df8        0x4 build/tasks.o
 .bss.xPendingReadyList
                0x0000000020000dfc       0x14 build/tasks.o
 .bss.xSchedulerRunning
                0x0000000020000e10        0x4 build/tasks.o
 .bss.xSuspendedTaskList
                0x0000000020000e14       0x14 build/tasks.o
 .bss.xTasksWaitingTermination
                0x0000000020000e28       0x14 build/tasks.o
 .bss.xTickCount
                0x0000000020000e3c        0x4 build/tasks.o
 .bss.xYieldPending
                0x0000000020000e40        0x4 build/tasks.o
 .bss.pxCurrentTimerList
                0x0000000020000e44        0x4 build/timers.o
 .bss.pxOverflowTimerList
                0x0000000020000e48        0x4 build/timers.o
 .bss.ucStaticTimerQueueStorage.1
                0x0000000020000e4c       0xa0 build/timers.o
 .bss.xActiveTimerList1
                0x0000000020000eec       0x14 build/timers.o
 .bss.xActiveTimerList2
                0x0000000020000f00       0x14 build/timers.o
 .bss.xLastTime.2
                0x0000000020000f14        0x4 build/timers.o
 .bss.xStaticTimerQueue.0
                0x0000000020000f18       0x50 build/timers.o
 .bss.xTimerQueue
                0x0000000020000f68        0x4 build/timers.o
 .bss.xTimerTaskHandle
                0x0000000020000f6c        0x4 build/timers.o
 .bss.Idle_Stack.2
                0x0000000020000f70      0x200 build/cmsis_os2.o
 .bss.Idle_TCB.3
                0x0000000020001170       0x5c build/cmsis_os2.o
 .bss.KernelState
                0x00000000200011cc        0x4 build/cmsis_os2.o
 .bss.Timer_Stack.0
                0x00000000200011d0      0x400 build/cmsis_os2.o
 .bss.Timer_TCB.1
                0x00000000200015d0       0x5c build/cmsis_os2.o
 .bss.pxEnd     0x000000002000162c        0x4 build/heap_4.o
 .bss.ucHeap    0x0000000020001630     0x3e80 build/heap_4.o
 .bss.xBlockAllocatedBit
                0x00000000200054b0        0x4 build/heap_4.o
 .bss.xFreeBytesRemaining
                0x00000000200054b4        0x4 build/heap_4.o
 .bss.xMinimumEverFreeBytesRemaining
                0x00000000200054b8        0x4 build/heap_4.o
 .bss.xNumberOfSuccessfulAllocations
                0x00000000200054bc        0x4 build/heap_4.o
 .bss.xNumberOfSuccessfulFrees
                0x00000000200054c0        0x4 build/heap_4.o
 .bss.xStart    0x00000000200054c4        0x8 build/heap_4.o
 .bss.ucMaxSysCallPriority
                0x00000000200054cc        0x1 build/port.o
 *fill*         0x00000000200054cd        0x3 
 .bss.ulMaxPRIGROUPValue
                0x00000000200054d0        0x4 build/port.o
 .bss._ZN8STM32LED4LED2E
                0x00000000200054d4        0x4 build/LED.o
                0x00000000200054d4                STM32LED::LED2
 .bss._ZN8STM32LED4LED3E
                0x00000000200054d8        0x4 build/LED.o
                0x00000000200054d8                STM32LED::LED3
 .bss.defaultTaskHandle
                0x00000000200054dc        0x4 build/main.o
                0x00000000200054dc                defaultTaskHandle
 .bss._ZL10eh_globals
                0x00000000200054e0        0xc /usr/lib/gcc/arm-none-eabi/10.3.1/../../../arm-none-eabi/lib/thumb/v7e-m+dp/hard/libstdc++.a(eh_globals.o)
 .bss._ZN12_GLOBAL__N_114emergency_poolE
                0x00000000200054ec       0x10 /usr/lib/gcc/arm-none-eabi/10.3.1/../../../arm-none-eabi/lib/thumb/v7e-m+dp/hard/libstdc++.a(eh_alloc.o)
 .bss._ZN12_GLOBAL__N_113__new_handlerE
                0x00000000200054fc        0x4 /usr/lib/gcc/arm-none-eabi/10.3.1/../../../arm-none-eabi/lib/thumb/v7e-m+dp/hard/libstdc++.a(new_handler.o)
 *(COMMON)
                0x0000000020005500                . = ALIGN (0x4)
                0x0000000020005500                _ebss = .
                0x0000000020005500                __bss_end__ = _ebss

._user_heap_stack
                0x0000000020005500      0x600 load address 0x00000000080074c8
                0x0000000020005500                . = ALIGN (0x8)
                0x0000000020005500                PROVIDE (end = .)
                [!provide]                        PROVIDE (_end = .)
                0x0000000020005700                . = (. + _Min_Heap_Size)
 *fill*         0x0000000020005500      0x200 
                0x0000000020005b00                . = (. + _Min_Stack_Size)
 *fill*         0x0000000020005700      0x400 
                0x0000000020005b00                . = ALIGN (0x8)

/DISCARD/
 libc.a(*)
 libm.a(*)
 libgcc.a(*)

.ARM.attributes
                0x0000000000000000       0x2e
 *(.ARM.attributes)
 .ARM.attributes
                0x0000000000000000       0x1e /usr/lib/gcc/arm-none-eabi/10.3.1/thumb/v7e-m+dp/hard/crti.o
 .ARM.attributes
                0x000000000000001e       0x32 /usr/lib/gcc/arm-none-eabi/10.3.1/thumb/v7e-m+dp/hard/crtbegin.o
 .ARM.attributes
                0x0000000000000050       0x32 build/stm32h7xx_it.o