Archive member included to satisfy reference by file (symbol)

/usr/lib/gcc/arm-none-eabi/10.3.1/../../../arm-none-eabi/lib/thumb/v7e-m+dp/hard/libc.a(lib_a-atexit.o)
                              /usr/lib/gcc/arm-none-eabi/10.3.1/../../../arm-none-eabi/lib/thumb/v7e-m+dp/hard/crt0.o (atexit)
/usr/lib/gcc/arm-none-eabi/10.3.1/../../../arm-none-eabi/lib/thumb/v7e-m+dp/hard/libc.a(lib_a-exit.o)
                              /usr/lib/gcc/arm-none-eabi/10.3.1/../../../arm-none-eabi/lib/thumb/v7e-m+dp/hard/crt0.o (exit)
/usr/lib/gcc/arm-none-eabi/10.3.1/../../../arm-none-eabi/lib/thumb/v7e-m+dp/hard/libc.a(lib_a-fini.o)
                              /usr/lib/gcc/arm-none-eabi/10.3.1/../../../arm-none-eabi/lib/thumb/v7e-m+dp/hard/crt0.o (__libc_fini_array)
/usr/lib/gcc/arm-none-eabi/10.3.1/../../../arm-none-eabi/lib/thumb/v7e-m+dp/hard/libc.a(lib_a-impure.o)
                              /usr/lib/gcc/arm-none-eabi/10.3.1/../../../arm-none-eabi/lib/thumb/v7e-m+dp/hard/libc.a(lib_a-exit.o) (_global_impure_ptr)
/usr/lib/gcc/arm-none-eabi/10.3.1/../../../arm-none-eabi/lib/thumb/v7e-m+dp/hard/libc.a(lib_a-init.o)
                              /usr/lib/gcc/arm-none-eabi/10.3.1/../../../arm-none-eabi/lib/thumb/v7e-m+dp/hard/crt0.o (__libc_init_array)
/usr/lib/gcc/arm-none-eabi/10.3.1/../../../arm-none-eabi/lib/thumb/v7e-m+dp/hard/libc.a(lib_a-memcpy.o)
                              build/queue.o (memcpy)
/usr/lib/gcc/arm-none-eabi/10.3.1/../../../arm-none-eabi/lib/thumb/v7e-m+dp/hard/libc.a(lib_a-memset.o)
                              /usr/lib/gcc/arm-none-eabi/10.3.1/../../../arm-none-eabi/lib/thumb/v7e-m+dp/hard/crt0.o (memset)
/usr/lib/gcc/arm-none-eabi/10.3.1/../../../arm-none-eabi/lib/thumb/v7e-m+dp/hard/libc.a(lib_a-__atexit.o)
                              /usr/lib/gcc/arm-none-eabi/10.3.1/../../../arm-none-eabi/lib/thumb/v7e-m+dp/hard/libc.a(lib_a-atexit.o) (__register_exitproc)
/usr/lib/gcc/arm-none-eabi/10.3.1/../../../arm-none-eabi/lib/thumb/v7e-m+dp/hard/libc.a(lib_a-__call_atexit.o)
                              /usr/lib/gcc/arm-none-eabi/10.3.1/../../../arm-none-eabi/lib/thumb/v7e-m+dp/hard/libc.a(lib_a-exit.o) (__call_exitprocs)
/usr/lib/gcc/arm-none-eabi/10.3.1/thumb/v7e-m+dp/hard/libgcc.a(unwind-arm.o)
                              build/main.o (__aeabi_unwind_cpp_pr0)
/usr/lib/gcc/arm-none-eabi/10.3.1/thumb/v7e-m+dp/hard/libgcc.a(libunwind.o)
                              /usr/lib/gcc/arm-none-eabi/10.3.1/thumb/v7e-m+dp/hard/libgcc.a(unwind-arm.o) (restore_core_regs)
/usr/lib/gcc/arm-none-eabi/10.3.1/thumb/v7e-m+dp/hard/libgcc.a(pr-support.o)
                              /usr/lib/gcc/arm-none-eabi/10.3.1/thumb/v7e-m+dp/hard/libgcc.a(unwind-arm.o) (__gnu_unwind_execute)
/usr/lib/gcc/arm-none-eabi/10.3.1/../../../arm-none-eabi/lib/thumb/v7e-m+dp/hard/libc.a(lib_a-abort.o)
                              /usr/lib/gcc/arm-none-eabi/10.3.1/thumb/v7e-m+dp/hard/libgcc.a(unwind-arm.o) (abort)
/usr/lib/gcc/arm-none-eabi/10.3.1/../../../arm-none-eabi/lib/thumb/v7e-m+dp/hard/libc.a(lib_a-signal.o)
                              /usr/lib/gcc/arm-none-eabi/10.3.1/../../../arm-none-eabi/lib/thumb/v7e-m+dp/hard/libc.a(lib_a-abort.o) (raise)
/usr/lib/gcc/arm-none-eabi/10.3.1/../../../arm-none-eabi/lib/thumb/v7e-m+dp/hard/libc.a(lib_a-signalr.o)
                              /usr/lib/gcc/arm-none-eabi/10.3.1/../../../arm-none-eabi/lib/thumb/v7e-m+dp/hard/libc.a(lib_a-signal.o) (_kill_r)
/usr/lib/gcc/arm-none-eabi/10.3.1/../../../arm-none-eabi/lib/thumb/v7e-m+dp/hard/libc.a(lib_a-mallocr.o)
                              /usr/lib/gcc/arm-none-eabi/10.3.1/../../../arm-none-eabi/lib/thumb/v7e-m+dp/hard/libc.a(lib_a-signal.o) (_malloc_r)
/usr/lib/gcc/arm-none-eabi/10.3.1/../../../arm-none-eabi/lib/thumb/v7e-m+dp/hard/libc.a(lib_a-mlock.o)
                              /usr/lib/gcc/arm-none-eabi/10.3.1/../../../arm-none-eabi/lib/thumb/v7e-m+dp/hard/libc.a(lib_a-mallocr.o) (__malloc_lock)
/usr/lib/gcc/arm-none-eabi/10.3.1/../../../arm-none-eabi/lib/thumb/v7e-m+dp/hard/libc.a(lib_a-reent.o)
                              /usr/lib/gcc/arm-none-eabi/10.3.1/../../../arm-none-eabi/lib/thumb/v7e-m+dp/hard/libc.a(lib_a-signalr.o) (errno)
/usr/lib/gcc/arm-none-eabi/10.3.1/../../../arm-none-eabi/lib/thumb/v7e-m+dp/hard/libc.a(lib_a-sbrkr.o)
                              /usr/lib/gcc/arm-none-eabi/10.3.1/../../../arm-none-eabi/lib/thumb/v7e-m+dp/hard/libc.a(lib_a-mallocr.o) (_sbrk_r)
/usr/lib/gcc/arm-none-eabi/10.3.1/../../../arm-none-eabi/lib/thumb/v7e-m+dp/hard/libc.a(lib_a-freer.o)
                              /usr/lib/gcc/arm-none-eabi/10.3.1/../../../arm-none-eabi/lib/thumb/v7e-m+dp/hard/libc.a(lib_a-mallocr.o) (_free_r)
/usr/lib/gcc/arm-none-eabi/10.3.1/../../../arm-none-eabi/lib/thumb/v7e-m+dp/hard/libnosys.a(getpid.o)
                              /usr/lib/gcc/arm-none-eabi/10.3.1/../../../arm-none-eabi/lib/thumb/v7e-m+dp/hard/libc.a(lib_a-signalr.o) (_getpid)
[...]
Memory Configuration

Name             Origin             Length             Attributes
DTCMRAM          0x0000000020000000 0x0000000000020000 xrw
RAM_D1           0x0000000024000000 0x0000000000050000 xrw
RAM_D2           0x0000000030000000 0x0000000000008000 xrw
RAM_D3           0x0000000038000000 0x0000000000004000 xrw
ITCMRAM          0x0000000000000000 0x0000000000010000 xrw
FLASH            0x0000000008000000 0x0000000000100000 xr
*default*        0x0000000000000000 0xffffffffffffffff

Linker script and memory map

LOAD /usr/lib/gcc/arm-none-eabi/10.3.1/thumb/v7e-m+dp/hard/crti.o
LOAD /usr/lib/gcc/arm-none-eabi/10.3.1/thumb/v7e-m+dp/hard/crtbegin.o
LOAD /usr/lib/gcc/arm-none-eabi/10.3.1/../../../arm-none-eabi/lib/thumb/v7e-m+dp/hard/crt0.o
LOAD build/freertos.o
LOAD build/stm32h7xx_it.o
LOAD build/stm32h7xx_hal_msp.o
LOAD build/stm32h7xx_hal_timebase_tim.o
LOAD build/stm32h7xx_hal_cortex.o
LOAD build/stm32h7xx_hal_rcc.o
LOAD build/stm32h7xx_hal_rcc_ex.o
LOAD build/stm32h7xx_hal_flash.o
LOAD build/stm32h7xx_hal_flash_ex.o
LOAD build/stm32h7xx_hal_gpio.o
LOAD build/stm32h7xx_hal_hsem.o
LOAD build/stm32h7xx_hal_dma.o
LOAD build/stm32h7xx_hal_dma_ex.o
LOAD build/stm32h7xx_hal_mdma.o
LOAD build/stm32h7xx_hal_pwr.o
LOAD build/stm32h7xx_hal_pwr_ex.o
LOAD build/stm32h7xx_hal.o
LOAD build/stm32h7xx_hal_i2c.o
LOAD build/stm32h7xx_hal_i2c_ex.o
LOAD build/stm32h7xx_hal_exti.o
LOAD build/stm32h7xx_hal_tim.o
LOAD build/stm32h7xx_hal_tim_ex.o
LOAD build/system_stm32h7xx.o
LOAD build/croutine.o
LOAD build/event_groups.o
LOAD build/list.o
LOAD build/queue.o
LOAD build/stream_buffer.o
LOAD build/tasks.o
LOAD build/timers.o
LOAD build/cmsis_os2.o
LOAD build/heap_4.o
LOAD build/port.o
LOAD build/main.o
LOAD build/startup_stm32h733xx.o
LOAD /usr/lib/gcc/arm-none-eabi/10.3.1/../../../arm-none-eabi/lib/thumb/v7e-m+dp/hard/libnosys.a
LOAD /usr/lib/gcc/arm-none-eabi/10.3.1/../../../arm-none-eabi/lib/thumb/v7e-m+dp/hard/libstdc++.a
LOAD /usr/lib/gcc/arm-none-eabi/10.3.1/../../../arm-none-eabi/lib/thumb/v7e-m+dp/hard/libm.a
LOAD /usr/lib/gcc/arm-none-eabi/10.3.1/../../../arm-none-eabi/lib/thumb/v7e-m+dp/hard/libc.a
START GROUP
LOAD /usr/lib/gcc/arm-none-eabi/10.3.1/thumb/v7e-m+dp/hard/libgcc.a
LOAD /usr/lib/gcc/arm-none-eabi/10.3.1/../../../arm-none-eabi/lib/thumb/v7e-m+dp/hard/libc.a
END GROUP
START GROUP
LOAD /usr/lib/gcc/arm-none-eabi/10.3.1/thumb/v7e-m+dp/hard/libgcc.a
LOAD /usr/lib/gcc/arm-none-eabi/10.3.1/../../../arm-none-eabi/lib/thumb/v7e-m+dp/hard/libc.a
LOAD /usr/lib/gcc/arm-none-eabi/10.3.1/../../../arm-none-eabi/lib/thumb/v7e-m+dp/hard/libnosys.a
END GROUP
LOAD /usr/lib/gcc/arm-none-eabi/10.3.1/thumb/v7e-m+dp/hard/crtend.o
LOAD /usr/lib/gcc/arm-none-eabi/10.3.1/thumb/v7e-m+dp/hard/crtn.o
                0x0000000020020000                _estack = (ORIGIN (DTCMRAM) + LENGTH (DTCMRAM))
                0x0000000000000200                _Min_Heap_Size = 0x200
                0x0000000000000400                _Min_Stack_Size = 0x400

.isr_vector     0x0000000008000000      0x2cc
                0x0000000008000000                . = ALIGN (0x4)
 *(.isr_vector)
 .isr_vector    0x0000000008000000      0x2cc build/startup_stm32h733xx.o
                0x0000000008000000                g_pfnVectors
                0x00000000080002cc                . = ALIGN (0x4)

.text           0x00000000080002d0     0x5098
                0x00000000080002d0                . = ALIGN (0x4)
 *(.text)
 .text          0x00000000080002d0       0x88 /usr/lib/gcc/arm-none-eabi/10.3.1/thumb/v7e-m+dp/hard/crtbegin.o
 .text          0x0000000008000358        0xc /usr/lib/gcc/arm-none-eabi/10.3.1/../../../arm-none-eabi/lib/thumb/v7e-m+dp/hard/libc.a(lib_a-atexit.o)
                0x0000000008000358                atexit
 .text          0x0000000008000364       0x2c /usr/lib/gcc/arm-none-eabi/10.3.1/../../../arm-none-eabi/lib/thumb/v7e-m+dp/hard/libc.a(lib_a-fini.o)
                0x0000000008000364                __libc_fini_array
 .text          0x0000000008000390       0x48 /usr/lib/gcc/arm-none-eabi/10.3.1/../../../arm-none-eabi/lib/thumb/v7e-m+dp/hard/libc.a(lib_a-init.o)
                0x0000000008000390                __libc_init_array
 .text          0x00000000080003d8      0x134 /usr/lib/gcc/arm-none-eabi/10.3.1/../../../arm-none-eabi/lib/thumb/v7e-m+dp/hard/libc.a(lib_a-memcpy.o)
                0x00000000080003d8                memcpy
 .text          0x000000000800050c       0xa4 /usr/lib/gcc/arm-none-eabi/10.3.1/../../../arm-none-eabi/lib/thumb/v7e-m+dp/hard/libc.a(lib_a-memset.o)
                0x000000000800050c                memset
 .text          0x00000000080005b0       0x68 /usr/lib/gcc/arm-none-eabi/10.3.1/../../../arm-none-eabi/lib/thumb/v7e-m+dp/hard/libc.a(lib_a-__atexit.o)
                0x00000000080005b0                __register_exitproc
 .text          0x0000000008000618      0x9d8 /usr/lib/gcc/arm-none-eabi/10.3.1/thumb/v7e-m+dp/hard/libgcc.a(unwind-arm.o)
                0x00000000080008c0                _Unwind_GetCFA
                0x00000000080008c4                __gnu_Unwind_RaiseException
                0x000000000800092c                __gnu_Unwind_ForcedUnwind
                0x000000000800093c                __gnu_Unwind_Resume
                0x0000000008000980                __gnu_Unwind_Resume_or_Rethrow
                0x0000000008000990                _Unwind_Complete
                0x0000000008000994                _Unwind_DeleteException
                0x00000000080009a0                _Unwind_VRS_Get
                0x00000000080009ec                _Unwind_VRS_Set
                0x0000000008000a34                __gnu_Unwind_Backtrace
                0x0000000008000d60                __aeabi_unwind_cpp_pr0
                0x0000000008000d64                __aeabi_unwind_cpp_pr1
                0x0000000008000d68                __aeabi_unwind_cpp_pr2
                0x0000000008000d6c                _Unwind_VRS_Pop
 .text          0x0000000008000ff0      0x1ac /usr/lib/gcc/arm-none-eabi/10.3.1/thumb/v7e-m+dp/hard/libgcc.a(libunwind.o)
                0x0000000008000ff0                __restore_core_regs
                0x0000000008000ff0                restore_core_regs
                0x0000000008001008                __gnu_Unwind_Restore_VFP
                0x0000000008001010                __gnu_Unwind_Save_VFP
                0x0000000008001018                __gnu_Unwind_Restore_VFP_D
                0x0000000008001020                __gnu_Unwind_Save_VFP_D
                0x0000000008001028                __gnu_Unwind_Restore_VFP_D_16_to_31
                0x0000000008001030                __gnu_Unwind_Save_VFP_D_16_to_31
                0x0000000008001038                __gnu_Unwind_Restore_WMMXD
                0x000000000800107c                __gnu_Unwind_Save_WMMXD
                0x00000000080010c0                __gnu_Unwind_Restore_WMMXC
                0x00000000080010d4                __gnu_Unwind_Save_WMMXC
                0x00000000080010e8                ___Unwind_RaiseException
                0x00000000080010e8                _Unwind_RaiseException
                0x000000000800110c                ___Unwind_Resume
                0x000000000800110c                _Unwind_Resume
                0x0000000008001130                _Unwind_Resume_or_Rethrow
                0x0000000008001130                ___Unwind_Resume_or_Rethrow
                0x0000000008001154                ___Unwind_ForcedUnwind
                0x0000000008001154                _Unwind_ForcedUnwind
                0x0000000008001178                _Unwind_Backtrace
                0x0000000008001178                ___Unwind_Backtrace
 .text          0x000000000800119c      0x350 /usr/lib/gcc/arm-none-eabi/10.3.1/thumb/v7e-m+dp/hard/libgcc.a(pr-support.o)
                0x00000000080011f4                __gnu_unwind_execute
                0x00000000080014a0                __gnu_unwind_frame
                0x00000000080014cc                _Unwind_GetRegionStart
                0x00000000080014d8                _Unwind_GetLanguageSpecificData
 .text          0x00000000080014ec       0x10 /usr/lib/gcc/arm-none-eabi/10.3.1/../../../arm-none-eabi/lib/thumb/v7e-m+dp/hard/libc.a(lib_a-abort.o)
                0x00000000080014ec                abort
 .text          0x00000000080014fc      0x288 /usr/lib/gcc/arm-none-eabi/10.3.1/../../../arm-none-eabi/lib/thumb/v7e-m+dp/hard/libc.a(lib_a-signal.o)
                0x00000000080014fc                _init_signal_r
                0x000000000800152c                _signal_r
                0x0000000008001578                _raise_r
                0x00000000080015d0                __sigtramp_r
                0x0000000008001634                raise
                0x0000000008001690                signal
                0x00000000080016e4                _init_signal
                0x000000000800171c                __sigtramp
 .text          0x0000000008001784       0x30 /usr/lib/gcc/arm-none-eabi/10.3.1/../../../arm-none-eabi/lib/thumb/v7e-m+dp/hard/libc.a(lib_a-signalr.o)
                0x0000000008001784                _kill_r
                0x00000000080017b0                _getpid_r
 .text          0x00000000080017b4      0x554 /usr/lib/gcc/arm-none-eabi/10.3.1/../../../arm-none-eabi/lib/thumb/v7e-m+dp/hard/libc.a(lib_a-mallocr.o)
                0x00000000080017b4                _malloc_r
 .text          0x0000000008001d08        0x8 /usr/lib/gcc/arm-none-eabi/10.3.1/../../../arm-none-eabi/lib/thumb/v7e-m+dp/hard/libc.a(lib_a-mlock.o)
                0x0000000008001d08                __malloc_lock
                0x0000000008001d0c                __malloc_unlock
 .text          0x0000000008001d10       0x24 /usr/lib/gcc/arm-none-eabi/10.3.1/../../../arm-none-eabi/lib/thumb/v7e-m+dp/hard/libc.a(lib_a-sbrkr.o)
                0x0000000008001d10                _sbrk_r
 .text          0x0000000008001d34      0x2ac /usr/lib/gcc/arm-none-eabi/10.3.1/../../../arm-none-eabi/lib/thumb/v7e-m+dp/hard/libc.a(lib_a-freer.o)
                0x0000000008001d34                _malloc_trim_r
                0x0000000008001dd4                _free_r
 .text          0x0000000008001fe0       0x10 /usr/lib/gcc/arm-none-eabi/10.3.1/../../../arm-none-eabi/lib/thumb/v7e-m+dp/hard/libnosys.a(getpid.o)
                0x0000000008001fe0                _getpid
 .text          0x0000000008001ff0       0x10 /usr/lib/gcc/arm-none-eabi/10.3.1/../../../arm-none-eabi/lib/thumb/v7e-m+dp/hard/libnosys.a(kill.o)
                0x0000000008001ff0                _kill
 .text          0x0000000008002000       0x1c /usr/lib/gcc/arm-none-eabi/10.3.1/../../../arm-none-eabi/lib/thumb/v7e-m+dp/hard/libnosys.a(sbrk.o)
                0x0000000008002000                _sbrk
 .text          0x000000000800201c        0x4 /usr/lib/gcc/arm-none-eabi/10.3.1/../../../arm-none-eabi/lib/thumb/v7e-m+dp/hard/libnosys.a(_exit.o)
                0x000000000800201c                _exit
 *(.text*)
 .text.NMI_Handler
                0x0000000008002020        0x2 build/stm32h7xx_it.o
                0x0000000008002020                NMI_Handler
 .text.HardFault_Handler
                0x0000000008002022        0x2 build/stm32h7xx_it.o
                0x0000000008002022                HardFault_Handler
 .text.MemManage_Handler
                0x0000000008002024        0x2 build/stm32h7xx_it.o
                0x0000000008002024                MemManage_Handler
 .text.BusFault_Handler
                0x0000000008002026        0x2 build/stm32h7xx_it.o
                0x0000000008002026                BusFault_Handler
 .text.UsageFault_Handler
                0x0000000008002028        0x2 build/stm32h7xx_it.o
                0x0000000008002028                UsageFault_Handler
 .text.DebugMon_Handler
                0x000000000800202a        0x2 build/stm32h7xx_it.o
                0x000000000800202a                DebugMon_Handler
 .text.TIM1_UP_IRQHandler
                0x000000000800202c       0x10 build/stm32h7xx_it.o
                0x000000000800202c                TIM1_UP_IRQHandler
 .text.HAL_MspInit
                0x000000000800203c       0x34 build/stm32h7xx_hal_msp.o
                0x000000000800203c                HAL_MspInit
 .text.HAL_InitTick
                0x0000000008002070       0x90 build/stm32h7xx_hal_timebase_tim.o
                0x0000000008002070                HAL_InitTick
 .text.HAL_NVIC_SetPriorityGrouping
                0x0000000008002100       0x24 build/stm32h7xx_hal_cortex.o
                0x0000000008002100                HAL_NVIC_SetPriorityGrouping
 .text.HAL_NVIC_SetPriority
                0x0000000008002124       0x6c build/stm32h7xx_hal_cortex.o
                0x0000000008002124                HAL_NVIC_SetPriority
 .text.HAL_NVIC_EnableIRQ
                0x0000000008002190       0x1c build/stm32h7xx_hal_cortex.o
                0x0000000008002190                HAL_NVIC_EnableIRQ
 .text.HAL_RCC_OscConfig
                0x00000000080021ac      0x5ec build/stm32h7xx_hal_rcc.o
                0x00000000080021ac                HAL_RCC_OscConfig
 .text.HAL_RCC_GetSysClockFreq
                0x0000000008002798      0x1f4 build/stm32h7xx_hal_rcc.o
                0x0000000008002798                HAL_RCC_GetSysClockFreq
 .text.HAL_RCC_ClockConfig
                0x000000000800298c      0x294 build/stm32h7xx_hal_rcc.o
                0x000000000800298c                HAL_RCC_ClockConfig
 .text.HAL_RCC_GetHCLKFreq
                0x0000000008002c20       0x44 build/stm32h7xx_hal_rcc.o
                0x0000000008002c20                HAL_RCC_GetHCLKFreq
 .text.HAL_RCC_GetPCLK2Freq
                0x0000000008002c64       0x24 build/stm32h7xx_hal_rcc.o
                0x0000000008002c64                HAL_RCC_GetPCLK2Freq
 .text.HAL_RCC_GetClockConfig
                0x0000000008002c88       0x54 build/stm32h7xx_hal_rcc.o
                0x0000000008002c88                HAL_RCC_GetClockConfig
 .text.HAL_GPIO_Init
                0x0000000008002cdc      0x214 build/stm32h7xx_hal_gpio.o
                0x0000000008002cdc                HAL_GPIO_Init
 .text.HAL_GPIO_WritePin
                0x0000000008002ef0        0xc build/stm32h7xx_hal_gpio.o
                0x0000000008002ef0                HAL_GPIO_WritePin
 .text.HAL_PWREx_ConfigSupply
                0x0000000008002efc       0x54 build/stm32h7xx_hal_pwr_ex.o
                0x0000000008002efc                HAL_PWREx_ConfigSupply
 .text.HAL_Init
                0x0000000008002f50       0x5c build/stm32h7xx_hal.o
                0x0000000008002f50                HAL_Init
 .text.HAL_IncTick
                0x0000000008002fac       0x18 build/stm32h7xx_hal.o
                0x0000000008002fac                HAL_IncTick
 .text.HAL_GetTick
                0x0000000008002fc4        0xc build/stm32h7xx_hal.o
                0x0000000008002fc4                HAL_GetTick
 .text.HAL_TIM_Base_MspInit
                0x0000000008002fd0        0x2 build/stm32h7xx_hal_tim.o
                0x0000000008002fd0                HAL_TIM_Base_MspInit
 *fill*         0x0000000008002fd2        0x2 
 .text.HAL_TIM_Base_Start_IT
                0x0000000008002fd4       0xa0 build/stm32h7xx_hal_tim.o
                0x0000000008002fd4                HAL_TIM_Base_Start_IT
 .text.HAL_TIM_OC_DelayElapsedCallback
                0x0000000008003074        0x2 build/stm32h7xx_hal_tim.o
                0x0000000008003074                HAL_TIM_OC_DelayElapsedCallback
 .text.HAL_TIM_IC_CaptureCallback
                0x0000000008003076        0x2 build/stm32h7xx_hal_tim.o
                0x0000000008003076                HAL_TIM_IC_CaptureCallback
 .text.HAL_TIM_PWM_PulseFinishedCallback
                0x0000000008003078        0x2 build/stm32h7xx_hal_tim.o
                0x0000000008003078                HAL_TIM_PWM_PulseFinishedCallback
 .text.HAL_TIM_TriggerCallback
                0x000000000800307a        0x2 build/stm32h7xx_hal_tim.o
                0x000000000800307a                HAL_TIM_TriggerCallback
 .text.HAL_TIM_IRQHandler
                0x000000000800307c      0x19a build/stm32h7xx_hal_tim.o
                0x000000000800307c                HAL_TIM_IRQHandler
 *fill*         0x0000000008003216        0x2 
 .text.TIM_Base_SetConfig
                0x0000000008003218      0x120 build/stm32h7xx_hal_tim.o
                0x0000000008003218                TIM_Base_SetConfig
 .text.HAL_TIM_Base_Init
                0x0000000008003338       0x60 build/stm32h7xx_hal_tim.o
                0x0000000008003338                HAL_TIM_Base_Init
 .text.HAL_TIMEx_CommutCallback
                0x0000000008003398        0x2 build/stm32h7xx_hal_tim_ex.o
                0x0000000008003398                HAL_TIMEx_CommutCallback
 .text.HAL_TIMEx_BreakCallback
                0x000000000800339a        0x2 build/stm32h7xx_hal_tim_ex.o
                0x000000000800339a                HAL_TIMEx_BreakCallback
 .text.HAL_TIMEx_Break2Callback
                0x000000000800339c        0x2 build/stm32h7xx_hal_tim_ex.o
                0x000000000800339c                HAL_TIMEx_Break2Callback
 *fill*         0x000000000800339e        0x2 
 .text.SystemInit
                0x00000000080033a0       0xac build/system_stm32h7xx.o
                0x00000000080033a0                SystemInit
 .text.vListInitialise
                0x000000000800344c       0x16 build/list.o
                0x000000000800344c                vListInitialise
 .text.vListInitialiseItem
                0x0000000008003462        0x6 build/list.o
                0x0000000008003462                vListInitialiseItem
 .text.vListInsertEnd
                0x0000000008003468       0x16 build/list.o
                0x0000000008003468                vListInsertEnd
 .text.vListInsert
                0x000000000800347e       0x32 build/list.o
                0x000000000800347e                vListInsert
 .text.uxListRemove
                0x00000000080034b0       0x26 build/list.o
                0x00000000080034b0                uxListRemove
 .text.prvIsQueueFull
                0x00000000080034d6       0x1e build/queue.o
 .text.prvIsQueueEmpty
                0x00000000080034f4       0x1a build/queue.o
 .text.prvCopyDataToQueue
                0x000000000800350e       0x76 build/queue.o
 .text.prvCopyDataFromQueue
                0x0000000008003584       0x24 build/queue.o
 .text.prvUnlockQueue
                0x00000000080035a8       0x6e build/queue.o
 .text.xQueueGenericReset
                0x0000000008003616       0x84 build/queue.o
                0x0000000008003616                xQueueGenericReset
 .text.prvInitialiseNewQueue
                0x000000000800369a       0x22 build/queue.o
 .text.xQueueGenericCreateStatic
                0x00000000080036bc       0xa6 build/queue.o
                0x00000000080036bc                xQueueGenericCreateStatic
 .text.xQueueGenericSend
                0x0000000008003762      0x188 build/queue.o
                0x0000000008003762                xQueueGenericSend
 .text.xQueueGenericSendFromISR
                0x00000000080038ea       0xce build/queue.o
                0x00000000080038ea                xQueueGenericSendFromISR
 .text.xQueueReceive
                0x00000000080039b8      0x15e build/queue.o
                0x00000000080039b8                xQueueReceive
 *fill*         0x0000000008003b16        0x2 
 .text.vQueueAddToRegistry
                0x0000000008003b18       0x28 build/queue.o
                0x0000000008003b18                vQueueAddToRegistry
 .text.vQueueWaitForMessageRestricted
                0x0000000008003b40       0x52 build/queue.o
                0x0000000008003b40                vQueueWaitForMessageRestricted
 *fill*         0x0000000008003b92        0x2 
 .text.prvResetNextTaskUnblockTime
                0x0000000008003b94       0x2c build/tasks.o
 .text.prvInitialiseNewTask
                0x0000000008003bc0       0xa6 build/tasks.o
 *fill*         0x0000000008003c66        0x2 
 .text.prvInitialiseTaskLists
                0x0000000008003c68       0x68 build/tasks.o
 .text.prvAddNewTaskToReadyList
                0x0000000008003cd0       0xac build/tasks.o
 .text.prvDeleteTCB
                0x0000000008003d7c       0x38 build/tasks.o
 .text.prvCheckTasksWaitingTermination
                0x0000000008003db4       0x4c build/tasks.o
 .text.prvIdleTask
                0x0000000008003e00       0x28 build/tasks.o
 .text.prvAddCurrentTaskToDelayedList
                0x0000000008003e28       0x84 build/tasks.o
 .text.xTaskCreateStatic
                0x0000000008003eac       0x76 build/tasks.o
                0x0000000008003eac                xTaskCreateStatic
 .text.xTaskCreate
                0x0000000008003f22       0x68 build/tasks.o
                0x0000000008003f22                xTaskCreate
 *fill*         0x0000000008003f8a        0x2 
 .text.vTaskStartScheduler
                0x0000000008003f8c       0x9c build/tasks.o
                0x0000000008003f8c                vTaskStartScheduler
 .text.vTaskSuspendAll
                0x0000000008004028       0x10 build/tasks.o
                0x0000000008004028                vTaskSuspendAll
 .text.xTaskGetTickCount
                0x0000000008004038        0xc build/tasks.o
                0x0000000008004038                xTaskGetTickCount
 .text.xTaskIncrementTick
                0x0000000008004044      0x118 build/tasks.o
                0x0000000008004044                xTaskIncrementTick
 .text.xTaskResumeAll
                0x000000000800415c       0xf8 build/tasks.o
                0x000000000800415c                xTaskResumeAll
 .text.vTaskDelay
                0x0000000008004254       0x4c build/tasks.o
                0x0000000008004254                vTaskDelay
 .text.vTaskSwitchContext
                0x00000000080042a0       0x94 build/tasks.o
                0x00000000080042a0                vTaskSwitchContext
 .text.vTaskPlaceOnEventList
                0x0000000008004334       0x30 build/tasks.o
                0x0000000008004334                vTaskPlaceOnEventList
 .text.vTaskPlaceOnEventListRestricted
                0x0000000008004364       0x38 build/tasks.o
                0x0000000008004364                vTaskPlaceOnEventListRestricted
 .text.xTaskRemoveFromEventList
                0x000000000800439c       0x8c build/tasks.o
                0x000000000800439c                xTaskRemoveFromEventList
 .text.vTaskInternalSetTimeOutState
                0x0000000008004428       0x18 build/tasks.o
                0x0000000008004428                vTaskInternalSetTimeOutState
 .text.xTaskCheckForTimeOut
                0x0000000008004440       0x84 build/tasks.o
                0x0000000008004440                xTaskCheckForTimeOut
 .text.vTaskMissedYield
                0x00000000080044c4        0xc build/tasks.o
                0x00000000080044c4                vTaskMissedYield
 .text.xTaskGetSchedulerState
                0x00000000080044d0       0x20 build/tasks.o
                0x00000000080044d0                xTaskGetSchedulerState
 .text.xTaskPriorityDisinherit
                0x00000000080044f0       0x90 build/tasks.o
                0x00000000080044f0                xTaskPriorityDisinherit
 .text.prvGetNextExpireTime
                0x0000000008004580       0x20 build/timers.o
 .text.prvInsertTimerInActiveList
                0x00000000080045a0       0x50 build/timers.o
 .text.prvCheckForValidListAndQueue
                0x00000000080045f0       0x70 build/timers.o
 .text.xTimerCreateTimerTask
                0x0000000008004660       0x64 build/timers.o
                0x0000000008004660                xTimerCreateTimerTask
 .text.xTimerGenericCommand
                0x00000000080046c4       0x6c build/timers.o
                0x00000000080046c4                xTimerGenericCommand
 .text.prvSwitchTimerLists
                0x0000000008004730       0x7c build/timers.o
 .text.prvSampleTimeNow
                0x00000000080047ac       0x2c build/timers.o
 .text.prvProcessExpiredTimer
                0x00000000080047d8       0x6c build/timers.o
 .text.prvProcessTimerOrBlockTask
                0x0000000008004844       0x78 build/timers.o
 .text.prvProcessReceivedCommands
                0x00000000080048bc      0x10c build/timers.o
 .text.prvTimerTask
                0x00000000080049c8       0x16 build/timers.o
 .text.SysTick_Handler
                0x00000000080049de       0x18 build/cmsis_os2.o
                0x00000000080049de                SysTick_Handler
 *fill*         0x00000000080049f6        0x2 
 .text.osKernelInitialize
                0x00000000080049f8       0x24 build/cmsis_os2.o
                0x00000000080049f8                osKernelInitialize
 .text.osKernelStart
                0x0000000008004a1c       0x38 build/cmsis_os2.o
                0x0000000008004a1c                osKernelStart
 .text.osThreadNew
                0x0000000008004a54       0xbc build/cmsis_os2.o
                0x0000000008004a54                osThreadNew
 .text.osDelay  0x0000000008004b10       0x1c build/cmsis_os2.o
                0x0000000008004b10                osDelay
 .text.vApplicationGetIdleTaskMemory
                0x0000000008004b2c       0x18 build/cmsis_os2.o
                0x0000000008004b2c                vApplicationGetIdleTaskMemory
 .text.vApplicationGetTimerTaskMemory
                0x0000000008004b44       0x18 build/cmsis_os2.o
                0x0000000008004b44                vApplicationGetTimerTaskMemory
 .text.prvHeapInit
                0x0000000008004b5c       0x64 build/heap_4.o
 .text.prvInsertBlockIntoFreeList
                0x0000000008004bc0       0x64 build/heap_4.o
 .text.pvPortMalloc
                0x0000000008004c24       0xfc build/heap_4.o
                0x0000000008004c24                pvPortMalloc
 .text.vPortFree
                0x0000000008004d20       0x7c build/heap_4.o
                0x0000000008004d20                vPortFree
 .text.prvTaskExitError
                0x0000000008004d9c       0x40 build/port.o
 .text.prvPortStartFirstTask
                0x0000000008004ddc       0x28 build/port.o
 .text.vPortEnableVFP
                0x0000000008004e04       0x14 build/port.o
 .text.pxPortInitialiseStack
                0x0000000008004e18       0x2c build/port.o
                0x0000000008004e18                pxPortInitialiseStack
 *fill*         0x0000000008004e44        0xc 
 .text.SVC_Handler
                0x0000000008004e50       0x24 build/port.o
                0x0000000008004e50                SVC_Handler
 .text.vPortEnterCritical
                0x0000000008004e74       0x44 build/port.o
                0x0000000008004e74                vPortEnterCritical
 .text.vPortExitCritical
                0x0000000008004eb8       0x2c build/port.o
                0x0000000008004eb8                vPortExitCritical
 *fill*         0x0000000008004ee4        0xc 
 .text.PendSV_Handler
                0x0000000008004ef0       0x64 build/port.o
                0x0000000008004ef0                PendSV_Handler
 .text.xPortSysTickHandler
                0x0000000008004f54       0x2c build/port.o
                0x0000000008004f54                xPortSysTickHandler
 .text.vPortSetupTimerInterrupt
                0x0000000008004f80       0x28 build/port.o
                0x0000000008004f80                vPortSetupTimerInterrupt
 .text.xPortStartScheduler
                0x0000000008004fa8      0x118 build/port.o
                0x0000000008004fa8                xPortStartScheduler
 .text.vPortValidateInterruptPriority
                0x00000000080050c0       0x5c build/port.o
                0x00000000080050c0                vPortValidateInterruptPriority
 .text._ZL12MX_GPIO_Initv
                0x000000000800511c       0xc4 build/main.o
 .text._Z16StartDefaultTaskPv
                0x00000000080051e0        0xa build/main.o
                0x00000000080051e0                StartDefaultTask(void*)
 *fill*         0x00000000080051ea        0x2 
 .text.HAL_TIM_PeriodElapsedCallback
                0x00000000080051ec       0x18 build/main.o
                0x00000000080051ec                HAL_TIM_PeriodElapsedCallback
 .text.Error_Handler
                0x0000000008005204        0x4 build/main.o
                0x0000000008005204                Error_Handler
 .text._Z18SystemClock_Configv
                0x0000000008005208       0xac build/main.o
                0x0000000008005208                SystemClock_Config()
 .text.main     0x00000000080052b4       0x34 build/main.o
                0x00000000080052b4                main
 .text.Reset_Handler
                0x00000000080052e8       0x50 build/startup_stm32h733xx.o
                0x00000000080052e8                Reset_Handler
 .text.Default_Handler
                0x0000000008005338        0x2 build/startup_stm32h733xx.o
                0x0000000008005338                RTC_Alarm_IRQHandler
                0x0000000008005338                HASH_RNG_IRQHandler
                0x0000000008005338                EXTI2_IRQHandler
                0x0000000008005338                TIM8_CC_IRQHandler
                0x0000000008005338                UART8_IRQHandler
                0x0000000008005338                SPI4_IRQHandler
                0x0000000008005338                FDCAN3_IT0_IRQHandler
                0x0000000008005338                TIM1_CC_IRQHandler
                0x0000000008005338                BDMA_Channel6_IRQHandler
                0x0000000008005338                DMA2_Stream5_IRQHandler
                0x0000000008005338                DMA1_Stream5_IRQHandler
                0x0000000008005338                CORDIC_IRQHandler
                0x0000000008005338                BDMA_Channel1_IRQHandler
                0x0000000008005338                TAMP_STAMP_IRQHandler
                0x0000000008005338                EXTI3_IRQHandler
                0x0000000008005338                LPTIM4_IRQHandler
                0x0000000008005338                TIM8_TRG_COM_TIM14_IRQHandler
                0x0000000008005338                LPTIM2_IRQHandler
                0x0000000008005338                DFSDM1_FLT1_IRQHandler
                0x0000000008005338                DMAMUX2_OVR_IRQHandler
                0x0000000008005338                TIM8_UP_TIM13_IRQHandler
                0x0000000008005338                I2C3_ER_IRQHandler
                0x0000000008005338                DFSDM1_FLT2_IRQHandler
                0x0000000008005338                I2C5_EV_IRQHandler
                0x0000000008005338                USART10_IRQHandler
                0x0000000008005338                MDMA_IRQHandler
                0x0000000008005338                LPTIM3_IRQHandler
                0x0000000008005338                HSEM1_IRQHandler
                0x0000000008005338                EXTI0_IRQHandler
                0x0000000008005338                I2C2_EV_IRQHandler
                0x0000000008005338                DMA1_Stream2_IRQHandler
                0x0000000008005338                FPU_IRQHandler
                0x0000000008005338                OTG_HS_WKUP_IRQHandler
                0x0000000008005338                FDCAN1_IT1_IRQHandler
                0x0000000008005338                LTDC_ER_IRQHandler
                0x0000000008005338                DMA2_Stream2_IRQHandler
                0x0000000008005338                SPI1_IRQHandler
                0x0000000008005338                OCTOSPI1_IRQHandler
                0x0000000008005338                TIM6_DAC_IRQHandler
                0x0000000008005338                DMA2_Stream3_IRQHandler
                0x0000000008005338                OCTOSPI2_IRQHandler
                0x0000000008005338                DFSDM1_FLT3_IRQHandler
                0x0000000008005338                TIM23_IRQHandler
                0x0000000008005338                USART6_IRQHandler
                0x0000000008005338                TIM17_IRQHandler
                0x0000000008005338                USART3_IRQHandler
                0x0000000008005338                BDMA_Channel7_IRQHandler
                0x0000000008005338                CRYP_IRQHandler
                0x0000000008005338                LPTIM5_IRQHandler
                0x0000000008005338                UART5_IRQHandler
                0x0000000008005338                ADC3_IRQHandler
                0x0000000008005338                DMA2_Stream0_IRQHandler
                0x0000000008005338                TIM4_IRQHandler
                0x0000000008005338                BDMA_Channel2_IRQHandler
                0x0000000008005338                I2C1_EV_IRQHandler
                0x0000000008005338                DMA1_Stream6_IRQHandler
                0x0000000008005338                DMAMUX1_OVR_IRQHandler
                0x0000000008005338                DMA1_Stream1_IRQHandler
                0x0000000008005338                TIM16_IRQHandler
                0x0000000008005338                UART4_IRQHandler
                0x0000000008005338                BDMA_Channel5_IRQHandler
                0x0000000008005338                TIM3_IRQHandler
                0x0000000008005338                RCC_IRQHandler
                0x0000000008005338                UART9_IRQHandler
                0x0000000008005338                TIM8_BRK_TIM12_IRQHandler
                0x0000000008005338                TIM1_TRG_COM_IRQHandler
                0x0000000008005338                Default_Handler
                0x0000000008005338                ECC_IRQHandler
                0x0000000008005338                FMAC_IRQHandler
                0x0000000008005338                CEC_IRQHandler
                0x0000000008005338                EXTI15_10_IRQHandler
                0x0000000008005338                BDMA_Channel0_IRQHandler
                0x0000000008005338                ADC_IRQHandler
                0x0000000008005338                I2C5_ER_IRQHandler
                0x0000000008005338                OTFDEC1_IRQHandler
                0x0000000008005338                DMA1_Stream7_IRQHandler
                0x0000000008005338                SPI5_IRQHandler
                0x0000000008005338                TIM7_IRQHandler
                0x0000000008005338                FDCAN3_IT1_IRQHandler
                0x0000000008005338                SDMMC1_IRQHandler
                0x0000000008005338                TIM5_IRQHandler
                0x0000000008005338                DMA2_Stream7_IRQHandler
                0x0000000008005338                TIM15_IRQHandler
                0x0000000008005338                PVD_AVD_IRQHandler
                0x0000000008005338                I2C3_EV_IRQHandler
                0x0000000008005338                EXTI9_5_IRQHandler
                0x0000000008005338                RTC_WKUP_IRQHandler
                0x0000000008005338                LTDC_IRQHandler
                0x0000000008005338                ETH_WKUP_IRQHandler
                0x0000000008005338                SPDIF_RX_IRQHandler
                0x0000000008005338                SPI2_IRQHandler
                0x0000000008005338                OTG_HS_EP1_IN_IRQHandler
                0x0000000008005338                DMA1_Stream0_IRQHandler
                0x0000000008005338                OTFDEC2_IRQHandler
                0x0000000008005338                TIM24_IRQHandler
                0x0000000008005338                CRS_IRQHandler
                0x0000000008005338                EXTI4_IRQHandler
                0x0000000008005338                FDCAN2_IT1_IRQHandler
                0x0000000008005338                ETH_IRQHandler
                0x0000000008005338                BDMA_Channel4_IRQHandler
                0x0000000008005338                OTG_HS_EP1_OUT_IRQHandler
                0x0000000008005338                WWDG_IRQHandler
                0x0000000008005338                SPI6_IRQHandler
                0x0000000008005338                MDIOS_IRQHandler
                0x0000000008005338                I2C4_EV_IRQHandler
                0x0000000008005338                FDCAN2_IT0_IRQHandler
                0x0000000008005338                LPUART1_IRQHandler
                0x0000000008005338                FDCAN1_IT0_IRQHandler
                0x0000000008005338                TIM2_IRQHandler
                0x0000000008005338                OTG_HS_IRQHandler
                0x0000000008005338                DMA2D_IRQHandler
                0x0000000008005338                TIM1_BRK_IRQHandler
                0x0000000008005338                EXTI1_IRQHandler
                0x0000000008005338                SDMMC2_IRQHandler
                0x0000000008005338                BDMA_Channel3_IRQHandler
                0x0000000008005338                DTS_IRQHandler
                0x0000000008005338                UART7_IRQHandler
                0x0000000008005338                MDIOS_WKUP_IRQHandler
                0x0000000008005338                USART2_IRQHandler
                0x0000000008005338                DFSDM1_FLT0_IRQHandler
                0x0000000008005338                SAI4_IRQHandler
                0x0000000008005338                I2C2_ER_IRQHandler
                0x0000000008005338                DMA2_Stream1_IRQHandler
                0x0000000008005338                FLASH_IRQHandler
                0x0000000008005338                DMA2_Stream4_IRQHandler
                0x0000000008005338                USART1_IRQHandler
                0x0000000008005338                SPI3_IRQHandler
                0x0000000008005338                WAKEUP_PIN_IRQHandler
                0x0000000008005338                DMA1_Stream4_IRQHandler
                0x0000000008005338                I2C1_ER_IRQHandler
                0x0000000008005338                FMC_IRQHandler
                0x0000000008005338                FDCAN_CAL_IRQHandler
                0x0000000008005338                SWPMI1_IRQHandler
                0x0000000008005338                COMP1_IRQHandler
                0x0000000008005338                LPTIM1_IRQHandler
                0x0000000008005338                DCMI_PSSI_IRQHandler
                0x0000000008005338                I2C4_ER_IRQHandler
                0x0000000008005338                DMA2_Stream6_IRQHandler
                0x0000000008005338                SAI1_IRQHandler
                0x0000000008005338                DMA1_Stream3_IRQHandler
 *fill*         0x000000000800533a        0x2 
 .text.startup  0x000000000800533c       0x14 /usr/lib/gcc/arm-none-eabi/10.3.1/../../../arm-none-eabi/lib/thumb/v7e-m+dp/hard/libc.a(lib_a-__call_atexit.o)
 *(.glue_7)
 .glue_7        0x0000000008005350        0x0 linker stubs
 *(.glue_7t)
 .glue_7t       0x0000000008005350        0x0 linker stubs
 *(.eh_frame)
 .eh_frame      0x0000000008005350        0x0 /usr/lib/gcc/arm-none-eabi/10.3.1/thumb/v7e-m+dp/hard/crtbegin.o
 *(.init)
 .init          0x0000000008005350        0x4 /usr/lib/gcc/arm-none-eabi/10.3.1/thumb/v7e-m+dp/hard/crti.o
                0x0000000008005350                _init
 .init          0x0000000008005354        0x8 /usr/lib/gcc/arm-none-eabi/10.3.1/thumb/v7e-m+dp/hard/crtn.o
 *(.fini)
 .fini          0x000000000800535c        0x4 /usr/lib/gcc/arm-none-eabi/10.3.1/thumb/v7e-m+dp/hard/crti.o
                0x000000000800535c                _fini
 .fini          0x0000000008005360        0x8 /usr/lib/gcc/arm-none-eabi/10.3.1/thumb/v7e-m+dp/hard/crtn.o
                0x0000000008005368                . = ALIGN (0x4)
                0x0000000008005368                _etext = .

.vfp11_veneer   0x0000000008005368        0x0
 .vfp11_veneer  0x0000000008005368        0x0 linker stubs

.v4_bx          0x0000000008005368        0x0
 .v4_bx         0x0000000008005368        0x0 linker stubs

.iplt           0x0000000008005368        0x0
 .iplt          0x0000000008005368        0x0 /usr/lib/gcc/arm-none-eabi/10.3.1/thumb/v7e-m+dp/hard/crtbegin.o

.rodata         0x0000000008005368       0x5c
                0x0000000008005368                . = ALIGN (0x4)
 *(.rodata)
 .rodata        0x0000000008005368        0x4 /usr/lib/gcc/arm-none-eabi/10.3.1/../../../arm-none-eabi/lib/thumb/v7e-m+dp/hard/libc.a(lib_a-impure.o)
                0x0000000008005368                _global_impure_ptr
 *(.rodata*)
 .rodata.D1CorePrescTable
                0x000000000800536c       0x10 build/system_stm32h7xx.o
                0x000000000800536c                D1CorePrescTable
 .rodata.vTaskStartScheduler.str1.4
                0x000000000800537c        0x5 build/tasks.o
 *fill*         0x0000000008005381        0x3 
 .rodata.prvCheckForValidListAndQueue.str1.4
                0x0000000008005384        0x5 build/timers.o
 *fill*         0x0000000008005389        0x3 
 .rodata.xTimerCreateTimerTask.str1.4
                0x000000000800538c        0x8 build/timers.o
 .rodata.str1.4
                0x0000000008005394        0xc build/main.o
 .rodata._ZL22defaultTask_attributes
                0x00000000080053a0       0x24 build/main.o
                0x00000000080053c4                . = ALIGN (0x4)

.ARM.extab      0x00000000080053c4       0x3c
 *(.ARM.extab* .gnu.linkonce.armextab.*)
 .ARM.extab.text._Z16StartDefaultTaskPv
                0x00000000080053c4        0xc build/main.o
 .ARM.extab.text.HAL_TIM_PeriodElapsedCallback
                0x00000000080053d0        0xc build/main.o
 .ARM.extab.text.main
                0x00000000080053dc        0xc build/main.o
 .ARM.extab     0x00000000080053e8       0x18 /usr/lib/gcc/arm-none-eabi/10.3.1/thumb/v7e-m+dp/hard/libgcc.a(pr-support.o)

.ARM            0x0000000008005400       0xf0
                0x0000000008005400                __exidx_start = .
 *(.ARM.exidx*)
 .ARM.exidx     0x0000000008005400       0x80 /usr/lib/gcc/arm-none-eabi/10.3.1/thumb/v7e-m+dp/hard/libgcc.a(unwind-arm.o)
                                         0xd8 (size before relaxing)
 .ARM.exidx     0x0000000008005480       0x38 /usr/lib/gcc/arm-none-eabi/10.3.1/thumb/v7e-m+dp/hard/libgcc.a(pr-support.o)
 .ARM.exidx.text._ZL12MX_GPIO_Initv
                0x00000000080054b8        0x8 build/main.o
 .ARM.exidx.text._Z16StartDefaultTaskPv
                0x00000000080054c0        0x8 build/main.o
 .ARM.exidx.text.HAL_TIM_PeriodElapsedCallback
                0x00000000080054c8        0x8 build/main.o
 .ARM.exidx.text.Error_Handler
                0x00000000080054d0        0x8 build/main.o
 .ARM.exidx.text._Z18SystemClock_Configv
                0x00000000080054d8        0x8 build/main.o
 .ARM.exidx.text.main
                0x00000000080054e0       0x10 build/main.o
                                          0x8 (size before relaxing)
                0x00000000080054f0                __exidx_end = .

.rel.dyn        0x00000000080054f0        0x0
 .rel.iplt      0x00000000080054f0        0x0 /usr/lib/gcc/arm-none-eabi/10.3.1/thumb/v7e-m+dp/hard/crtbegin.o

.preinit_array  0x00000000080054f0        0x0
                0x00000000080054f0                PROVIDE (__preinit_array_start = .)
 *(.preinit_array*)
                0x00000000080054f0                PROVIDE (__preinit_array_end = .)

.init_array     0x00000000080054f0        0x8
                0x00000000080054f0                PROVIDE (__init_array_start = .)
 *(SORT_BY_NAME(.init_array.*))
 .init_array.00000
                0x00000000080054f0        0x4 /usr/lib/gcc/arm-none-eabi/10.3.1/../../../arm-none-eabi/lib/thumb/v7e-m+dp/hard/libc.a(lib_a-__call_atexit.o)
 *(.init_array*)
 .init_array    0x00000000080054f4        0x4 /usr/lib/gcc/arm-none-eabi/10.3.1/thumb/v7e-m+dp/hard/crtbegin.o
                0x00000000080054f8                PROVIDE (__init_array_end = .)

.fini_array     0x00000000080054f8        0x4
                0x00000000080054f8                PROVIDE (__fini_array_start = .)
 *(SORT_BY_NAME(.fini_array.*))
 *(.fini_array*)
 .fini_array    0x00000000080054f8        0x4 /usr/lib/gcc/arm-none-eabi/10.3.1/thumb/v7e-m+dp/hard/crtbegin.o
                0x00000000080054fc                PROVIDE (__fini_array_end = .)
                0x00000000080054fc                _sidata = LOADADDR (.data)

.data           0x0000000020000000      0x854 load address 0x00000000080054fc
                0x0000000020000000                . = ALIGN (0x4)
                0x0000000020000000                _sdata = .
 *(.data)
 .data          0x0000000020000000      0x430 /usr/lib/gcc/arm-none-eabi/10.3.1/../../../arm-none-eabi/lib/thumb/v7e-m+dp/hard/libc.a(lib_a-impure.o)
                0x0000000020000000                _impure_ptr
 .data          0x0000000020000430      0x410 /usr/lib/gcc/arm-none-eabi/10.3.1/../../../arm-none-eabi/lib/thumb/v7e-m+dp/hard/libc.a(lib_a-mallocr.o)
                0x0000000020000430                __malloc_av_
                0x0000000020000838                __malloc_sbrk_base
                0x000000002000083c                __malloc_trim_threshold
 *(.data*)
 .data.uwTickFreq
                0x0000000020000840        0x1 build/stm32h7xx_hal.o
                0x0000000020000840                uwTickFreq
 *fill*         0x0000000020000841        0x3 
 .data.uwTickPrio
                0x0000000020000844        0x4 build/stm32h7xx_hal.o
                0x0000000020000844                uwTickPrio
 .data.SystemCoreClock
                0x0000000020000848        0x4 build/system_stm32h7xx.o
                0x0000000020000848                SystemCoreClock
 .data.SystemD2Clock
                0x000000002000084c        0x4 build/system_stm32h7xx.o
                0x000000002000084c                SystemD2Clock
 .data.uxCriticalNesting
                0x0000000020000850        0x4 build/port.o
                0x0000000020000854                . = ALIGN (0x4)
                0x0000000020000854                _edata = .

.tm_clone_table
                0x0000000020000854        0x0 load address 0x0000000008005d50
 .tm_clone_table
                0x0000000020000854        0x0 /usr/lib/gcc/arm-none-eabi/10.3.1/thumb/v7e-m+dp/hard/crtbegin.o
 .tm_clone_table
                0x0000000020000854        0x0 /usr/lib/gcc/arm-none-eabi/10.3.1/thumb/v7e-m+dp/hard/crtend.o

.igot.plt       0x0000000020000854        0x0 load address 0x0000000008005d50
 .igot.plt      0x0000000020000854        0x0 /usr/lib/gcc/arm-none-eabi/10.3.1/thumb/v7e-m+dp/hard/crtbegin.o
                0x0000000020000854                . = ALIGN (0x4)

.bss            0x0000000020000854     0x4c7c load address 0x0000000008005d50
                0x0000000020000854                _sbss = .
                0x0000000020000854                __bss_start__ = _sbss
 *(.bss)
 .bss           0x0000000020000854       0x1c /usr/lib/gcc/arm-none-eabi/10.3.1/thumb/v7e-m+dp/hard/crtbegin.o
 .bss           0x0000000020000870       0x34 /usr/lib/gcc/arm-none-eabi/10.3.1/../../../arm-none-eabi/lib/thumb/v7e-m+dp/hard/libc.a(lib_a-mallocr.o)
                0x0000000020000870                __malloc_top_pad
                0x0000000020000874                __malloc_current_mallinfo
                0x000000002000089c                __malloc_max_sbrked_mem
                0x00000000200008a0                __malloc_max_total_mem
 .bss           0x00000000200008a4        0x4 /usr/lib/gcc/arm-none-eabi/10.3.1/../../../arm-none-eabi/lib/thumb/v7e-m+dp/hard/libc.a(lib_a-reent.o)
                0x00000000200008a4                errno
 .bss           0x00000000200008a8        0x4 /usr/lib/gcc/arm-none-eabi/10.3.1/../../../arm-none-eabi/lib/thumb/v7e-m+dp/hard/libnosys.a(sbrk.o)
 *(.bss*)
 .bss.htim1     0x00000000200008ac       0x4c build/stm32h7xx_hal_timebase_tim.o
                0x00000000200008ac                htim1
 .bss.uwTick    0x00000000200008f8        0x4 build/stm32h7xx_hal.o
                0x00000000200008f8                uwTick
 .bss.xQueueRegistry
                0x00000000200008fc       0x40 build/queue.o
                0x00000000200008fc                xQueueRegistry
 .bss.pxCurrentTCB
                0x000000002000093c        0x4 build/tasks.o
                0x000000002000093c                pxCurrentTCB
 .bss.pxDelayedTaskList
                0x0000000020000940        0x4 build/tasks.o
 .bss.pxOverflowDelayedTaskList
                0x0000000020000944        0x4 build/tasks.o
 .bss.pxReadyTasksLists
                0x0000000020000948      0x460 build/tasks.o
 .bss.uxCurrentNumberOfTasks
                0x0000000020000da8        0x4 build/tasks.o
 .bss.uxDeletedTasksWaitingCleanUp
                0x0000000020000dac        0x4 build/tasks.o
 .bss.uxSchedulerSuspended
                0x0000000020000db0        0x4 build/tasks.o
 .bss.uxTaskNumber
                0x0000000020000db4        0x4 build/tasks.o
 .bss.uxTopReadyPriority
                0x0000000020000db8        0x4 build/tasks.o
 .bss.xDelayedTaskList1
                0x0000000020000dbc       0x14 build/tasks.o
 .bss.xDelayedTaskList2
                0x0000000020000dd0       0x14 build/tasks.o
 .bss.xIdleTaskHandle
                0x0000000020000de4        0x4 build/tasks.o
 .bss.xNextTaskUnblockTime
                0x0000000020000de8        0x4 build/tasks.o
 .bss.xNumOfOverflows
                0x0000000020000dec        0x4 build/tasks.o
 .bss.xPendedTicks
                0x0000000020000df0        0x4 build/tasks.o
 .bss.xPendingReadyList
                0x0000000020000df4       0x14 build/tasks.o
 .bss.xSchedulerRunning
                0x0000000020000e08        0x4 build/tasks.o
 .bss.xSuspendedTaskList
                0x0000000020000e0c       0x14 build/tasks.o
 .bss.xTasksWaitingTermination
                0x0000000020000e20       0x14 build/tasks.o
 .bss.xTickCount
                0x0000000020000e34        0x4 build/tasks.o
 .bss.xYieldPending
                0x0000000020000e38        0x4 build/tasks.o
 .bss.pxCurrentTimerList
                0x0000000020000e3c        0x4 build/timers.o
 .bss.pxOverflowTimerList
                0x0000000020000e40        0x4 build/timers.o
 .bss.ucStaticTimerQueueStorage.1
                0x0000000020000e44       0xa0 build/timers.o
 .bss.xActiveTimerList1
                0x0000000020000ee4       0x14 build/timers.o
 .bss.xActiveTimerList2
                0x0000000020000ef8       0x14 build/timers.o
 .bss.xLastTime.2
                0x0000000020000f0c        0x4 build/timers.o
 .bss.xStaticTimerQueue.0
                0x0000000020000f10       0x50 build/timers.o
 .bss.xTimerQueue
                0x0000000020000f60        0x4 build/timers.o
 .bss.xTimerTaskHandle
                0x0000000020000f64        0x4 build/timers.o
 .bss.Idle_Stack.2
                0x0000000020000f68      0x200 build/cmsis_os2.o
 .bss.Idle_TCB.3
                0x0000000020001168       0x5c build/cmsis_os2.o
 .bss.KernelState
                0x00000000200011c4        0x4 build/cmsis_os2.o
 .bss.Timer_Stack.0
                0x00000000200011c8      0x400 build/cmsis_os2.o
 .bss.Timer_TCB.1
                0x00000000200015c8       0x5c build/cmsis_os2.o
 .bss.pxEnd     0x0000000020001624        0x4 build/heap_4.o
 .bss.ucHeap    0x0000000020001628     0x3e80 build/heap_4.o
 .bss.xBlockAllocatedBit
                0x00000000200054a8        0x4 build/heap_4.o
 .bss.xFreeBytesRemaining
                0x00000000200054ac        0x4 build/heap_4.o
 .bss.xMinimumEverFreeBytesRemaining
                0x00000000200054b0        0x4 build/heap_4.o
 .bss.xNumberOfSuccessfulAllocations
                0x00000000200054b4        0x4 build/heap_4.o
 .bss.xNumberOfSuccessfulFrees
                0x00000000200054b8        0x4 build/heap_4.o
 .bss.xStart    0x00000000200054bc        0x8 build/heap_4.o
 .bss.ucMaxSysCallPriority
                0x00000000200054c4        0x1 build/port.o
 *fill*         0x00000000200054c5        0x3 
 .bss.ulMaxPRIGROUPValue
                0x00000000200054c8        0x4 build/port.o
 .bss.defaultTaskHandle
                0x00000000200054cc        0x4 build/main.o
                0x00000000200054cc                defaultTaskHandle
 *(COMMON)
                0x00000000200054d0                . = ALIGN (0x4)
                0x00000000200054d0                _ebss = .
                0x00000000200054d0                __bss_end__ = _ebss

._user_heap_stack
                0x00000000200054d0      0x600 load address 0x0000000008005d50
                0x00000000200054d0                . = ALIGN (0x8)
                0x00000000200054d0                PROVIDE (end = .)
                [!provide]                        PROVIDE (_end = .)
                0x00000000200056d0                . = (. + _Min_Heap_Size)
 *fill*         0x00000000200054d0      0x200 
                0x0000000020005ad0                . = (. + _Min_Stack_Size)
 *fill*         0x00000000200056d0      0x400 
                0x0000000020005ad0                . = ALIGN (0x8)

/DISCARD/
 libc.a(*)
 libm.a(*)
 libgcc.a(*)

.ARM.attributes
                0x0000000000000000       0x2e
 *(.ARM.attributes)
 .ARM.attributes
                0x0000000000000000       0x1e /usr/lib/gcc/arm-none-eabi/10.3.1/thumb/v7e-m+dp/hard/crti.o
 .ARM.attributes
                0x000000000000001e       0x32 /usr/lib/gcc/arm-none-eabi/10.3.1/thumb/v7e-m+dp/hard/crtbegin.o
 .ARM.attributes
                0x0000000000000050       0x32 build/stm32h7xx_it.o
 .ARM.attributes
                0x0000000000000082       0x32 build/stm32h7xx_hal_msp.o
 .ARM.attributes
                0x00000000000000b4       0x32 build/stm32h7xx_hal_timebase_tim.o
 .ARM.attributes
                0x00000000000000e6       0x32 build/stm32h7xx_hal_cortex.o
 .ARM.attributes
                0x0000000000000118       0x32 build/stm32h7xx_hal_rcc.o
 .ARM.attributes
                0x000000000000014a       0x32 build/stm32h7xx_hal_gpio.o
 .ARM.attributes
                0x000000000000017c       0x32 build/stm32h7xx_hal_pwr_ex.o
 .ARM.attributes
                0x00000000000001ae       0x32 build/stm32h7xx_hal.o
 .ARM.attributes
                0x00000000000001e0       0x32 build/stm32h7xx_hal_tim.o
 .ARM.attributes
                0x0000000000000212       0x32 build/stm32h7xx_hal_tim_ex.o
 .ARM.attributes
                0x0000000000000244       0x32 build/system_stm32h7xx.o
 .ARM.attributes
                0x0000000000000276       0x32 build/list.o
 .ARM.attributes
                0x00000000000002a8       0x32 build/queue.o
 .ARM.attributes
                0x00000000000002da       0x32 build/tasks.o
 .ARM.attributes
                0x000000000000030c       0x32 build/timers.o
 .ARM.attributes
                0x000000000000033e       0x32 build/cmsis_os2.o
 .ARM.attributes
                0x0000000000000370       0x32 build/heap_4.o
 .ARM.attributes
                0x00000000000003a2       0x32 build/port.o
 .ARM.attributes
                0x00000000000003d4       0x32 build/main.o
 .ARM.attributes
                0x0000000000000406       0x21 build/startup_stm32h733xx.o
 .ARM.attributes
                0x0000000000000427       0x32 /usr/lib/gcc/arm-none-eabi/10.3.1/../../../arm-none-eabi/lib/thumb/v7e-m+dp/hard/libc.a(lib_a-atexit.o)
 .ARM.attributes
                0x0000000000000459       0x32 /usr/lib/gcc/arm-none-eabi/10.3.1/../../../arm-none-eabi/lib/thumb/v7e-m+dp/hard/libc.a(lib_a-fini.o)
 .ARM.attributes
                0x000000000000048b       0x30 /usr/lib/gcc/arm-none-eabi/10.3.1/../../../arm-none-eabi/lib/thumb/v7e-m+dp/hard/libc.a(lib_a-impure.o)
 .ARM.attributes
                0x00000000000004bb       0x32 /usr/lib/gcc/arm-none-eabi/10.3.1/../../../arm-none-eabi/lib/thumb/v7e-m+dp/hard/libc.a(lib_a-init.o)
 .ARM.attributes
                0x00000000000004ed       0x1c /usr/lib/gcc/arm-none-eabi/10.3.1/../../../arm-none-eabi/lib/thumb/v7e-m+dp/hard/libc.a(lib_a-memcpy.o)
 .ARM.attributes
                0x0000000000000509       0x32 /usr/lib/gcc/arm-none-eabi/10.3.1/../../../arm-none-eabi/lib/thumb/v7e-m+dp/hard/libc.a(lib_a-memset.o)
 .ARM.attributes
                0x000000000000053b       0x32 /usr/lib/gcc/arm-none-eabi/10.3.1/../../../arm-none-eabi/lib/thumb/v7e-m+dp/hard/libc.a(lib_a-__atexit.o)
 .ARM.attributes
                0x000000000000056d       0x32 /usr/lib/gcc/arm-none-eabi/10.3.1/../../../arm-none-eabi/lib/thumb/v7e-m+dp/hard/libc.a(lib_a-__call_atexit.o)
 .ARM.attributes
                0x000000000000059f       0x32 /usr/lib/gcc/arm-none-eabi/10.3.1/thumb/v7e-m+dp/hard/libgcc.a(unwind-arm.o)
 .ARM.attributes
                0x00000000000005d1       0x1e /usr/lib/gcc/arm-none-eabi/10.3.1/thumb/v7e-m+dp/hard/libgcc.a(libunwind.o)
 .ARM.attributes
                0x00000000000005ef       0x32 /usr/lib/gcc/arm-none-eabi/10.3.1/thumb/v7e-m+dp/hard/libgcc.a(pr-support.o)
 .ARM.attributes
                0x0000000000000621       0x32 /usr/lib/gcc/arm-none-eabi/10.3.1/../../../arm-none-eabi/lib/thumb/v7e-m+dp/hard/libc.a(lib_a-abort.o)
 .ARM.attributes
                0x0000000000000653       0x32 /usr/lib/gcc/arm-none-eabi/10.3.1/../../../arm-none-eabi/lib/thumb/v7e-m+dp/hard/libc.a(lib_a-signal.o)
 .ARM.attributes
                0x0000000000000685       0x32 /usr/lib/gcc/arm-none-eabi/10.3.1/../../../arm-none-eabi/lib/thumb/v7e-m+dp/hard/libc.a(lib_a-signalr.o)
 .ARM.attributes
                0x00000000000006b7       0x32 /usr/lib/gcc/arm-none-eabi/10.3.1/../../../arm-none-eabi/lib/thumb/v7e-m+dp/hard/libc.a(lib_a-mallocr.o)
 .ARM.attributes
                0x00000000000006e9       0x32 /usr/lib/gcc/arm-none-eabi/10.3.1/../../../arm-none-eabi/lib/thumb/v7e-m+dp/hard/libc.a(lib_a-mlock.o)
 .ARM.attributes
                0x000000000000071b       0x32 /usr/lib/gcc/arm-none-eabi/10.3.1/../../../arm-none-eabi/lib/thumb/v7e-m+dp/hard/libc.a(lib_a-reent.o)
 .ARM.attributes
                0x000000000000074d       0x32 /usr/lib/gcc/arm-none-eabi/10.3.1/../../../arm-none-eabi/lib/thumb/v7e-m+dp/hard/libc.a(lib_a-sbrkr.o)
 .ARM.attributes
                0x000000000000077f       0x32 /usr/lib/gcc/arm-none-eabi/10.3.1/../../../arm-none-eabi/lib/thumb/v7e-m+dp/hard/libc.a(lib_a-freer.o)
 .ARM.attributes
                0x00000000000007b1       0x32 /usr/lib/gcc/arm-none-eabi/10.3.1/../../../arm-none-eabi/lib/thumb/v7e-m+dp/hard/libnosys.a(getpid.o)
 .ARM.attributes
                0x00000000000007e3       0x32 /usr/lib/gcc/arm-none-eabi/10.3.1/../../../arm-none-eabi/lib/thumb/v7e-m+dp/hard/libnosys.a(kill.o)
 .ARM.attributes
                0x0000000000000815       0x32 /usr/lib/gcc/arm-none-eabi/10.3.1/../../../arm-none-eabi/lib/thumb/v7e-m+dp/hard/libnosys.a(sbrk.o)
 .ARM.attributes
                0x0000000000000847       0x32 /usr/lib/gcc/arm-none-eabi/10.3.1/../../../arm-none-eabi/lib/thumb/v7e-m+dp/hard/libnosys.a(_exit.o)
 .ARM.attributes
                0x0000000000000879       0x30 /usr/lib/gcc/arm-none-eabi/10.3.1/thumb/v7e-m+dp/hard/crtend.o
 .ARM.attributes
                0x00000000000008a9       0x1e /usr/lib/gcc/arm-none-eabi/10.3.1/thumb/v7e-m+dp/hard/crtn.o
OUTPUT(build/Firmware.elf elf32-littlearm)
LOAD linker stubs
LOAD /usr/lib/gcc/arm-none-eabi/10.3.1/../../../arm-none-eabi/lib/thumb/v7e-m+dp/hard/libc.a
LOAD /usr/lib/gcc/arm-none-eabi/10.3.1/../../../arm-none-eabi/lib/thumb/v7e-m+dp/hard/libm.a
LOAD /usr/lib/gcc/arm-none-eabi/10.3.1/thumb/v7e-m+dp/hard/libgcc.a

.comment        0x0000000000000000       0x33
 .comment       0x0000000000000000       0x33 /usr/lib/gcc/arm-none-eabi/10.3.1/thumb/v7e-m+dp/hard/crtbegin.o
                                         0x34 (size before relaxing)
 .comment       0x0000000000000033       0x34 build/stm32h7xx_it.o
 .comment       0x0000000000000033       0x34 build/stm32h7xx_hal_msp.o
 .comment       0x0000000000000033       0x34 build/stm32h7xx_hal_timebase_tim.o
 .comment       0x0000000000000033       0x34 build/stm32h7xx_hal_cortex.o
 .comment       0x0000000000000033       0x34 build/stm32h7xx_hal_rcc.o
 .comment       0x0000000000000033       0x34 build/stm32h7xx_hal_gpio.o
 .comment       0x0000000000000033       0x34 build/stm32h7xx_hal_pwr_ex.o
 .comment       0x0000000000000033       0x34 build/stm32h7xx_hal.o
 .comment       0x0000000000000033       0x34 build/stm32h7xx_hal_tim.o
 .comment       0x0000000000000033       0x34 build/stm32h7xx_hal_tim_ex.o
 .comment       0x0000000000000033       0x34 build/system_stm32h7xx.o
 .comment       0x0000000000000033       0x34 build/list.o
 .comment       0x0000000000000033       0x34 build/queue.o
 .comment       0x0000000000000033       0x34 build/tasks.o
 .comment       0x0000000000000033       0x34 build/timers.o
 .comment       0x0000000000000033       0x34 build/cmsis_os2.o
 .comment       0x0000000000000033       0x34 build/heap_4.o
 .comment       0x0000000000000033       0x34 build/port.o
 .comment       0x0000000000000033       0x34 build/main.o
 .comment       0x0000000000000033       0x34 /usr/lib/gcc/arm-none-eabi/10.3.1/../../../arm-none-eabi/lib/thumb/v7e-m+dp/hard/libc.a(lib_a-atexit.o)
 .comment       0x0000000000000033       0x34 /usr/lib/gcc/arm-none-eabi/10.3.1/../../../arm-none-eabi/lib/thumb/v7e-m+dp/hard/libc.a(lib_a-fini.o)
 .comment       0x0000000000000033       0x34 /usr/lib/gcc/arm-none-eabi/10.3.1/../../../arm-none-eabi/lib/thumb/v7e-m+dp/hard/libc.a(lib_a-impure.o)
 .comment       0x0000000000000033       0x34 /usr/lib/gcc/arm-none-eabi/10.3.1/../../../arm-none-eabi/lib/thumb/v7e-m+dp/hard/libc.a(lib_a-init.o)
 .comment       0x0000000000000033       0x34 /usr/lib/gcc/arm-none-eabi/10.3.1/../../../arm-none-eabi/lib/thumb/v7e-m+dp/hard/libc.a(lib_a-memset.o)
 .comment       0x0000000000000033       0x34 /usr/lib/gcc/arm-none-eabi/10.3.1/../../../arm-none-eabi/lib/thumb/v7e-m+dp/hard/libc.a(lib_a-__atexit.o)
 .comment       0x0000000000000033       0x34 /usr/lib/gcc/arm-none-eabi/10.3.1/../../../arm-none-eabi/lib/thumb/v7e-m+dp/hard/libc.a(lib_a-__call_atexit.o)
 .comment       0x0000000000000033       0x34 /usr/lib/gcc/arm-none-eabi/10.3.1/thumb/v7e-m+dp/hard/libgcc.a(unwind-arm.o)
 .comment       0x0000000000000033       0x34 /usr/lib/gcc/arm-none-eabi/10.3.1/thumb/v7e-m+dp/hard/libgcc.a(pr-support.o)
 .comment       0x0000000000000033       0x34 /usr/lib/gcc/arm-none-eabi/10.3.1/../../../arm-none-eabi/lib/thumb/v7e-m+dp/hard/libc.a(lib_a-abort.o)
 .comment       0x0000000000000033       0x34 /usr/lib/gcc/arm-none-eabi/10.3.1/../../../arm-none-eabi/lib/thumb/v7e-m+dp/hard/libc.a(lib_a-signal.o)
 .comment       0x0000000000000033       0x34 /usr/lib/gcc/arm-none-eabi/10.3.1/../../../arm-none-eabi/lib/thumb/v7e-m+dp/hard/libc.a(lib_a-signalr.o)
 .comment       0x0000000000000033       0x34 /usr/lib/gcc/arm-none-eabi/10.3.1/../../../arm-none-eabi/lib/thumb/v7e-m+dp/hard/libc.a(lib_a-mallocr.o)
 .comment       0x0000000000000033       0x34 /usr/lib/gcc/arm-none-eabi/10.3.1/../../../arm-none-eabi/lib/thumb/v7e-m+dp/hard/libc.a(lib_a-mlock.o)
 .comment       0x0000000000000033       0x34 /usr/lib/gcc/arm-none-eabi/10.3.1/../../../arm-none-eabi/lib/thumb/v7e-m+dp/hard/libc.a(lib_a-reent.o)
 .comment       0x0000000000000033       0x34 /usr/lib/gcc/arm-none-eabi/10.3.1/../../../arm-none-eabi/lib/thumb/v7e-m+dp/hard/libc.a(lib_a-sbrkr.o)
 .comment       0x0000000000000033       0x34 /usr/lib/gcc/arm-none-eabi/10.3.1/../../../arm-none-eabi/lib/thumb/v7e-m+dp/hard/libc.a(lib_a-freer.o)
 .comment       0x0000000000000033       0x34 /usr/lib/gcc/arm-none-eabi/10.3.1/../../../arm-none-eabi/lib/thumb/v7e-m+dp/hard/libnosys.a(getpid.o)
 .comment       0x0000000000000033       0x34 /usr/lib/gcc/arm-none-eabi/10.3.1/../../../arm-none-eabi/lib/thumb/v7e-m+dp/hard/libnosys.a(kill.o)
 .comment       0x0000000000000033       0x34 /usr/lib/gcc/arm-none-eabi/10.3.1/../../../arm-none-eabi/lib/thumb/v7e-m+dp/hard/libnosys.a(sbrk.o)
 .comment       0x0000000000000033       0x34 /usr/lib/gcc/arm-none-eabi/10.3.1/../../../arm-none-eabi/lib/thumb/v7e-m+dp/hard/libnosys.a(_exit.o)
 .comment       0x0000000000000033       0x34 /usr/lib/gcc/arm-none-eabi/10.3.1/thumb/v7e-m+dp/hard/crtend.o

.debug_info     0x0000000000000000    0x2a3b3
 .debug_info    0x0000000000000000      0x8de build/stm32h7xx_it.o
 .debug_info    0x00000000000008de      0x8f5 build/stm32h7xx_hal_msp.o
 .debug_info    0x00000000000011d3     0x128c build/stm32h7xx_hal_timebase_tim.o
 .debug_info    0x000000000000245f     0x14e9 build/stm32h7xx_hal_cortex.o
 .debug_info    0x0000000000003948     0x125d build/stm32h7xx_hal_rcc.o
 .debug_info    0x0000000000004ba5      0xed8 build/stm32h7xx_hal_gpio.o
 .debug_info    0x0000000000005a7d     0x1135 build/stm32h7xx_hal_pwr_ex.o
 .debug_info    0x0000000000006bb2     0x1a73 build/stm32h7xx_hal.o
 .debug_info    0x0000000000008625     0x4314 build/stm32h7xx_hal_tim.o
 .debug_info    0x000000000000c939     0x2166 build/stm32h7xx_hal_tim_ex.o
 .debug_info    0x000000000000ea9f      0xca3 build/system_stm32h7xx.o
 .debug_info    0x000000000000f742      0x303 build/list.o
 .debug_info    0x000000000000fa45     0x2941 build/queue.o
 .debug_info    0x0000000000012386     0x331b build/tasks.o
 .debug_info    0x00000000000156a1     0x1bbb build/timers.o
 .debug_info    0x000000000001725c     0x5194 build/cmsis_os2.o
 .debug_info    0x000000000001c3f0      0x602 build/heap_4.o
 .debug_info    0x000000000001c9f2      0x5b0 build/port.o
 .debug_info    0x000000000001cfa2     0x336d build/main.o
 .debug_info    0x000000000002030f       0x22 build/startup_stm32h733xx.o
 .debug_info    0x0000000000020331      0x100 /usr/lib/gcc/arm-none-eabi/10.3.1/../../../arm-none-eabi/lib/thumb/v7e-m+dp/hard/libc.a(lib_a-atexit.o)
 .debug_info    0x0000000000020431      0x102 /usr/lib/gcc/arm-none-eabi/10.3.1/../../../arm-none-eabi/lib/thumb/v7e-m+dp/hard/libc.a(lib_a-fini.o)
 .debug_info    0x0000000000020533      0x92a /usr/lib/gcc/arm-none-eabi/10.3.1/../../../arm-none-eabi/lib/thumb/v7e-m+dp/hard/libc.a(lib_a-impure.o)
 .debug_info    0x0000000000020e5d      0x11a /usr/lib/gcc/arm-none-eabi/10.3.1/../../../arm-none-eabi/lib/thumb/v7e-m+dp/hard/libc.a(lib_a-init.o)
 .debug_info    0x0000000000020f77       0x26 /usr/lib/gcc/arm-none-eabi/10.3.1/../../../arm-none-eabi/lib/thumb/v7e-m+dp/hard/libc.a(lib_a-memcpy.o)
 .debug_info    0x0000000000020f9d      0x137 /usr/lib/gcc/arm-none-eabi/10.3.1/../../../arm-none-eabi/lib/thumb/v7e-m+dp/hard/libc.a(lib_a-memset.o)
 .debug_info    0x00000000000210d4      0x9b0 /usr/lib/gcc/arm-none-eabi/10.3.1/../../../arm-none-eabi/lib/thumb/v7e-m+dp/hard/libc.a(lib_a-__atexit.o)
 .debug_info    0x0000000000021a84      0xa3d /usr/lib/gcc/arm-none-eabi/10.3.1/../../../arm-none-eabi/lib/thumb/v7e-m+dp/hard/libc.a(lib_a-__call_atexit.o)
 .debug_info    0x00000000000224c1     0x1e0b /usr/lib/gcc/arm-none-eabi/10.3.1/thumb/v7e-m+dp/hard/libgcc.a(unwind-arm.o)
 .debug_info    0x00000000000242cc       0x26 /usr/lib/gcc/arm-none-eabi/10.3.1/thumb/v7e-m+dp/hard/libgcc.a(libunwind.o)
 .debug_info    0x00000000000242f2      0xa03 /usr/lib/gcc/arm-none-eabi/10.3.1/thumb/v7e-m+dp/hard/libgcc.a(pr-support.o)
 .debug_info    0x0000000000024cf5       0xcb /usr/lib/gcc/arm-none-eabi/10.3.1/../../../arm-none-eabi/lib/thumb/v7e-m+dp/hard/libc.a(lib_a-abort.o)
 .debug_info    0x0000000000024dc0      0xf32 /usr/lib/gcc/arm-none-eabi/10.3.1/../../../arm-none-eabi/lib/thumb/v7e-m+dp/hard/libc.a(lib_a-signal.o)
 .debug_info    0x0000000000025cf2      0x9d7 /usr/lib/gcc/arm-none-eabi/10.3.1/../../../arm-none-eabi/lib/thumb/v7e-m+dp/hard/libc.a(lib_a-signalr.o)
 .debug_info    0x00000000000266c9      0xe95 /usr/lib/gcc/arm-none-eabi/10.3.1/../../../arm-none-eabi/lib/thumb/v7e-m+dp/hard/libc.a(lib_a-mallocr.o)
 .debug_info    0x000000000002755e      0x942 /usr/lib/gcc/arm-none-eabi/10.3.1/../../../arm-none-eabi/lib/thumb/v7e-m+dp/hard/libc.a(lib_a-mlock.o)
 .debug_info    0x0000000000027ea0      0xbda /usr/lib/gcc/arm-none-eabi/10.3.1/../../../arm-none-eabi/lib/thumb/v7e-m+dp/hard/libc.a(lib_a-reent.o)
 .debug_info    0x0000000000028a7a      0x98e /usr/lib/gcc/arm-none-eabi/10.3.1/../../../arm-none-eabi/lib/thumb/v7e-m+dp/hard/libc.a(lib_a-sbrkr.o)
 .debug_info    0x0000000000029408      0xd10 /usr/lib/gcc/arm-none-eabi/10.3.1/../../../arm-none-eabi/lib/thumb/v7e-m+dp/hard/libc.a(lib_a-freer.o)
 .debug_info    0x000000000002a118       0x9c /usr/lib/gcc/arm-none-eabi/10.3.1/../../../arm-none-eabi/lib/thumb/v7e-m+dp/hard/libnosys.a(getpid.o)
 .debug_info    0x000000000002a1b4       0xbf /usr/lib/gcc/arm-none-eabi/10.3.1/../../../arm-none-eabi/lib/thumb/v7e-m+dp/hard/libnosys.a(kill.o)
 .debug_info    0x000000000002a273       0x9d /usr/lib/gcc/arm-none-eabi/10.3.1/../../../arm-none-eabi/lib/thumb/v7e-m+dp/hard/libnosys.a(sbrk.o)
 .debug_info    0x000000000002a310       0xa3 /usr/lib/gcc/arm-none-eabi/10.3.1/../../../arm-none-eabi/lib/thumb/v7e-m+dp/hard/libnosys.a(_exit.o)

.debug_abbrev   0x0000000000000000     0x5948
 .debug_abbrev  0x0000000000000000      0x17c build/stm32h7xx_it.o
 .debug_abbrev  0x000000000000017c      0x11c build/stm32h7xx_hal_msp.o
 .debug_abbrev  0x0000000000000298      0x211 build/stm32h7xx_hal_timebase_tim.o
 .debug_abbrev  0x00000000000004a9      0x395 build/stm32h7xx_hal_cortex.o
 .debug_abbrev  0x000000000000083e      0x27d build/stm32h7xx_hal_rcc.o
 .debug_abbrev  0x0000000000000abb      0x253 build/stm32h7xx_hal_gpio.o
 .debug_abbrev  0x0000000000000d0e      0x2b6 build/stm32h7xx_hal_pwr_ex.o
 .debug_abbrev  0x0000000000000fc4      0x26a build/stm32h7xx_hal.o
 .debug_abbrev  0x000000000000122e      0x289 build/stm32h7xx_hal_tim.o
 .debug_abbrev  0x00000000000014b7      0x29f build/stm32h7xx_hal_tim_ex.o
 .debug_abbrev  0x0000000000001756      0x12a build/system_stm32h7xx.o
 .debug_abbrev  0x0000000000001880      0x124 build/list.o
 .debug_abbrev  0x00000000000019a4      0x3c4 build/queue.o
 .debug_abbrev  0x0000000000001d68      0x387 build/tasks.o
 .debug_abbrev  0x00000000000020ef      0x366 build/timers.o
 .debug_abbrev  0x0000000000002455      0x559 build/cmsis_os2.o
 .debug_abbrev  0x00000000000029ae      0x269 build/heap_4.o
 .debug_abbrev  0x0000000000002c17      0x28a build/port.o
 .debug_abbrev  0x0000000000002ea1      0x4f1 build/main.o
 .debug_abbrev  0x0000000000003392       0x12 build/startup_stm32h733xx.o
 .debug_abbrev  0x00000000000033a4       0xb7 /usr/lib/gcc/arm-none-eabi/10.3.1/../../../arm-none-eabi/lib/thumb/v7e-m+dp/hard/libc.a(lib_a-atexit.o)
 .debug_abbrev  0x000000000000345b       0xcf /usr/lib/gcc/arm-none-eabi/10.3.1/../../../arm-none-eabi/lib/thumb/v7e-m+dp/hard/libc.a(lib_a-fini.o)
 .debug_abbrev  0x000000000000352a      0x1b8 /usr/lib/gcc/arm-none-eabi/10.3.1/../../../arm-none-eabi/lib/thumb/v7e-m+dp/hard/libc.a(lib_a-impure.o)
 .debug_abbrev  0x00000000000036e2       0xcc /usr/lib/gcc/arm-none-eabi/10.3.1/../../../arm-none-eabi/lib/thumb/v7e-m+dp/hard/libc.a(lib_a-init.o)
 .debug_abbrev  0x00000000000037ae       0x14 /usr/lib/gcc/arm-none-eabi/10.3.1/../../../arm-none-eabi/lib/thumb/v7e-m+dp/hard/libc.a(lib_a-memcpy.o)
 .debug_abbrev  0x00000000000037c2       0xb4 /usr/lib/gcc/arm-none-eabi/10.3.1/../../../arm-none-eabi/lib/thumb/v7e-m+dp/hard/libc.a(lib_a-memset.o)
 .debug_abbrev  0x0000000000003876      0x23f /usr/lib/gcc/arm-none-eabi/10.3.1/../../../arm-none-eabi/lib/thumb/v7e-m+dp/hard/libc.a(lib_a-__atexit.o)
 .debug_abbrev  0x0000000000003ab5      0x2b2 /usr/lib/gcc/arm-none-eabi/10.3.1/../../../arm-none-eabi/lib/thumb/v7e-m+dp/hard/libc.a(lib_a-__call_atexit.o)
 .debug_abbrev  0x0000000000003d67      0x46c /usr/lib/gcc/arm-none-eabi/10.3.1/thumb/v7e-m+dp/hard/libgcc.a(unwind-arm.o)
 .debug_abbrev  0x00000000000041d3       0x14 /usr/lib/gcc/arm-none-eabi/10.3.1/thumb/v7e-m+dp/hard/libgcc.a(libunwind.o)
 .debug_abbrev  0x00000000000041e7      0x2d3 /usr/lib/gcc/arm-none-eabi/10.3.1/thumb/v7e-m+dp/hard/libgcc.a(pr-support.o)
 .debug_abbrev  0x00000000000044ba       0x80 /usr/lib/gcc/arm-none-eabi/10.3.1/../../../arm-none-eabi/lib/thumb/v7e-m+dp/hard/libc.a(lib_a-abort.o)
 .debug_abbrev  0x000000000000453a      0x321 /usr/lib/gcc/arm-none-eabi/10.3.1/../../../arm-none-eabi/lib/thumb/v7e-m+dp/hard/libc.a(lib_a-signal.o)
 .debug_abbrev  0x000000000000485b      0x242 /usr/lib/gcc/arm-none-eabi/10.3.1/../../../arm-none-eabi/lib/thumb/v7e-m+dp/hard/libc.a(lib_a-signalr.o)
 .debug_abbrev  0x0000000000004a9d      0x2f6 /usr/lib/gcc/arm-none-eabi/10.3.1/../../../arm-none-eabi/lib/thumb/v7e-m+dp/hard/libc.a(lib_a-mallocr.o)
 .debug_abbrev  0x0000000000004d93      0x1f0 /usr/lib/gcc/arm-none-eabi/10.3.1/../../../arm-none-eabi/lib/thumb/v7e-m+dp/hard/libc.a(lib_a-mlock.o)
 .debug_abbrev  0x0000000000004f83      0x2f4 /usr/lib/gcc/arm-none-eabi/10.3.1/../../../arm-none-eabi/lib/thumb/v7e-m+dp/hard/libc.a(lib_a-reent.o)
 .debug_abbrev  0x0000000000005277      0x23d /usr/lib/gcc/arm-none-eabi/10.3.1/../../../arm-none-eabi/lib/thumb/v7e-m+dp/hard/libc.a(lib_a-sbrkr.o)
 .debug_abbrev  0x00000000000054b4      0x2b1 /usr/lib/gcc/arm-none-eabi/10.3.1/../../../arm-none-eabi/lib/thumb/v7e-m+dp/hard/libc.a(lib_a-freer.o)
 .debug_abbrev  0x0000000000005765       0x59 /usr/lib/gcc/arm-none-eabi/10.3.1/../../../arm-none-eabi/lib/thumb/v7e-m+dp/hard/libnosys.a(getpid.o)
 .debug_abbrev  0x00000000000057be       0x7e /usr/lib/gcc/arm-none-eabi/10.3.1/../../../arm-none-eabi/lib/thumb/v7e-m+dp/hard/libnosys.a(kill.o)
 .debug_abbrev  0x000000000000583c       0xa2 /usr/lib/gcc/arm-none-eabi/10.3.1/../../../arm-none-eabi/lib/thumb/v7e-m+dp/hard/libnosys.a(sbrk.o)
 .debug_abbrev  0x00000000000058de       0x6a /usr/lib/gcc/arm-none-eabi/10.3.1/../../../arm-none-eabi/lib/thumb/v7e-m+dp/hard/libnosys.a(_exit.o)

.debug_loc      0x0000000000000000    0x1c547
 .debug_loc     0x0000000000000000       0x20 build/stm32h7xx_it.o
 .debug_loc     0x0000000000000020       0x38 build/stm32h7xx_hal_msp.o
 .debug_loc     0x0000000000000058       0xcb build/stm32h7xx_hal_timebase_tim.o
 .debug_loc     0x0000000000000123      0x786 build/stm32h7xx_hal_cortex.o
 .debug_loc     0x00000000000008a9      0xa66 build/stm32h7xx_hal_rcc.o
 .debug_loc     0x000000000000130f      0x482 build/stm32h7xx_hal_gpio.o
 .debug_loc     0x0000000000001791      0x5ab build/stm32h7xx_hal_pwr_ex.o
 .debug_loc     0x0000000000001d3c      0x526 build/stm32h7xx_hal.o
 .debug_loc     0x0000000000002262     0x6278 build/stm32h7xx_hal_tim.o
 .debug_loc     0x00000000000084da     0x2b8e build/stm32h7xx_hal_tim_ex.o
 .debug_loc     0x000000000000b068      0x1d8 build/system_stm32h7xx.o
 .debug_loc     0x000000000000b240       0xe5 build/list.o
 .debug_loc     0x000000000000b325     0x1fa3 build/queue.o
 .debug_loc     0x000000000000d2c8     0x2c5f build/tasks.o
 .debug_loc     0x000000000000ff27     0x156d build/timers.o
 .debug_loc     0x0000000000011494     0x5c40 build/cmsis_os2.o
 .debug_loc     0x00000000000170d4      0x4e4 build/heap_4.o
 .debug_loc     0x00000000000175b8      0x1c0 build/port.o
 .debug_loc     0x0000000000017778      0x146 build/main.o
 .debug_loc     0x00000000000178be       0x32 /usr/lib/gcc/arm-none-eabi/10.3.1/../../../arm-none-eabi/lib/thumb/v7e-m+dp/hard/libc.a(lib_a-atexit.o)
 .debug_loc     0x00000000000178f0       0x68 /usr/lib/gcc/arm-none-eabi/10.3.1/../../../arm-none-eabi/lib/thumb/v7e-m+dp/hard/libc.a(lib_a-fini.o)
 .debug_loc     0x0000000000017958       0xba /usr/lib/gcc/arm-none-eabi/10.3.1/../../../arm-none-eabi/lib/thumb/v7e-m+dp/hard/libc.a(lib_a-init.o)
 .debug_loc     0x0000000000017a12      0x22c /usr/lib/gcc/arm-none-eabi/10.3.1/../../../arm-none-eabi/lib/thumb/v7e-m+dp/hard/libc.a(lib_a-memset.o)
 .debug_loc     0x0000000000017c3e      0x138 /usr/lib/gcc/arm-none-eabi/10.3.1/../../../arm-none-eabi/lib/thumb/v7e-m+dp/hard/libc.a(lib_a-__atexit.o)
 .debug_loc     0x0000000000017d76      0x1cc /usr/lib/gcc/arm-none-eabi/10.3.1/../../../arm-none-eabi/lib/thumb/v7e-m+dp/hard/libc.a(lib_a-__call_atexit.o)
 .debug_loc     0x0000000000017f42     0x1cef /usr/lib/gcc/arm-none-eabi/10.3.1/thumb/v7e-m+dp/hard/libgcc.a(unwind-arm.o)
 .debug_loc     0x0000000000019c31      0x64f /usr/lib/gcc/arm-none-eabi/10.3.1/thumb/v7e-m+dp/hard/libgcc.a(pr-support.o)
 .debug_loc     0x000000000001a280      0x967 /usr/lib/gcc/arm-none-eabi/10.3.1/../../../arm-none-eabi/lib/thumb/v7e-m+dp/hard/libc.a(lib_a-signal.o)
 .debug_loc     0x000000000001abe7       0xd0 /usr/lib/gcc/arm-none-eabi/10.3.1/../../../arm-none-eabi/lib/thumb/v7e-m+dp/hard/libc.a(lib_a-signalr.o)
 .debug_loc     0x000000000001acb7      0xea2 /usr/lib/gcc/arm-none-eabi/10.3.1/../../../arm-none-eabi/lib/thumb/v7e-m+dp/hard/libc.a(lib_a-mallocr.o)
 .debug_loc     0x000000000001bb59      0x23e /usr/lib/gcc/arm-none-eabi/10.3.1/../../../arm-none-eabi/lib/thumb/v7e-m+dp/hard/libc.a(lib_a-reent.o)
 .debug_loc     0x000000000001bd97       0x6c /usr/lib/gcc/arm-none-eabi/10.3.1/../../../arm-none-eabi/lib/thumb/v7e-m+dp/hard/libc.a(lib_a-sbrkr.o)
 .debug_loc     0x000000000001be03      0x6cc /usr/lib/gcc/arm-none-eabi/10.3.1/../../../arm-none-eabi/lib/thumb/v7e-m+dp/hard/libc.a(lib_a-freer.o)
 .debug_loc     0x000000000001c4cf       0x25 /usr/lib/gcc/arm-none-eabi/10.3.1/../../../arm-none-eabi/lib/thumb/v7e-m+dp/hard/libnosys.a(kill.o)
 .debug_loc     0x000000000001c4f4       0x3e /usr/lib/gcc/arm-none-eabi/10.3.1/../../../arm-none-eabi/lib/thumb/v7e-m+dp/hard/libnosys.a(sbrk.o)
 .debug_loc     0x000000000001c532       0x15 /usr/lib/gcc/arm-none-eabi/10.3.1/../../../arm-none-eabi/lib/thumb/v7e-m+dp/hard/libnosys.a(_exit.o)

.debug_aranges  0x0000000000000000     0x1640
 .debug_aranges
                0x0000000000000000       0x50 build/stm32h7xx_it.o
 .debug_aranges
                0x0000000000000050       0x20 build/stm32h7xx_hal_msp.o
 .debug_aranges
                0x0000000000000070       0x30 build/stm32h7xx_hal_timebase_tim.o
 .debug_aranges
                0x00000000000000a0       0xb0 build/stm32h7xx_hal_cortex.o
 .debug_aranges
                0x0000000000000150       0x88 build/stm32h7xx_hal_rcc.o
 .debug_aranges
                0x00000000000001d8       0x58 build/stm32h7xx_hal_gpio.o
 .debug_aranges
                0x0000000000000230      0x148 build/stm32h7xx_hal_pwr_ex.o
 .debug_aranges
                0x0000000000000378      0x1c8 build/stm32h7xx_hal.o
 .debug_aranges
                0x0000000000000540      0x3e0 build/stm32h7xx_hal_tim.o
 .debug_aranges
                0x0000000000000920      0x198 build/stm32h7xx_hal_tim_ex.o
 .debug_aranges
                0x0000000000000ab8       0x28 build/system_stm32h7xx.o
 .debug_aranges
                0x0000000000000ae0       0x40 build/list.o
 .debug_aranges
                0x0000000000000b20      0x158 build/queue.o
 .debug_aranges
                0x0000000000000c78      0x208 build/tasks.o
 .debug_aranges
                0x0000000000000e80       0xf0 build/timers.o
 .debug_aranges
                0x0000000000000f70      0x2a0 build/cmsis_os2.o
 .debug_aranges
                0x0000000000001210       0x58 build/heap_4.o
 .debug_aranges
                0x0000000000001268       0x80 build/port.o
 .debug_aranges
                0x00000000000012e8       0x48 build/main.o
 .debug_aranges
                0x0000000000001330       0x28 build/startup_stm32h733xx.o
 .debug_aranges
                0x0000000000001358       0x20 /usr/lib/gcc/arm-none-eabi/10.3.1/../../../arm-none-eabi/lib/thumb/v7e-m+dp/hard/libc.a(lib_a-atexit.o)
 .debug_aranges
                0x0000000000001378       0x20 /usr/lib/gcc/arm-none-eabi/10.3.1/../../../arm-none-eabi/lib/thumb/v7e-m+dp/hard/libc.a(lib_a-fini.o)
 .debug_aranges
                0x0000000000001398       0x18 /usr/lib/gcc/arm-none-eabi/10.3.1/../../../arm-none-eabi/lib/thumb/v7e-m+dp/hard/libc.a(lib_a-impure.o)
 .debug_aranges
                0x00000000000013b0       0x20 /usr/lib/gcc/arm-none-eabi/10.3.1/../../../arm-none-eabi/lib/thumb/v7e-m+dp/hard/libc.a(lib_a-init.o)
 .debug_aranges
                0x00000000000013d0       0x20 /usr/lib/gcc/arm-none-eabi/10.3.1/../../../arm-none-eabi/lib/thumb/v7e-m+dp/hard/libc.a(lib_a-memcpy.o)
 .debug_aranges
                0x00000000000013f0       0x20 /usr/lib/gcc/arm-none-eabi/10.3.1/../../../arm-none-eabi/lib/thumb/v7e-m+dp/hard/libc.a(lib_a-memset.o)
 .debug_aranges
                0x0000000000001410       0x20 /usr/lib/gcc/arm-none-eabi/10.3.1/../../../arm-none-eabi/lib/thumb/v7e-m+dp/hard/libc.a(lib_a-__atexit.o)
 .debug_aranges
                0x0000000000001430       0x28 /usr/lib/gcc/arm-none-eabi/10.3.1/../../../arm-none-eabi/lib/thumb/v7e-m+dp/hard/libc.a(lib_a-__call_atexit.o)
 .debug_aranges
                0x0000000000001458       0x20 /usr/lib/gcc/arm-none-eabi/10.3.1/thumb/v7e-m+dp/hard/libgcc.a(unwind-arm.o)
 .debug_aranges
                0x0000000000001478       0x20 /usr/lib/gcc/arm-none-eabi/10.3.1/thumb/v7e-m+dp/hard/libgcc.a(libunwind.o)
 .debug_aranges
                0x0000000000001498       0x28 /usr/lib/gcc/arm-none-eabi/10.3.1/thumb/v7e-m+dp/hard/libgcc.a(pr-support.o)
 .debug_aranges
                0x00000000000014c0       0x20 /usr/lib/gcc/arm-none-eabi/10.3.1/../../../arm-none-eabi/lib/thumb/v7e-m+dp/hard/libc.a(lib_a-abort.o)
 .debug_aranges
                0x00000000000014e0       0x20 /usr/lib/gcc/arm-none-eabi/10.3.1/../../../arm-none-eabi/lib/thumb/v7e-m+dp/hard/libc.a(lib_a-signal.o)
 .debug_aranges
                0x0000000000001500       0x20 /usr/lib/gcc/arm-none-eabi/10.3.1/../../../arm-none-eabi/lib/thumb/v7e-m+dp/hard/libc.a(lib_a-signalr.o)
 .debug_aranges
                0x0000000000001520       0x20 /usr/lib/gcc/arm-none-eabi/10.3.1/../../../arm-none-eabi/lib/thumb/v7e-m+dp/hard/libc.a(lib_a-mallocr.o)
 .debug_aranges
                0x0000000000001540       0x20 /usr/lib/gcc/arm-none-eabi/10.3.1/../../../arm-none-eabi/lib/thumb/v7e-m+dp/hard/libc.a(lib_a-mlock.o)
 .debug_aranges
                0x0000000000001560       0x20 /usr/lib/gcc/arm-none-eabi/10.3.1/../../../arm-none-eabi/lib/thumb/v7e-m+dp/hard/libc.a(lib_a-reent.o)
 .debug_aranges
                0x0000000000001580       0x20 /usr/lib/gcc/arm-none-eabi/10.3.1/../../../arm-none-eabi/lib/thumb/v7e-m+dp/hard/libc.a(lib_a-sbrkr.o)
 .debug_aranges
                0x00000000000015a0       0x20 /usr/lib/gcc/arm-none-eabi/10.3.1/../../../arm-none-eabi/lib/thumb/v7e-m+dp/hard/libc.a(lib_a-freer.o)
 .debug_aranges
                0x00000000000015c0       0x20 /usr/lib/gcc/arm-none-eabi/10.3.1/../../../arm-none-eabi/lib/thumb/v7e-m+dp/hard/libnosys.a(getpid.o)
 .debug_aranges
                0x00000000000015e0       0x20 /usr/lib/gcc/arm-none-eabi/10.3.1/../../../arm-none-eabi/lib/thumb/v7e-m+dp/hard/libnosys.a(kill.o)
 .debug_aranges
                0x0000000000001600       0x20 /usr/lib/gcc/arm-none-eabi/10.3.1/../../../arm-none-eabi/lib/thumb/v7e-m+dp/hard/libnosys.a(sbrk.o)
 .debug_aranges
                0x0000000000001620       0x20 /usr/lib/gcc/arm-none-eabi/10.3.1/../../../arm-none-eabi/lib/thumb/v7e-m+dp/hard/libnosys.a(_exit.o)

.debug_ranges   0x0000000000000000     0x1818
 .debug_ranges  0x0000000000000000       0x40 build/stm32h7xx_it.o
 .debug_ranges  0x0000000000000040       0x10 build/stm32h7xx_hal_msp.o
 .debug_ranges  0x0000000000000050       0x20 build/stm32h7xx_hal_timebase_tim.o
 .debug_ranges  0x0000000000000070      0x100 build/stm32h7xx_hal_cortex.o
 .debug_ranges  0x0000000000000170       0xe8 build/stm32h7xx_hal_rcc.o
 .debug_ranges  0x0000000000000258       0x48 build/stm32h7xx_hal_gpio.o
 .debug_ranges  0x00000000000002a0      0x198 build/stm32h7xx_hal_pwr_ex.o
 .debug_ranges  0x0000000000000438      0x1b8 build/stm32h7xx_hal.o
 .debug_ranges  0x00000000000005f0      0x3d0 build/stm32h7xx_hal_tim.o
 .debug_ranges  0x00000000000009c0      0x188 build/stm32h7xx_hal_tim_ex.o
 .debug_ranges  0x0000000000000b48       0x18 build/system_stm32h7xx.o
 .debug_ranges  0x0000000000000b60       0x30 build/list.o
 .debug_ranges  0x0000000000000b90      0x200 build/queue.o
 .debug_ranges  0x0000000000000d90      0x338 build/tasks.o
 .debug_ranges  0x00000000000010c8       0xe0 build/timers.o
 .debug_ranges  0x00000000000011a8      0x2a8 build/cmsis_os2.o
 .debug_ranges  0x0000000000001450       0x48 build/heap_4.o
 .debug_ranges  0x0000000000001498       0x88 build/port.o
 .debug_ranges  0x0000000000001520       0x38 build/main.o
 .debug_ranges  0x0000000000001558       0x20 build/startup_stm32h733xx.o
 .debug_ranges  0x0000000000001578       0x50 /usr/lib/gcc/arm-none-eabi/10.3.1/../../../arm-none-eabi/lib/thumb/v7e-m+dp/hard/libc.a(lib_a-__call_atexit.o)
 .debug_ranges  0x00000000000015c8      0x108 /usr/lib/gcc/arm-none-eabi/10.3.1/thumb/v7e-m+dp/hard/libgcc.a(unwind-arm.o)
 .debug_ranges  0x00000000000016d0       0x18 /usr/lib/gcc/arm-none-eabi/10.3.1/thumb/v7e-m+dp/hard/libgcc.a(pr-support.o)
 .debug_ranges  0x00000000000016e8       0xc8 /usr/lib/gcc/arm-none-eabi/10.3.1/../../../arm-none-eabi/lib/thumb/v7e-m+dp/hard/libc.a(lib_a-signal.o)
 .debug_ranges  0x00000000000017b0       0x50 /usr/lib/gcc/arm-none-eabi/10.3.1/../../../arm-none-eabi/lib/thumb/v7e-m+dp/hard/libc.a(lib_a-mallocr.o)
 .debug_ranges  0x0000000000001800       0x18 /usr/lib/gcc/arm-none-eabi/10.3.1/../../../arm-none-eabi/lib/thumb/v7e-m+dp/hard/libc.a(lib_a-reent.o)

.debug_line     0x0000000000000000    0x18115
 .debug_line    0x0000000000000000      0x1f4 build/stm32h7xx_it.o
 .debug_line    0x00000000000001f4      0x107 build/stm32h7xx_hal_msp.o
 .debug_line    0x00000000000002fb      0x231 build/stm32h7xx_hal_timebase_tim.o
 .debug_line    0x000000000000052c      0x6fe build/stm32h7xx_hal_cortex.o
 .debug_line    0x0000000000000c2a     0x116a build/stm32h7xx_hal_rcc.o
 .debug_line    0x0000000000001d94      0x61e build/stm32h7xx_hal_gpio.o
 .debug_line    0x00000000000023b2      0x922 build/stm32h7xx_hal_pwr_ex.o
 .debug_line    0x0000000000002cd4      0x8cb build/stm32h7xx_hal.o
 .debug_line    0x000000000000359f     0x505e build/stm32h7xx_hal_tim.o
 .debug_line    0x00000000000085fd     0x205a build/stm32h7xx_hal_tim_ex.o
 .debug_line    0x000000000000a657      0x367 build/system_stm32h7xx.o
 .debug_line    0x000000000000a9be      0x2d0 build/list.o
 .debug_line    0x000000000000ac8e     0x1f54 build/queue.o
 .debug_line    0x000000000000cbe2     0x2c79 build/tasks.o
 .debug_line    0x000000000000f85b      0xe31 build/timers.o
 .debug_line    0x000000000001068c     0x28f9 build/cmsis_os2.o
 .debug_line    0x0000000000012f85      0x651 build/heap_4.o
 .debug_line    0x00000000000135d6      0x681 build/port.o
 .debug_line    0x0000000000013c57      0x5d2 build/main.o
 .debug_line    0x0000000000014229       0x76 build/startup_stm32h733xx.o
 .debug_line    0x000000000001429f       0xc0 /usr/lib/gcc/arm-none-eabi/10.3.1/../../../arm-none-eabi/lib/thumb/v7e-m+dp/hard/libc.a(lib_a-atexit.o)
 .debug_line    0x000000000001435f       0xed /usr/lib/gcc/arm-none-eabi/10.3.1/../../../arm-none-eabi/lib/thumb/v7e-m+dp/hard/libc.a(lib_a-fini.o)
 .debug_line    0x000000000001444c       0xe4 /usr/lib/gcc/arm-none-eabi/10.3.1/../../../arm-none-eabi/lib/thumb/v7e-m+dp/hard/libc.a(lib_a-impure.o)
 .debug_line    0x0000000000014530      0x138 /usr/lib/gcc/arm-none-eabi/10.3.1/../../../arm-none-eabi/lib/thumb/v7e-m+dp/hard/libc.a(lib_a-init.o)
 .debug_line    0x0000000000014668       0xbe /usr/lib/gcc/arm-none-eabi/10.3.1/../../../arm-none-eabi/lib/thumb/v7e-m+dp/hard/libc.a(lib_a-memcpy.o)
 .debug_line    0x0000000000014726      0x1bf /usr/lib/gcc/arm-none-eabi/10.3.1/../../../arm-none-eabi/lib/thumb/v7e-m+dp/hard/libc.a(lib_a-memset.o)
 .debug_line    0x00000000000148e5      0x19e /usr/lib/gcc/arm-none-eabi/10.3.1/../../../arm-none-eabi/lib/thumb/v7e-m+dp/hard/libc.a(lib_a-__atexit.o)
 .debug_line    0x0000000000014a83      0x28d /usr/lib/gcc/arm-none-eabi/10.3.1/../../../arm-none-eabi/lib/thumb/v7e-m+dp/hard/libc.a(lib_a-__call_atexit.o)
 .debug_line    0x0000000000014d10     0x1023 /usr/lib/gcc/arm-none-eabi/10.3.1/thumb/v7e-m+dp/hard/libgcc.a(unwind-arm.o)
 .debug_line    0x0000000000015d33       0xad /usr/lib/gcc/arm-none-eabi/10.3.1/thumb/v7e-m+dp/hard/libgcc.a(libunwind.o)
 .debug_line    0x0000000000015de0      0x55e /usr/lib/gcc/arm-none-eabi/10.3.1/thumb/v7e-m+dp/hard/libgcc.a(pr-support.o)
 .debug_line    0x000000000001633e      0x109 /usr/lib/gcc/arm-none-eabi/10.3.1/../../../arm-none-eabi/lib/thumb/v7e-m+dp/hard/libc.a(lib_a-abort.o)
 .debug_line    0x0000000000016447      0x652 /usr/lib/gcc/arm-none-eabi/10.3.1/../../../arm-none-eabi/lib/thumb/v7e-m+dp/hard/libc.a(lib_a-signal.o)
 .debug_line    0x0000000000016a99      0x1aa /usr/lib/gcc/arm-none-eabi/10.3.1/../../../arm-none-eabi/lib/thumb/v7e-m+dp/hard/libc.a(lib_a-signalr.o)
 .debug_line    0x0000000000016c43      0x8bc /usr/lib/gcc/arm-none-eabi/10.3.1/../../../arm-none-eabi/lib/thumb/v7e-m+dp/hard/libc.a(lib_a-mallocr.o)
 .debug_line    0x00000000000174ff      0x13e /usr/lib/gcc/arm-none-eabi/10.3.1/../../../arm-none-eabi/lib/thumb/v7e-m+dp/hard/libc.a(lib_a-mlock.o)
 .debug_line    0x000000000001763d      0x28d /usr/lib/gcc/arm-none-eabi/10.3.1/../../../arm-none-eabi/lib/thumb/v7e-m+dp/hard/libc.a(lib_a-reent.o)
 .debug_line    0x00000000000178ca      0x183 /usr/lib/gcc/arm-none-eabi/10.3.1/../../../arm-none-eabi/lib/thumb/v7e-m+dp/hard/libc.a(lib_a-sbrkr.o)
 .debug_line    0x0000000000017a4d      0x4fb /usr/lib/gcc/arm-none-eabi/10.3.1/../../../arm-none-eabi/lib/thumb/v7e-m+dp/hard/libc.a(lib_a-freer.o)
 .debug_line    0x0000000000017f48       0x70 /usr/lib/gcc/arm-none-eabi/10.3.1/../../../arm-none-eabi/lib/thumb/v7e-m+dp/hard/libnosys.a(getpid.o)
 .debug_line    0x0000000000017fb8       0x6f /usr/lib/gcc/arm-none-eabi/10.3.1/../../../arm-none-eabi/lib/thumb/v7e-m+dp/hard/libnosys.a(kill.o)
 .debug_line    0x0000000000018027       0x79 /usr/lib/gcc/arm-none-eabi/10.3.1/../../../arm-none-eabi/lib/thumb/v7e-m+dp/hard/libnosys.a(sbrk.o)
 .debug_line    0x00000000000180a0       0x75 /usr/lib/gcc/arm-none-eabi/10.3.1/../../../arm-none-eabi/lib/thumb/v7e-m+dp/hard/libnosys.a(_exit.o)

.debug_str      0x0000000000000000     0xa12d
 .debug_str     0x0000000000000000      0x668 build/stm32h7xx_it.o
                                        0x859 (size before relaxing)
 .debug_str     0x0000000000000668      0xa18 build/stm32h7xx_hal_msp.o
                                        0xbe1 (size before relaxing)
 .debug_str     0x0000000000001080      0x196 build/stm32h7xx_hal_timebase_tim.o
                                       0x13ad (size before relaxing)
 .debug_str     0x0000000000001216      0x5a9 build/stm32h7xx_hal_cortex.o
                                        0xff1 (size before relaxing)
 .debug_str     0x00000000000017bf      0x45b build/stm32h7xx_hal_rcc.o
                                        0x979 (size before relaxing)
 .debug_str     0x0000000000001c1a      0x235 build/stm32h7xx_hal_gpio.o
                                        0x69e (size before relaxing)
 .debug_str     0x0000000000001e4f      0x52f build/stm32h7xx_hal_pwr_ex.o
                                        0x97d (size before relaxing)
 .debug_str     0x000000000000237e      0x726 build/stm32h7xx_hal.o
                                       0x1584 (size before relaxing)
 .debug_str     0x0000000000002aa4      0xf40 build/stm32h7xx_hal_tim.o
                                       0x17eb (size before relaxing)
 .debug_str     0x00000000000039e4      0x6f1 build/stm32h7xx_hal_tim_ex.o
                                       0x116c (size before relaxing)
 .debug_str     0x00000000000040d5       0x3d build/system_stm32h7xx.o
                                        0x666 (size before relaxing)
 .debug_str     0x0000000000004112      0x14d build/list.o
                                        0x2d3 (size before relaxing)
 .debug_str     0x000000000000425f      0xa21 build/queue.o
                                        0xcd6 (size before relaxing)
 .debug_str     0x0000000000004c80      0xc95 build/tasks.o
                                       0x12a3 (size before relaxing)
 .debug_str     0x0000000000005915      0x5d8 build/timers.o
                                        0xc0f (size before relaxing)
 .debug_str     0x0000000000005eed     0x10be build/cmsis_os2.o
                                       0x24fb (size before relaxing)
 .debug_str     0x0000000000006fab      0x2bf build/heap_4.o
                                        0x4d7 (size before relaxing)
 .debug_str     0x000000000000726a      0x17d build/port.o
                                        0x449 (size before relaxing)
 .debug_str     0x00000000000073e7     0x11af build/main.o
                                       0x2378 (size before relaxing)
 .debug_str     0x0000000000008596       0x22 build/startup_stm32h733xx.o
                                         0x44 (size before relaxing)
 .debug_str     0x00000000000085b8      0x14b /usr/lib/gcc/arm-none-eabi/10.3.1/../../../arm-none-eabi/lib/thumb/v7e-m+dp/hard/libc.a(lib_a-atexit.o)
                                        0x1e7 (size before relaxing)
 .debug_str     0x0000000000008703       0xc1 /usr/lib/gcc/arm-none-eabi/10.3.1/../../../arm-none-eabi/lib/thumb/v7e-m+dp/hard/libc.a(lib_a-fini.o)
                                        0x1df (size before relaxing)
 .debug_str     0x00000000000087c4      0x425 /usr/lib/gcc/arm-none-eabi/10.3.1/../../../arm-none-eabi/lib/thumb/v7e-m+dp/hard/libc.a(lib_a-impure.o)
                                        0x585 (size before relaxing)
 .debug_str     0x0000000000008be9       0x96 /usr/lib/gcc/arm-none-eabi/10.3.1/../../../arm-none-eabi/lib/thumb/v7e-m+dp/hard/libc.a(lib_a-init.o)
                                        0x209 (size before relaxing)
 .debug_str     0x0000000000008c7f       0xb1 /usr/lib/gcc/arm-none-eabi/10.3.1/../../../arm-none-eabi/lib/thumb/v7e-m+dp/hard/libc.a(lib_a-memcpy.o)
 .debug_str     0x0000000000008d30       0xa5 /usr/lib/gcc/arm-none-eabi/10.3.1/../../../arm-none-eabi/lib/thumb/v7e-m+dp/hard/libc.a(lib_a-memset.o)
                                        0x1be (size before relaxing)
 .debug_str     0x0000000000008dd5       0x36 /usr/lib/gcc/arm-none-eabi/10.3.1/../../../arm-none-eabi/lib/thumb/v7e-m+dp/hard/libc.a(lib_a-__atexit.o)
                                        0x5bf (size before relaxing)
 .debug_str     0x0000000000008e0b       0x8d /usr/lib/gcc/arm-none-eabi/10.3.1/../../../arm-none-eabi/lib/thumb/v7e-m+dp/hard/libc.a(lib_a-__call_atexit.o)
                                        0x5eb (size before relaxing)
 .debug_str     0x0000000000008e98      0xb3c /usr/lib/gcc/arm-none-eabi/10.3.1/thumb/v7e-m+dp/hard/libgcc.a(unwind-arm.o)
                                        0xc47 (size before relaxing)
 .debug_str     0x00000000000099d4       0x30 /usr/lib/gcc/arm-none-eabi/10.3.1/thumb/v7e-m+dp/hard/libgcc.a(libunwind.o)
                                         0xaa (size before relaxing)
 .debug_str     0x0000000000009a04       0xdf /usr/lib/gcc/arm-none-eabi/10.3.1/thumb/v7e-m+dp/hard/libgcc.a(pr-support.o)